Command: C:\Users\luisd\.espressif\python_env\idf5.5_py3.13_env\Scripts\python.exe C:\espressif\esp-idf-v5.5.3\tools/idf_monitor.py -p COM4 -b 115200 --toolchain-prefix xtensa-esp32s3-elf- --target esp32s3 --revision 0 C:\Personal\Codes\Code\C\esp-idf\EmbeddedSystemsRobotin\proyecto_micro_algas\build\proyecto_micro_algas.elf C:\Personal\Codes\Code\C\esp-idf\EmbeddedSystemsRobotin\proyecto_micro_algas\build\bootloader\bootloader.elf --force-color -m 'C:\Users\luisd\.espressif\python_env\idf5.5_py3.13_env\Scripts\python.exe' 'C:\espressif\esp-idf-v5.5.3\tools\idf.py'
ESP-ROM:esp32s3-20210327
Build:Mar 27 2021
rst:0x15 (USB_UART_CHIP_RESET),boot:0x2b (SPI_FAST_FLASH_BOOT)
Saved PC:0x40378fa6
SPIWP:0xee
mode:DIO, clock div:1
load:0x3fce2820,len:0x14f0
load:0x403c8700,len:0xd24
load:0x403cb700,len:0x2ef0
entry 0x403c8924
[0;32mI (24) boot: ESP-IDF v5.5.3-dirty 2nd stage bootloader[0m
[0;32mI (24) boot: compile time Mar 23 2026 20:56:51[0m
[0;32mI (25) boot: Multicore bootloader[0m
[0;32mI (25) boot: chip revision: v0.2[0m
[0;32mI (28) boot: efuse block revision: v1.3[0m
[0;32mI (32) boot.esp32s3: Boot SPI Speed : 80MHz[0m
[0;32mI (36) boot.esp32s3: SPI Mode       : DIO[0m
[0;32mI (39) boot.esp32s3: SPI Flash Size : 2MB[0m
[0;32mI (43) boot: Enabling RNG early entropy source...[0m
[0;32mI (48) boot: Partition Table:[0m
[0;32mI (50) boot: ## Label            Usage          Type ST Offset   Length[0m
[0;32mI (56) boot:  0 nvs              WiFi data        01 02 00009000 00006000[0m
[0;32mI (63) boot:  1 phy_init         RF data          01 01 0000f000 00001000[0m
[0;32mI (70) boot:  2 factory          factory app      00 00 00010000 00100000[0m
[0;32mI (76) boot: End of partition table[0m
[0;32mI (79) esp_image: segment 0: paddr=00010020 vaddr=3c030020 size=0e9d4h ( 59860) map[0m
[0;32mI (97) esp_image: segment 1: paddr=0001e9fc vaddr=3fc94600 size=0161ch (  5660) load[0m
[0;32mI (99) esp_image: segment 2: paddr=00020020 vaddr=42000020 size=24fdch (151516) map[0m
[0;32mI (128) esp_image: segment 3: paddr=00045004 vaddr=3fc95c1c size=01cf0h (  7408) load[0m
[0;32mI (130) esp_image: segment 4: paddr=00046cfc vaddr=40374000 size=105c8h ( 67016) load[0m
[0;32mI (147) esp_image: segment 5: paddr=000572cc vaddr=50000000 size=00020h (    32) load[0m
[0;32mI (154) boot: Loaded app from partition at offset 0x10000[0m
[0;32mI (154) boot: Disabling RNG early entropy source...[0m
[0;32mI (164) cpu_start: Multicore app[0m
[0;32mI (173) cpu_start: GPIO 44 and 43 are used as console UART I/O pins[0m
[0;32mI (174) cpu_start: Pro cpu start user code[0m
[0;32mI (174) cpu_start: cpu freq: 160000000 Hz[0m
[0;32mI (175) app_init: Application information:[0m
[0;32mI (179) app_init: Project name:     proyecto_micro_algas[0m
[0;32mI (184) app_init: App version:      f40cacc-dirty[0m
[0;32mI (188) app_init: Compile time:     Apr  1 2026 10:25:21[0m
[0;32mI (194) app_init: ELF file SHA256:  cefa3c2a4...[0m
[0;32mI (198) app_init: ESP-IDF:          v5.5.3-dirty[0m
[0;32mI (202) efuse_init: Min chip rev:     v0.0[0m
[0;32mI (206) efuse_init: Max chip rev:     v0.99 [0m
[0;32mI (210) efuse_init: Chip rev:         v0.2[0m
[0;32mI (214) heap_init: Initializing. RAM available for dynamic allocation:[0m
[0;32mI (220) heap_init: At 3FC987E0 len 00050F30 (323 KiB): RAM[0m
[0;32mI (225) heap_init: At 3FCE9710 len 00005724 (21 KiB): RAM[0m
[0;32mI (230) heap_init: At 3FCF0000 len 00008000 (32 KiB): DRAM[0m
[0;32mI (236) heap_init: At 600FE000 len 00001FE8 (7 KiB): RTCRAM[0m
[0;32mI (242) spi_flash: detected chip: gd[0m
[0;32mI (244) spi_flash: flash io: dio[0m
[0;33mW (247) spi_flash: Detected size(16384k) larger than the size in the binary image header(2048k). Using the size in the binary image header.[0m
[0;33mW (260) ADC: legacy driver is deprecated, please migrate to `esp_adc/adc_oneshot.h`[0m
[0;32mI (267) sleep_gpio: Configure to isolate all GPIO pins in sleep state[0m
[0;32mI (273) sleep_gpio: Enable automatic switching of GPIO sleep configuration[0m
[0;32mI (280) main_task: Started on CPU0[0m
[0;32mI (290) main_task: Calling app_main()[0m
[0;32mI (290) Pantalla_oled: Panalla oled iniciada[0m
[0;32mI (290) Sensor_de_luz: Sensor de luz iniciado[0m

[0;32mI (290) Sensor_de_luz: Luz recibida: 125.83 lux[0m
[0;32mI (300) sensor_temperatura: Sensor de temperatura inicializado[0m
V_ESP: 2.99 | V_Real: 4.51 | NTU: 0.00
[0;33mW (310) 1-wire.device: reset bus failed: no devices found[0m
[1;31mE (310) ds18b20: ds18b20_trigger_temperature_conversion(133): invalid argument[0m
[1;31mE (320) ds18b20: ds18b20_get_temperature(168): invalid argument[0m
[0;32mI (330) sensor_temperatura: Temperatura: 0.00[0m
[1;31mE (630) ds18b20: ds18b20_trigger_temperature_conversion(133): invalid argument[0m
[1;31mE (630) ds18b20: ds18b20_get_temperature(168): invalid argument[0m
[0;32mI (630) sensor_temperatura: Temperatura: 0.00[0m
[0;32mI (800) Pantalla_oled: caratula de turbidez iniciada[0m
[0;32mI (800) Sensor_de_luz: Luz recibida: 125.83 lux[0m
V_ESP: 3.01 | V_Real: 4.54 | NTU: 0.00
[1;31mE (940) ds18b20: ds18b20_trigger_temperature_conversion(133): invalid argument[0m
[1;31mE (940) ds18b20: ds18b20_get_temperature(168): invalid argument[0m
[0;32mI (940) sensor_temperatura: Temperatura: 0.00[0m
[0;32mI (1030) Pantalla_oled: caratula de turbidez iniciada[0m
[1;31mE (1250) ds18b20: ds18b20_trigger_temperature_conversion(133): invalid argument[0m
[1;31mE (1250) ds18b20: ds18b20_get_temperature(168): invalid argument[0m
[0;32mI (1250) sensor_temperatura: Temperatura: 0.00[0m
[0;32mI (1260) Pantalla_oled: caratula de turbidez iniciada[0m
[0;32mI (1300) Sensor_de_luz: Luz recibida: 125.83 lux[0m
V_ESP: 2.99 | V_Real: 4.52 | NTU: 0.00
[0;32mI (1490) Pantalla_oled: caratula de turbidez iniciada[0m
[1;31mE (1560) ds18b20: ds18b20_trigger_temperature_conversion(133): invalid argument[0m
[1;31mE (1560) ds18b20: ds18b20_get_temperature(168): invalid argument[0m
[0;32mI (1560) sensor_temperatura: Temperatura: 0.00[0m
[0;32mI (1720) Pantalla_oled: caratula de turbidez iniciada[0m
[0;32mI (1800) Sensor_de_luz: Luz recibida: 125.00 lux[0m
V_ESP: 3.00 | V_Real: 4.53 | NTU: 0.00
[1;31mE (1870) ds18b20: ds18b20_trigger_temperature_conversion(133): invalid argument[0m
[1;31mE (1870) ds18b20: ds18b20_get_temperature(168): invalid argument[0m
[0;32mI (1870) sensor_temperatura: Temperatura: 0.00[0m
[0;32mI (1950) Pantalla_oled: caratula de turbidez iniciada[0m
[0;32mI (2180) Pantalla_oled: caratula de turbidez iniciada[0m
[1;31mE (2180) ds18b20: ds18b20_trigger_temperature_conversion(133): invalid argument[0m
[1;31mE (2180) ds18b20: ds18b20_get_temperature(168): invalid argument[0m
[0;32mI (2180) sensor_temperatura: Temperatura: 0.00[0m
[0;32mI (2300) Sensor_de_luz: Luz recibida: 124.17 lux[0m
V_ESP: 3.00 | V_Real: 4.53 | NTU: 0.00
[0;32mI (2410) Pantalla_oled: caratula de turbidez iniciada[0m
[1;31mE (2490) ds18b20: ds18b20_trigger_temperature_conversion(133): invalid argument[0m
[1;31mE (2490) ds18b20: ds18b20_get_temperature(168): invalid argument[0m
[0;32mI (2490) sensor_temperatura: Temperatura: 0.00[0m
[0;32mI (2640) Pantalla_oled: caratula de turbidez iniciada[0m
[0;32mI (2800) Sensor_de_luz: Luz recibida: 122.50 lux[0m
[1;31mE (2800) ds18b20: ds18b20_trigger_temperature_conversion(133): invalid argument[0m
[1;31mE (2800) ds18b20: ds18b20_get_temperature(168): invalid argument[0m
[0;32mI (2800) sensor_temperatura: Temperatura: 0.00[0m
V_ESP: 3.00 | V_Real: 4.53 | NTU: 0.00
[0;32mI (2870) Pantalla_oled: caratula de turbidez iniciada[0m
[0;32mI (3100) Pantalla_oled: caratula de turbidez iniciada[0m
[1;31mE (3110) ds18b20: ds18b20_trigger_temperature_conversion(133): invalid argument[0m
[1;31mE (3110) ds18b20: ds18b20_get_temperature(168): invalid argument[0m
[0;32mI (3110) sensor_temperatura: Temperatura: 0.00[0m
[0;32mI (3300) Sensor_de_luz: Luz recibida: 121.67 lux[0m
V_ESP: 2.99 | V_Real: 4.52 | NTU: 0.00
[0;32mI (3330) Pantalla_oled: caratula de turbidez iniciada[0m
[1;31mE (3420) ds18b20: ds18b20_trigger_temperature_conversion(133): invalid argument[0m
[1;31mE (3420) ds18b20: ds18b20_get_temperature(168): invalid argument[0m
[0;32mI (3420) sensor_temperatura: Temperatura: 0.00[0m
[0;32mI (3560) Pantalla_oled: caratula de turbidez iniciada[0m
[1;31mE (3730) ds18b20: ds18b20_trigger_temperature_conversion(133): invalid argument[0m
[1;31mE (3730) ds18b20: ds18b20_get_temperature(168): invalid argument[0m
[0;32mI (3730) sensor_temperatura: Temperatura: 0.00[0m
[0;32mI (3790) Pantalla_oled: caratula de turbidez iniciada[0m
[0;32mI (3800) Sensor_de_luz: Luz recibida: 122.50 lux[0m
V_ESP: 2.99 | V_Real: 4.51 | NTU: 0.00
[0;32mI (4020) Pantalla_oled: caratula de turbidez iniciada[0m
[1;31mE (4040) ds18b20: ds18b20_trigger_temperature_conversion(133): invalid argument[0m
[1;31mE (4040) ds18b20: ds18b20_get_temperature(168): invalid argument[0m
[0;32mI (4040) sensor_temperatura: Temperatura: 0.00[0m
[0;32mI (4250) Pantalla_oled: caratula de turbidez iniciada[0m
[0;32mI (4300) Sensor_de_luz: Luz recibida: 122.50 lux[0m
V_ESP: 2.99 | V_Real: 4.52 | NTU: 0.00
[1;31mE (4350) ds18b20: ds18b20_trigger_temperature_conversion(133): invalid argument[0m
[1;31mE (4350) ds18b20: ds18b20_get_temperature(168): invalid argument[0m
[0;32mI (4350) sensor_temperatura: Temperatura: 0.00[0m
[0;32mI (4480) Pantalla_oled: caratula de turbidez iniciada[0m
[1;31mE (4660) ds18b20: ds18b20_trigger_temperature_conversion(133): invalid argument[0m
[1;31mE (4660) ds18b20: ds18b20_get_temperature(168): invalid argument[0m
[0;32mI (4660) sensor_temperatura: Temperatura: 0.00[0m
[0;32mI (4710) Pantalla_oled: caratula de turbidez iniciada[0m
[0;32mI (4800) Sensor_de_luz: Luz recibida: 122.50 lux[0m
V_ESP: 2.98 | V_Real: 4.51 | NTU: 0.00
[0;32mI (4940) Pantalla_oled: caratula de turbidez iniciada[0m
[1;31mE (4970) ds18b20: ds18b20_trigger_temperature_conversion(133): invalid argument[0m
[1;31mE (4970) ds18b20: ds18b20_get_temperature(168): invalid argument[0m
[0;32mI (4970) sensor_temperatura: Temperatura: 0.00[0m
[0;32mI (5170) Pantalla_oled: caratula de turbidez iniciada[0m
[1;31mE (5280) ds18b20: ds18b20_trigger_temperature_conversion(133): invalid argument[0m
[1;31mE (5280) ds18b20: ds18b20_get_temperature(168): invalid argument[0m
[0;32mI (5280) sensor_temperatura: Temperatura: 0.00[0m
[0;32mI (5300) Sensor_de_luz: Luz recibida: 120.00 lux[0m
V_ESP: 2.97 | V_Real: 4.49 | NTU: 0.00
[0;32mI (5400) Pantalla_oled: caratula de turbidez iniciada[0m
[1;31mE (5590) ds18b20: ds18b20_trigger_temperature_conversion(133): invalid argument[0m
[1;31mE (5590) ds18b20: ds18b20_get_temperature(168): invalid argument[0m
[0;32mI (5590) sensor_temperatura: Temperatura: 0.00[0m
[0;32mI (5630) Pantalla_oled: caratula de turbidez iniciada[0m
[0;32mI (5800) Sensor_de_luz: Luz recibida: 120.00 lux[0m
V_ESP: 3.00 | V_Real: 4.53 | NTU: 0.00
