Command: C:\Users\luisd\.espressif\python_env\idf5.5_py3.13_env\Scripts\python.exe C:\espressif\esp-idf-v5.5.3\tools/idf_monitor.py -p COM4 -b 115200 --toolchain-prefix xtensa-esp32s3-elf- --target esp32s3 --revision 0 C:\Personal\Codes\Code\C\esp-idf\EmbeddedSystemsRobotin\proyecto_micro_algas\build\proyecto_micro_algas.elf C:\Personal\Codes\Code\C\esp-idf\EmbeddedSystemsRobotin\proyecto_micro_algas\build\bootloader\bootloader.elf --force-color -m 'C:\Users\luisd\.espressif\python_env\idf5.5_py3.13_env\Scripts\python.exe' 'C:\espressif\esp-idf-v5.5.3\tools\idf.py'
ESP-ROM:esp32s3-20210327
Build:Mar 27 2021
rst:0x15 (USB_UART_CHIP_RESET),boot:0xb (SPI_FAST_FLASH_BOOT)
Saved PC:0x40377d72
SPIWP:0xee
mode:DIO, clock div:1
load:0x3fce2820,len:0x14f0
load:0x403c8700,len:0xd24
load:0x403cb700,len:0x2ef0
entry 0x403c8924
[0;32mI (24) boot: ESP-IDF v5.5.3-dirty 2nd stage bootloader[0m
[0;32mI (24) boot: compile time Mar 23 2026 20:56:51[0m
[0;32mI (25) boot: Multicore bootloader[0m
[0;32mI (25) boot: chip revision: v0.2[0m
[0;32mI (28) boot: efuse block revision: v1.3[0m
[0;32mI (32) boot.esp32s3: Boot SPI Speed : 80MHz[0m
[0;32mI (35) boot.esp32s3: SPI Mode       : DIO[0m
[0;32mI (39) boot.esp32s3: SPI Flash Size : 2MB[0m
[0;32mI (43) boot: Enabling RNG early entropy source...[0m
[0;32mI (47) boot: Partition Table:[0m
[0;32mI (50) boot: ## Label            Usage          Type ST Offset   Length[0m
[0;32mI (56) boot:  0 nvs              WiFi data        01 02 00009000 00006000[0m
[0;32mI (63) boot:  1 phy_init         RF data          01 01 0000f000 00001000[0m
[0;32mI (69) boot:  2 factory          factory app      00 00 00010000 00100000[0m
[0;32mI (76) boot: End of partition table[0m
[0;32mI (79) esp_image: segment 0: paddr=00010020 vaddr=3c020020 size=0c340h ( 49984) map[0m
[0;32mI (95) esp_image: segment 1: paddr=0001c368 vaddr=3fc92a00 size=02fa0h ( 12192) load[0m
[0;32mI (98) esp_image: segment 2: paddr=0001f310 vaddr=40374000 size=00d08h (  3336) load[0m
[0;32mI (102) esp_image: segment 3: paddr=00020020 vaddr=42000020 size=1ee78h (126584) map[0m
[0;32mI (131) esp_image: segment 4: paddr=0003eea0 vaddr=40374d08 size=0dc90h ( 56464) load[0m
[0;32mI (144) esp_image: segment 5: paddr=0004cb38 vaddr=50000000 size=00020h (    32) load[0m
[0;32mI (150) boot: Loaded app from partition at offset 0x10000[0m
[0;32mI (150) boot: Disabling RNG early entropy source...[0m
[0;32mI (162) cpu_start: Multicore app[0m
[0;32mI (170) cpu_start: GPIO 44 and 43 are used as console UART I/O pins[0m
[0;32mI (171) cpu_start: Pro cpu start user code[0m
[0;32mI (171) cpu_start: cpu freq: 160000000 Hz[0m
[0;32mI (173) app_init: Application information:[0m
[0;32mI (176) app_init: Project name:     proyecto_micro_algas[0m
[0;32mI (181) app_init: App version:      8f6b2ea-dirty[0m
[0;32mI (186) app_init: Compile time:     Mar 31 2026 17:26:34[0m
[0;32mI (191) app_init: ELF file SHA256:  07fab02c3...[0m
[0;32mI (195) app_init: ESP-IDF:          v5.5.3-dirty[0m
[0;32mI (200) efuse_init: Min chip rev:     v0.0[0m
[0;32mI (203) efuse_init: Max chip rev:     v0.99 [0m
[0;32mI (207) efuse_init: Chip rev:         v0.2[0m
[0;32mI (211) heap_init: Initializing. RAM available for dynamic allocation:[0m
[0;32mI (218) heap_init: At 3FC96838 len 00052ED8 (331 KiB): RAM[0m
[0;32mI (223) heap_init: At 3FCE9710 len 00005724 (21 KiB): RAM[0m
[0;32mI (228) heap_init: At 3FCF0000 len 00008000 (32 KiB): DRAM[0m
[0;32mI (233) heap_init: At 600FE000 len 00001FE8 (7 KiB): RTCRAM[0m
[0;32mI (239) spi_flash: detected chip: gd[0m
[0;32mI (242) spi_flash: flash io: dio[0m
[0;33mW (245) spi_flash: Detected size(16384k) larger than the size in the binary image header(2048k). Using the size in the binary image header.[0m
[0;33mW (257) ADC: legacy driver is deprecated, please migrate to `esp_adc/adc_oneshot.h`[0m
[0;32mI (264) sleep_gpio: Configure to isolate all GPIO pins in sleep state[0m
[0;32mI (271) sleep_gpio: Enable automatic switching of GPIO sleep configuration[0m
[0;32mI (278) main_task: Started on CPU0[0m
[0;32mI (288) main_task: Calling app_main()[0m
[0;32mI (288) Pantalla_oled: Panalla oled iniciada[0m
[0;32mI (288) Sensor_de_luz: Sensor de luz iniciado[0m

[0;33mW (288) i2c.common: GPIO 11 is not usable, maybe conflict with others[0m
[0;33mW (298) i2c.common: GPIO 12 is not usable, maybe conflict with others[0m
[0;32mI (308) Sensor_de_luz: Luz recibida: 15.83[0m
V_ESP: 3.00 | V_Real: 4.52 | NTU: 0.00
[0;32mI (808) Sensor_de_luz: Luz recibida: 15.83[0m
V_ESP: 3.00 | V_Real: 4.53 | NTU: 0.00
[0;32mI (1308) Sensor_de_luz: Luz recibida: 15.83[0m
V_ESP: 3.00 | V_Real: 4.53 | NTU: 0.00
[0;32mI (1358) Pantalla_oled: caratula de luz iniciada[0m
[0;32mI (1808) Sensor_de_luz: Luz recibida: 15.83[0m
V_ESP: 3.00 | V_Real: 4.53 | NTU: 0.00
[0;32mI (2308) Sensor_de_luz: Luz recibida: 15.00[0m
V_ESP: 3.00 | V_Real: 4.53 | NTU: 0.00
[0;32mI (2808) Sensor_de_luz: Luz recibida: 15.83[0m
V_ESP: 3.00 | V_Real: 4.54 | NTU: 0.00
[0;32mI (3308) Sensor_de_luz: Luz recibida: 15.83[0m
V_ESP: 3.00 | V_Real: 4.54 | NTU: 0.00
[0;32mI (3808) Sensor_de_luz: Luz recibida: 15.83[0m
V_ESP: 3.00 | V_Real: 4.53 | NTU: 0.00
[0;32mI (4308) Sensor_de_luz: Luz recibida: 15.83[0m
V_ESP: 3.00 | V_Real: 4.53 | NTU: 0.00
[0;32mI (4508) Pantalla_oled: caratula de luz iniciada[0m
[0;32mI (4808) Sensor_de_luz: Luz recibida: 15.83[0m
V_ESP: 3.00 | V_Real: 4.52 | NTU: 0.00
[0;32mI (5308) Sensor_de_luz: Luz recibida: 15.00[0m
V_ESP: 3.00 | V_Real: 4.53 | NTU: 0.00
