Command: C:\Users\luisd\.espressif\python_env\idf5.5_py3.13_env\Scripts\python.exe C:\espressif\esp-idf-v5.5.3\tools/idf_monitor.py -p COM4 -b 115200 --toolchain-prefix xtensa-esp32s3-elf- --target esp32s3 --revision 0 C:\Personal\Codes\Code\C\esp-idf\EmbeddedSystemsRobotin\proyecto_micro_algas\build\proyecto_micro_algas.elf C:\Personal\Codes\Code\C\esp-idf\EmbeddedSystemsRobotin\proyecto_micro_algas\build\bootloader\bootloader.elf --force-color -m 'C:\Users\luisd\.espressif\python_env\idf5.5_py3.13_env\Scripts\python.exe' 'C:\espressif\esp-idf-v5.5.3\tools\idf.py'

abort() was called at PC 0x42010b07 on core 0


Backtrace: 0x4037a8c5:0x3fceb200 0x4037a88d:0x3fceb220 0x40381491:0x3fceb240 0x42010b07:0x3fceESP-ROM:esp32s3-20210327
Build:Mar 27 2021
rst:0x15 (USB_UART_CHIP_RESET),boot:0x2b (SPI_FAST_FLASH_BOOT)
Saved PC:0x4201f7f0
SPIWP:0xee
mode:DIO, clock div:1
load:0x3fce2820,len:0x14f0
load:0x403c8700,len:0xd24
load:0x403cb700,len:0x2ef0
entry 0x403c8924
[0;32mI (24) boot: ESP-IDF v5.5.3-dirty 2nd stage bootloader[0m
[0;32mI (24) boot: compile time Mar 23 2026 20:56:51[0m
[0;32mI (25) boot: Multicore bootloader[0m
[0;32mI (25) boot: chip revision: v0.2[0m
[0;32mI (28) boot: efuse block revision: v1.3[0m
[0;32mI (32) boot.esp32s3: Boot SPI Speed : 80MHz[0m
[0;32mI (36) boot.esp32s3: SPI Mode       : DIO[0m
[0;32mI (39) boot.esp32s3: SPI Flash Size : 2MB[0m
[0;32mI (43) boot: Enabling RNG early entropy source...[0m
[0;32mI (48) boot: Partition Table:[0m
[0;32mI (50) boot: ## Label            Usage          Type ST Offset   Length[0m
[0;32mI (56) boot:  0 nvs              WiFi data        01 02 00009000 00006000[0m
[0;32mI (63) boot:  1 phy_init         RF data          01 01 0000f000 00001000[0m
[0;32mI (70) boot:  2 factory          factory app      00 00 00010000 00100000[0m
[0;32mI (76) boot: End of partition table[0m
[0;32mI (79) esp_image: segment 0: paddr=00010020 vaddr=3c030020 size=0d33ch ( 54076) map[0m
[0;32mI (96) esp_image: segment 1: paddr=0001d364 vaddr=3fc93c00 size=02cb4h ( 11444) load[0m
[0;32mI (99) esp_image: segment 2: paddr=00020020 vaddr=42000020 size=20568h (132456) map[0m
[0;32mI (125) esp_image: segment 3: paddr=00040590 vaddr=3fc968b4 size=0030ch (   780) load[0m
[0;32mI (126) esp_image: segment 4: paddr=000408a4 vaddr=40374000 size=0fbc8h ( 64456) load[0m
[0;32mI (143) esp_image: segment 5: paddr=00050474 vaddr=50000000 size=00020h (    32) load[0m
[0;32mI (149) boot: Loaded app from partition at offset 0x10000[0m
[0;32mI (150) boot: Disabling RNG early entropy source...[0m
[0;32mI (160) cpu_start: Multicore app[0m
[0;32mI (169) cpu_start: GPIO 44 and 43 are used as console UART I/O pins[0m
[0;32mI (170) cpu_start: Pro cpu start user code[0m
[0;32mI (170) cpu_start: cpu freq: 160000000 Hz[0m
[0;32mI (171) app_init: Application information:[0m
[0;32mI (175) app_init: Project name:     proyecto_micro_algas[0m
[0;32mI (180) app_init: App version:      8f6b2ea-dirty[0m
[0;32mI (185) app_init: Compile time:     Mar 31 2026 17:26:34[0m
[0;32mI (190) app_init: ELF file SHA256:  36c82e18b...[0m
[0;32mI (194) app_init: ESP-IDF:          v5.5.3-dirty[0m
[0;32mI (198) efuse_init: Min chip rev:     v0.0[0m
[0;32mI (202) efuse_init: Max chip rev:     v0.99 [0m
[0;32mI (206) efuse_init: Chip rev:         v0.2[0m
[0;32mI (210) heap_init: Initializing. RAM available for dynamic allocation:[0m
[0;32mI (216) heap_init: At 3FC97960 len 00051DB0 (327 KiB): RAM[0m
[0;32mI (221) heap_init: At 3FCE9710 len 00005724 (21 KiB): RAM[0m
[0;32mI (226) heap_init: At 3FCF0000 len 00008000 (32 KiB): DRAM[0m
[0;32mI (232) heap_init: At 600FE000 len 00001FE8 (7 KiB): RTCRAM[0m
[0;32mI (238) spi_flash: detected chip: gd[0m
[0;32mI (240) spi_flash: flash io: dio[0m
[0;33mW (243) spi_flash: Detected size(16384k) larger than the size in the binary image header(2048k). Using the size in the binary image header.[0m
[1;31mE (255) i2c: CONFLICT! driver_ng is not allowed to be used with this old driver[0m

abort() was called at PC 0x42010b07 on core 0


Backtrace: 0x4037a8c5:0x3fceb200 0x4037a88d:0x3fceb220 0x40381491:0x3fceb240 0x42010b07:0x3fceb2b0 0x4200293b:0x3fceb2d0 0x42002a22:0x3fceb2f0 0x40375499:0x3fceb310 0x403ccc40:0x3fceb340 0x403cd085:0x3fceb380 0x403c898d:0x3fceb4b0 0x40045c01:0x3fceb570 0x40043ab6:0x3fceb6f0 0x40034c45:0x3fceb710




ELF file SHA256: 36c82e18b

Rebooting...
ESP-ROM:esp32s3-20210327
Build:Mar 27 2021
rst:0xc (RTC_SW_CPU_RST),boot:0x2b (SPI_FAST_FLASH_BOOT)
Saved PC:0x4037aa14
SPIWP:0xee
mode:DIO, clock div:1
load:0x3fce2820,len:0x14f0
load:0x403c8700,len:0xd24
load:0x403cb700,len:0x2ef0
entry 0x403c8924
[0;32mI (24) boot: ESP-IDF v5.5.3-dirty 2nd stage bootloader[0m
[0;32mI (24) boot: compile time Mar 23 2026 20:56:51[0m
[0;32mI (24) boot: Multicore bootloader[0m
[0;32mI (25) boot: chip revision: v0.2[0m
[0;32mI (28) boot: efuse block revision: v1.3[0m
[0;32mI (31) boot.esp32s3: Boot SPI Speed : 80MHz[0m
[0;32mI (35) boot.esp32s3: SPI Mode       : DIO[0m
[0;32mI (39) boot.esp32s3: SPI Flash Size : 2MB[0m
[0;32mI (43) boot: Enabling RNG early entropy source...[0m
[0;32mI (47) boot: Partition Table:[0m
[0;32mI (50) boot: ## Label            Usage          Type ST Offset   Length[0m
[0;32mI (56) boot:  0 nvs              WiFi data        01 02 00009000 00006000[0m
[0;32mI (62) boot:  1 phy_init         RF data          01 01 0000f000 00001000[0m
[0;32mI (69) boot:  2 factory          factory app      00 00 00010000 00100000[0m
[0;32mI (76) boot: End of partition table[0m
[0;32mI (79) esp_image: segment 0: paddr=00010020 vaddr=3c030020 size=0d33ch ( 54076) map[0m
[0;32mI (96) esp_image: segment 1: paddr=0001d364 vaddr=3fc93c00 size=02cb4h ( 11444) load[0m
[0;32mI (99) esp_image: segment 2: paddr=00020020 vaddr=42000020 size=20568h (132456) map[0m
[0;32mI (124) esp_image: segment 3: paddr=00040590 vaddr=3fc968b4 size=0030ch (   780) load[0m
[0;32mI (125) esp_image: segment 4: paddr=000408a4 vaddr=40374000 size=0fbc8h ( 64456) load[0m
[0;32mI (142) esp_image: segment 5: paddr=00050474 vaddr=50000000 size=00020h (    32) load[0m
[0;32mI (149) boot: Loaded app from partition at offset 0x10000[0m
[0;32mI (149) boot: Disabling RNG early entropy source...[0m
[0;32mI (160) cpu_start: Multicore app[0m
[0;32mI (168) cpu_start: GPIO 44 and 43 are used as console UART I/O pins[0m
[0;32mI (169) cpu_start: Pro cpu start user code[0m
[0;32mI (169) cpu_start: cpu freq: 160000000 Hz[0m
[0;32mI (171) app_init: Application information:[0m
[0;32mI (175) app_init: Project name:     proyecto_micro_algas[0m
[0;32mI (180) app_init: App version:      8f6b2ea-dirty[0m
[0;32mI (184) app_init: Compile time:     Mar 31 2026 17:26:34[0m
[0;32mI (189) app_init: ELF file SHA256:  36c82e18b...[0m
[0;32mI (193) app_init: ESP-IDF:          v5.5.3-dirty[0m
[0;32mI (198) efuse_init: Min chip rev:     v0.0[0m
[0;32mI (202) efuse_init: Max chip rev:     v0.99 [0m
[0;32mI (206) efuse_init: Chip rev:         v0.2[0m
[0;32mI (209) heap_init: Initializing. RAM available for dynamic allocation:[0m
[0;32mI (216) heap_init: At 3FC97960 len 00051DB0 (327 KiB): RAM[0m
[0;32mI (221) heap_init: At 3FCE9710 len 00005724 (21 KiB): RAM[0m
[0;32mI (226) heap_init: At 3FCF0000 len 00008000 (32 KiB): DRAM[0m
[0;32mI (231) heap_init: At 600FE000 len 00001FE8 (7 KiB): RTCRAM[0m
[0;32mI (237) spi_flash: detected chip: gd[0m
[0;32mI (240) spi_flash: flash io: dio[0m
[0;33mW (243) spi_flash: Detected size(16384k) larger than the size in the binary image header(2048k). Using the size in the binary image header.[0m
[1;31mE (255) i2c: CONFLICT! driver_ng is not allowed to be used with this old driver[0m

abort() was called at PC 0x42010b07 on core 0


Backtrace: 0x4037a8c5:0x3fceb200 0x4037a88d:0x3fceb220 0x40381491:0x3fceb240 0x42010b07:0x3fceb2b0 0x4200293b:0x3fceb2d0 0x42002a22:0x3fceb2f0 0x40375499:0x3fceb310 0x403ccc40:0x3fceb340 0x403cd085:0x3fceb380 0x403c898d:0x3fceb4b0 0x40045c01:0x3fceb570 0x40043ab6:0x3fceb6f0 0x40034c45:0x3fceb710




ELF file SHA256: 36c82e18b

Rebooting...
ESP-ROM:esp32s3-20210327
Build:Mar 27 2021
rst:0xc (RTC_SW_CPU_RST),boot:0x2b (SPI_FAST_FLASH_BOOT)
Saved PC:0x4037aa14
SPIWP:0xee
mode:DIO, clock div:1
load:0x3fce2820,len:0x14f0
load:0x403c8700,len:0xd24
load:0x403cb700,len:0x2ef0
entry 0x403c8924
[0;32mI (24) boot: ESP-IDF v5.5.3-dirty 2nd stage bootloader[0m
[0;32mI (24) boot: compile time Mar 23 2026 20:56:51[0m
[0;32mI (24) boot: Multicore bootloader[0m
[0;32mI (25) boot: chip revision: v0.2[0m
[0;32mI (28) boot: efuse block revision: v1.3[0m
[0;32mI (31) boot.esp32s3: Boot SPI Speed : 80MHz[0m
[0;32mI (35) boot.esp32s3: SPI Mode       : DIO[0m
[0;32mI (39) boot.esp32s3: SPI Flash Size : 2MB[0m
[0;32mI (43) boot: Enabling RNG early entropy source...[0m
[0;32mI (47) boot: Partition Table:[0m
[0;32mI (50) boot: ## Label            Usage          Type ST Offset   Length[0m
[0;32mI (56) boot:  0 nvs              WiFi data        01 02 00009000 00006000[0m
[0;32mI (62) boot:  1 phy_init         RF data          01 01 0000f000 00001000[0m
[0;32mI (69) boot:  2 factory          factory app      00 00 00010000 00100000[0m
[0;32mI (76) boot: End of partition table[0m
[0;32mI (79) esp_image: segment 0: paddr=00010020 vaddr=3c030020 size=0d33ch ( 54076) map[0m
[0;32mI (96) esp_image: segment 1: paddr=0001d364 vaddr=3fc93c00 size=02cb4h ( 11444) load[0m
[0;32mI (99) esp_image: segment 2: paddr=00020020 vaddr=42000020 size=20568h (132456) map[0m
[0;32mI (124) esp_image: segment 3: paddr=00040590 vaddr=3fc968b4 size=0030ch (   780) load[0m
[0;32mI (125) esp_image: segment 4: paddr=000408a4 vaddr=40374000 size=0fbc8h ( 64456) load[0m
[0;32mI (142) esp_image: segment 5: paddr=00050474 vaddr=50000000 size=00020h (    32) load[0m
[0;32mI (149) boot: Loaded app from partition at offset 0x10000[0m
[0;32mI (149) boot: Disabling RNG early entropy source...[0m
[0;32mI (160) cpu_start: Multicore app[0m
[0;32mI (168) cpu_start: GPIO 44 and 43 are used as console UART I/O pins[0m
[0;32mI (169) cpu_start: Pro cpu start user code[0m
[0;32mI (169) cpu_start: cpu freq: 160000000 Hz[0m
[0;32mI (171) app_init: Application information:[0m
[0;32mI (175) app_init: Project name:     proyecto_micro_algas[0m
[0;32mI (180) app_init: App version:      8f6b2ea-dirty[0m
[0;32mI (184) app_init: Compile time:     Mar 31 2026 17:26:34[0m
[0;32mI (189) app_init: ELF file SHA256:  36c82e18b...[0m
[0;32mI (193) app_init: ESP-IDF:          v5.5.3-dirty[0m
[0;32mI (198) efuse_init: Min chip rev:     v0.0[0m
[0;32mI (202) efuse_init: Max chip rev:     v0.99 [0m
[0;32mI (206) efuse_init: Chip rev:         v0.2[0m
[0;32mI (209) heap_init: Initializing. RAM available for dynamic allocation:[0m
[0;32mI (216) heap_init: At 3FC97960 len 00051DB0 (327 KiB): RAM[0m
[0;32mI (221) heap_init: At 3FCE9710 len 00005724 (21 KiB): RAM[0m
[0;32mI (226) heap_init: At 3FCF0000 len 00008000 (32 KiB): DRAM[0m
[0;32mI (231) heap_init: At 600FE000 len 00001FE8 (7 KiB): RTCRAM[0m
[0;32mI (237) spi_flash: detected chip: gd[0m
[0;32mI (240) spi_flash: flash io: dio[0m
[0;33mW (243) spi_flash: Detected size(16384k) larger than the size in the binary image header(2048k). Using the size in the binary image header.[0m
[1;31mE (255) i2c: CONFLICT! driver_ng is not allowed to be used with this old driver[0m

abort() was called at PC 0x42010b07 on core 0


Backtrace: 0x4037a8c5:0x3fceb200 0x4037a88d:0x3fceb220 0x40381491:0x3fceb240 0x42010b07:0x3fceb2b0 0x4200293b:0x3fceb2d0 0x42002a22:0x3fceb2f0 0x40375499:0x3fceb310 0x403ccc40:0x3fceb340 0x403cd085:0x3fceb380 0x403c898d:0x3fceb4b0 0x40045c01:0x3fceb570 0x40043ab6:0x3fceb6f0 0x40034c45:0x3fceb710




ELF file SHA256: 36c82e18b

Rebooting...
ESP-ROM:esp32s3-20210327
Build:Mar 27 2021
rst:0xc (RTC_SW_CPU_RST),boot:0x2b (SPI_FAST_FLASH_BOOT)
Saved PC:0x4037aa14
SPIWP:0xee
mode:DIO, clock div:1
load:0x3fce2820,len:0x14f0
load:0x403c8700,len:0xd24
load:0x403cb700,len:0x2ef0
entry 0x403c8924
[0;32mI (24) boot: ESP-IDF v5.5.3-dirty 2nd stage bootloader[0m
[0;32mI (24) boot: compile time Mar 23 2026 20:56:51[0m
[0;32mI (24) boot: Multicore bootloader[0m
[0;32mI (25) boot: chip revision: v0.2[0m
[0;32mI (28) boot: efuse block revision: v1.3[0m
[0;32mI (31) boot.esp32s3: Boot SPI Speed : 80MHz[0m
[0;32mI (35) boot.esp32s3: SPI Mode       : DIO[0m
[0;32mI (39) boot.esp32s3: SPI Flash Size : 2MB[0m
[0;32mI (43) boot: Enabling RNG early entropy source...[0m
[0;32mI (47) boot: Partition Table:[0m
[0;32mI (50) boot: ## Label            Usage          Type ST Offset   Length[0m
[0;32mI (56) boot:  0 nvs              WiFi data        01 02 00009000 00006000[0m
[0;32mI (62) boot:  1 phy_init         RF data          01 01 0000f000 00001000[0m
[0;32mI (69) boot:  2 factory          factory app      00 00 00010000 00100000[0m
[0;32mI (76) boot: End of partition table[0m
[0;32mI (79) esp_image: segment 0: paddr=00010020 vaddr=3c030020 size=0d33ch ( 54076) map[0m
[0;32mI (96) esp_image: segment 1: paddr=0001d364 vaddr=3fc93c00 size=02cb4h ( 11444) load[0m
[0;32mI (99) esp_image: segment 2: paddr=00020020 vaddr=42000020 size=20568h (132456) map[0m
[0;32mI (124) esp_image: segment 3: paddr=00040590 vaddr=3fc968b4 size=0030ch (   780) load[0m
[0;32mI (125) esp_image: segment 4: paddr=000408a4 vaddr=40374000 size=0fbc8h ( 64456) load[0m
[0;32mI (142) esp_image: segment 5: paddr=00050474 vaddr=50000000 size=00020h (    32) load[0m
[0;32mI (149) boot: Loaded app from partition at offset 0x10000[0m
[0;32mI (149) boot: Disabling RNG early entropy source...[0m
[0;32mI (160) cpu_start: Multicore app[0m
[0;32mI (168) cpu_start: GPIO 44 and 43 are used as console UART I/O pins[0m
[0;32mI (169) cpu_start: Pro cpu start user code[0m
[0;32mI (169) cpu_start: cpu freq: 160000000 Hz[0m
[0;32mI (171) app_init: Application information:[0m
[0;32mI (175) app_init: Project name:     proyecto_micro_algas[0m
[0;32mI (180) app_init: App version:      8f6b2ea-dirty[0m
[0;32mI (184) app_init: Compile time:     Mar 31 2026 17:26:34[0m
[0;32mI (189) app_init: ELF file SHA256:  36c82e18b...[0m
[0;32mI (193) app_init: ESP-IDF:          v5.5.3-dirty[0m
[0;32mI (198) efuse_init: Min chip rev:     v0.0[0m
[0;32mI (202) efuse_init: Max chip rev:     v0.99 [0m
[0;32mI (206) efuse_init: Chip rev:         v0.2[0m
[0;32mI (209) heap_init: Initializing. RAM available for dynamic allocation:[0m
[0;32mI (216) heap_init: At 3FC97960 len 00051DB0 (327 KiB): RAM[0m
[0;32mI (221) heap_init: At 3FCE9710 len 00005724 (21 KiB): RAM[0m
[0;32mI (226) heap_init: At 3FCF0000 len 00008000 (32 KiB): DRAM[0m
[0;32mI (231) heap_init: At 600FE000 len 00001FE8 (7 KiB): RTCRAM[0m
[0;32mI (237) spi_flash: detected chip: gd[0m
[0;32mI (240) spi_flash: flash io: dio[0m
[0;33mW (243) spi_flash: Detected size(16384k) larger than the size in the binary image header(2048k). Using the size in the binary image header.[0m
[1;31mE (255) i2c: CONFLICT! driver_ng is not allowed to be used with this old driver[0m

abort() was called at PC 0x42010b07 on core 0


Backtrace: 0x4037a8c5:0x3fceb200 0x4037a88d:0x3fceb220 0x40381491:0x3fceb240 0x42010b07:0x3fceb2b0 0x4200293b:0x3fceb2d0 0x42002a22:0x3fceb2f0 0x40375499:0x3fceb310 0x403ccc40:0x3fceb340 0x403cd085:0x3fceb380 0x403c898d:0x3fceb4b0 0x40045c01:0x3fceb570 0x40043ab6:0x3fceb6f0 0x40034c45:0x3fceb710




ELF file SHA256: 36c82e18b

Rebooting...
ESP-ROM:esp32s3-20210327
Build:Mar 27 2021
rst:0xc (RTC_SW_CPU_RST),boot:0x2b (SPI_FAST_FLASH_BOOT)
Saved PC:0x4037aa14
SPIWP:0xee
mode:DIO, clock div:1
load:0x3fce2820,len:0x14f0
load:0x403c8700,len:0xd24
load:0x403cb700,len:0x2ef0
entry 0x403c8924
[0;32mI (24) boot: ESP-IDF v5.5.3-dirty 2nd stage bootloader[0m
[0;32mI (24) boot: compile time Mar 23 2026 20:56:51[0m
[0;32mI (24) boot: Multicore bootloader[0m
[0;32mI (25) boot: chip revision: v0.2[0m
[0;32mI (28) boot: efuse block revision: v1.3[0m
[0;32mI (31) boot.esp32s3: Boot SPI Speed : 80MHz[0m
[0;32mI (35) boot.esp32s3: SPI Mode       : DIO[0m
[0;32mI (39) boot.esp32s3: SPI Flash Size : 2MB[0m
[0;32mI (43) boot: Enabling RNG early entropy source...[0m
[0;32mI (47) boot: Partition Table:[0m
[0;32mI (50) boot: ## Label            Usage          Type ST Offset   Length[0m
[0;32mI (56) boot:  0 nvs              WiFi data        01 02 00009000 00006000[0m
[0;32mI (62) boot:  1 phy_init         RF data          01 01 0000f000 00001000[0m
[0;32mI (69) boot:  2 factory          factory app      00 00 00010000 00100000[0m
[0;32mI (76) boot: End of partition table[0m
[0;32mI (79) esp_image: segment 0: paddr=00010020 vaddr=3c030020 size=0d33ch ( 54076) map[0m
[0;32mI (96) esp_image: segment 1: paddr=0001d364 vaddr=3fc93c00 size=02cb4h ( 11444) load[0m
[0;32mI (99) esp_image: segment 2: paddr=00020020 vaddr=42000020 size=20568h (132456) map[0m
[0;32mI (124) esp_image: segment 3: paddr=00040590 vaddr=3fc968b4 size=0030ch (   780) load[0m
[0;32mI (125) esp_image: segment 4: paddr=000408a4 vaddr=40374000 size=0fbc8h ( 64456) load[0m
[0;32mI (142) esp_image: segment 5: paddr=00050474 vaddr=50000000 size=00020h (    32) load[0m
[0;32mI (149) boot: Loaded app from partition at offset 0x10000[0m
[0;32mI (149) boot: Disabling RNG early entropy source...[0m
[0;32mI (160) cpu_start: Multicore app[0m
[0;32mI (168) cpu_start: GPIO 44 and 43 are used as console UART I/O pins[0m
[0;32mI (169) cpu_start: Pro cpu start user code[0m
[0;32mI (169) cpu_start: cpu freq: 160000000 Hz[0m
[0;32mI (171) app_init: Application information:[0m
[0;32mI (175) app_init: Project name:     proyecto_micro_algas[0m
[0;32mI (180) app_init: App version:      8f6b2ea-dirty[0m
[0;32mI (184) app_init: Compile time:     Mar 31 2026 17:26:34[0m
[0;32mI (189) app_init: ELF file SHA256:  36c82e18b...[0m
[0;32mI (193) app_init: ESP-IDF:          v5.5.3-dirty[0m
[0;32mI (198) efuse_init: Min chip rev:     v0.0[0m
[0;32mI (202) efuse_init: Max chip rev:     v0.99 [0m
[0;32mI (206) efuse_init: Chip rev:         v0.2[0m
[0;32mI (209) heap_init: Initializing. RAM available for dynamic allocation:[0m
[0;32mI (216) heap_init: At 3FC97960 len 00051DB0 (327 KiB): RAM[0m
[0;32mI (221) heap_init: At 3FCE9710 len 00005724 (21 KiB): RAM[0m
[0;32mI (226) heap_init: At 3FCF0000 len 00008000 (32 KiB): DRAM[0m
[0;32mI (231) heap_init: At 600FE000 len 00001FE8 (7 KiB): RTCRAM[0m
[0;32mI (237) spi_flash: detected chip: gd[0m
[0;32mI (240) spi_flash: flash io: dio[0m
[0;33mW (243) spi_flash: Detected size(16384k) larger than the size in the binary image header(2048k). Using the size in the binary image header.[0m
[1;31mE (255) i2c: CONFLICT! driver_ng is not allowed to be used with this old driver[0m

abort() was called at PC 0x42010b07 on core 0


Backtrace: 0x4037a8c5:0x3fceb200 0x4037a88d:0x3fceb220 0x40381491:0x3fceb240 0x42010b07:0x3fceb2b0 0x4200293b:0x3fceb2d0 0x42002a22:0x3fceb2f0 0x40375499:0x3fceb310 0x403ccc40:0x3fceb340 0x403cd085:0x3fceb380 0x403c898d:0x3fceb4b0 0x40045c01:0x3fceb570 0x40043ab6:0x3fceb6f0 0x40034c45:0x3fceb710




ELF file SHA256: 36c82e18b

Rebooting...
ESP-ROM:esp32s3-20210327
Build:Mar 27 2021
rst:0xc (RTC_SW_CPU_RST),boot:0x2b (SPI_FAST_FLASH_BOOT)
Saved PC:0x4037aa14
SPIWP:0xee
mode:DIO, clock div:1
load:0x3fce2820,len:0x14f0
load:0x403c8700,len:0xd24
load:0x403cb700,len:0x2ef0
entry 0x403c8924
[0;32mI (24) boot: ESP-IDF v5.5.3-dirty 2nd stage bootloader[0m
[0;32mI (24) boot: compile time Mar 23 2026 20:56:51[0m
[0;32mI (24) boot: Multicore bootloader[0m
[0;32mI (25) boot: chip revision: v0.2[0m
[0;32mI (28) boot: efuse block revision: v1.3[0m
[0;32mI (31) boot.esp32s3: Boot SPI Speed : 80MHz[0m
[0;32mI (35) boot.esp32s3: SPI Mode       : DIO[0m
[0;32mI (39) boot.esp32s3: SPI Flash Size : 2MB[0m
[0;32mI (43) boot: Enabling RNG early entropy source...[0m
[0;32mI (47) boot: Partition Table:[0m
[0;32mI (50) boot: ## Label            Usage          Type ST Offset   Length[0m
[0;32mI (56) boot:  0 nvs              WiFi data        01 02 00009000 00006000[0m
[0;32mI (62) boot:  1 phy_init         RF data          01 01 0000f000 00001000[0m
[0;32mI (69) boot:  2 factory          factory app      00 00 00010000 00100000[0m
[0;32mI (76) boot: End of partition table[0m
[0;32mI (79) esp_image: segment 0: paddr=00010020 vaddr=3c030020 size=0d33ch ( 54076) map[0m
[0;32mI (96) esp_image: segment 1: paddr=0001d364 vaddr=3fc93c00 size=02cb4h ( 11444) load[0m
[0;32mI (99) esp_image: segment 2: paddr=00020020 vaddr=42000020 size=20568h (132456) map[0m
[0;32mI (124) esp_image: segment 3: paddr=00040590 vaddr=3fc968b4 size=0030ch (   780) load[0m
[0;32mI (125) esp_image: segment 4: paddr=000408a4 vaddr=40374000 size=0fbc8h ( 64456) load[0m
[0;32mI (142) esp_image: segment 5: paddr=00050474 vaddr=50000000 size=00020h (    32) load[0m
[0;32mI (149) boot: Loaded app from partition at offset 0x10000[0m
[0;32mI (149) boot: Disabling RNG early entropy source...[0m
[0;32mI (160) cpu_start: Multicore app[0m
[0;32mI (168) cpu_start: GPIO 44 and 43 are used as console UART I/O pins[0m
[0;32mI (169) cpu_start: Pro cpu start user code[0m
[0;32mI (169) cpu_start: cpu freq: 160000000 Hz[0m
[0;32mI (171) app_init: Application information:[0m
[0;32mI (175) app_init: Project name:     proyecto_micro_algas[0m
[0;32mI (180) app_init: App version:      8f6b2ea-dirty[0m
[0;32mI (184) app_init: Compile time:     Mar 31 2026 17:26:34[0m
[0;32mI (189) app_init: ELF file SHA256:  36c82e18b...[0m
[0;32mI (193) app_init: ESP-IDF:          v5.5.3-dirty[0m
[0;32mI (198) efuse_init: Min chip rev:     v0.0[0m
[0;32mI (202) efuse_init: Max chip rev:     v0.99 [0m
[0;32mI (206) efuse_init: Chip rev:         v0.2[0m
[0;32mI (209) heap_init: Initializing. RAM available for dynamic allocation:[0m
[0;32mI (216) heap_init: At 3FC97960 len 00051DB0 (327 KiB): RAM[0m
[0;32mI (221) heap_init: At 3FCE9710 len 00005724 (21 KiB): RAM[0m
[0;32mI (226) heap_init: At 3FCF0000 len 00008000 (32 KiB): DRAM[0m
[0;32mI (231) heap_init: At 600FE000 len 00001FE8 (7 KiB): RTCRAM[0m
[0;32mI (237) spi_flash: detected chip: gd[0m
[0;32mI (240) spi_flash: flash io: dio[0m
[0;33mW (243) spi_flash: Detected size(16384k) larger than the size in the binary image header(2048k). Using the size in the binary image header.[0m
[1;31mE (255) i2c: CONFLICT! driver_ng is not allowed to be used with this old driver[0m

abort() was called at PC 0x42010b07 on core 0


Backtrace: 0x4037a8c5:0x3fceb200 0x4037a88d:0x3fceb220 0x40381491:0x3fceb240 0x42010b07:0x3fceb2b0 0x4200293b:0x3fceb2d0 0x42002a22:0x3fceb2f0 0x40375499:0x3fceb310 0x403ccc40:0x3fceb340 0x403cd085:0x3fceb380 0x403c898d:0x3fceb4b0 0x40045c01:0x3fceb570 0x40043ab6:0x3fceb6f0 0x40034c45:0x3fceb710




ELF file SHA256: 36c82e18b

Rebooting...
ESP-ROM:esp32s3-20210327
Build:Mar 27 2021
rst:0xc (RTC_SW_CPU_RST),boot:0x2b (SPI_FAST_FLASH_BOOT)
Saved PC:0x4037aa14
SPIWP:0xee
mode:DIO, clock div:1
load:0x3fce2820,len:0x14f0
load:0x403c8700,len:0xd24
load:0x403cb700,len:0x2ef0
entry 0x403c8924
[0;32mI (24) boot: ESP-IDF v5.5.3-dirty 2nd stage bootloader[0m
[0;32mI (24) boot: compile time Mar 23 2026 20:56:51[0m
[0;32mI (24) boot: Multicore bootloader[0m
[0;32mI (25) boot: chip revision: v0.2[0m
[0;32mI (28) boot: efuse block revision: v1.3[0m
[0;32mI (31) boot.esp32s3: Boot SPI Speed : 80MHz[0m
[0;32mI (35) boot.esp32s3: SPI Mode       : DIO[0m
[0;32mI (39) boot.esp32s3: SPI Flash Size : 2MB[0m
[0;32mI (43) boot: Enabling RNG early entropy source...[0m
[0;32mI (47) boot: Partition Table:[0m
[0;32mI (50) boot: ## Label            Usage          Type ST Offset   Length[0m
[0;32mI (56) boot:  0 nvs              WiFi data        01 02 00009000 00006000[0m
[0;32mI (62) boot:  1 phy_init         RF data          01 01 0000f000 00001000[0m
[0;32mI (69) boot:  2 factory          factory app      00 00 00010000 00100000[0m
[0;32mI (76) boot: End of partition table[0m
[0;32mI (79) esp_image: segment 0: paddr=00010020 vaddr=3c030020 size=0d33ch ( 54076) map[0m
[0;32mI (96) esp_image: segment 1: paddr=0001d364 vaddr=3fc93c00 size=02cb4h ( 11444) load[0m
[0;32mI (99) esp_image: segment 2: paddr=00020020 vaddr=42000020 size=20568h (132456) map[0m
[0;32mI (124) esp_image: segment 3: paddr=00040590 vaddr=3fc968b4 size=0030ch (   780) load[0m
[0;32mI (125) esp_image: segment 4: paddr=000408a4 vaddr=40374000 size=0fbc8h ( 64456) load[0m
[0;32mI (142) esp_image: segment 5: paddr=00050474 vaddr=50000000 size=00020h (    32) load[0m
[0;32mI (149) boot: Loaded app from partition at offset 0x10000[0m
[0;32mI (149) boot: Disabling RNG early entropy source...[0m
[0;32mI (160) cpu_start: Multicore app[0m
[0;32mI (168) cpu_start: GPIO 44 and 43 are used as console UART I/O pins[0m
[0;32mI (169) cpu_start: Pro cpu start user code[0m
[0;32mI (169) cpu_start: cpu freq: 160000000 Hz[0m
[0;32mI (171) app_init: Application information:[0m
[0;32mI (175) app_init: Project name:     proyecto_micro_algas[0m
[0;32mI (180) app_init: App version:      8f6b2ea-dirty[0m
[0;32mI (184) app_init: Compile time:     Mar 31 2026 17:26:34[0m
[0;32mI (189) app_init: ELF file SHA256:  36c82e18b...[0m
[0;32mI (193) app_init: ESP-IDF:          v5.5.3-dirty[0m
[0;32mI (198) efuse_init: Min chip rev:     v0.0[0m
[0;32mI (202) efuse_init: Max chip rev:     v0.99 [0m
[0;32mI (206) efuse_init: Chip rev:         v0.2[0m
[0;32mI (209) heap_init: Initializing. RAM available for dynamic allocation:[0m
[0;32mI (216) heap_init: At 3FC97960 len 00051DB0 (327 KiB): RAM[0m
[0;32mI (221) heap_init: At 3FCE9710 len 00005724 (21 KiB): RAM[0m
[0;32mI (226) heap_init: At 3FCF0000 len 00008000 (32 KiB): DRAM[0m
[0;32mI (231) heap_init: At 600FE000 len 00001FE8 (7 KiB): RTCRAM[0m
[0;32mI (237) spi_flash: detected chip: gd[0m
[0;32mI (240) spi_flash: flash io: dio[0m
[0;33mW (243) spi_flash: Detected size(16384k) larger than the size in the binary image header(2048k). Using the size in the binary image header.[0m
[1;31mE (255) i2c: CONFLICT! driver_ng is not allowed to be used with this old driver[0m

abort() was called at PC 0x42010b07 on core 0


Backtrace: 0x4037a8c5:0x3fceb200 0x4037a88d:0x3fceb220 0x40381491:0x3fceb240 0x42010b07:0x3fceb2b0 0x4200293b:0x3fceb2d0 0x42002a22:0x3fceb2f0 0x40375499:0x3fceb310 0x403ccc40:0x3fceb340 0x403cd085:0x3fceb380 0x403c898d:0x3fceb4b0 0x40045c01:0x3fceb570 0x40043ab6:0x3fceb6f0 0x40034c45:0x3fceb710




ELF file SHA256: 36c82e18b

Rebooting...
ESP-ROM:esp32s3-20210327
Build:Mar 27 2021
rst:0xc (RTC_SW_CPU_RST),boot:0x2b (SPI_FAST_FLASH_BOOT)
Saved PC:0x4037aa14
SPIWP:0xee
mode:DIO, clock div:1
load:0x3fce2820,len:0x14f0
load:0x403c8700,len:0xd24
load:0x403cb700,len:0x2ef0
entry 0x403c8924
[0;32mI (24) boot: ESP-IDF v5.5.3-dirty 2nd stage bootloader[0m
[0;32mI (24) boot: compile time Mar 23 2026 20:56:51[0m
[0;32mI (24) boot: Multicore bootloader[0m
[0;32mI (25) boot: chip revision: v0.2[0m
[0;32mI (28) boot: efuse block revision: v1.3[0m
[0;32mI (31) boot.esp32s3: Boot SPI Speed : 80MHz[0m
[0;32mI (35) boot.esp32s3: SPI Mode       : DIO[0m
[0;32mI (39) boot.esp32s3: SPI Flash Size : 2MB[0m
[0;32mI (43) boot: Enabling RNG early entropy source...[0m
[0;32mI (47) boot: Partition Table:[0m
[0;32mI (50) boot: ## Label            Usage          Type ST Offset   Length[0m
[0;32mI (56) boot:  0 nvs              WiFi data        01 02 00009000 00006000[0m
[0;32mI (62) boot:  1 phy_init         RF data          01 01 0000f000 00001000[0m
[0;32mI (69) boot:  2 factory          factory app      00 00 00010000 00100000[0m
[0;32mI (76) boot: End of partition table[0m
[0;32mI (79) esp_image: segment 0: paddr=00010020 vaddr=3c030020 size=0d33ch ( 54076) map[0m
[0;32mI (96) esp_image: segment 1: paddr=0001d364 vaddr=3fc93c00 size=02cb4h ( 11444) load[0m
[0;32mI (99) esp_image: segment 2: paddr=00020020 vaddr=42000020 size=20568h (132456) map[0m
[0;32mI (124) esp_image: segment 3: paddr=00040590 vaddr=3fc968b4 size=0030ch (   780) load[0m
[0;32mI (125) esp_image: segment 4: paddr=000408a4 vaddr=40374000 size=0fbc8h ( 64456) load[0m
[0;32mI (142) esp_image: segment 5: paddr=00050474 vaddr=50000000 size=00020h (    32) load[0m
[0;32mI (149) boot: Loaded app from partition at offset 0x10000[0m
[0;32mI (149) boot: Disabling RNG early entropy source...[0m
[0;32mI (160) cpu_start: Multicore app[0m
[0;32mI (168) cpu_start: GPIO 44 and 43 are used as console UART I/O pins[0m
[0;32mI (169) cpu_start: Pro cpu start user code[0m
[0;32mI (169) cpu_start: cpu freq: 160000000 Hz[0m
[0;32mI (171) app_init: Application information:[0m
[0;32mI (175) app_init: Project name:     proyecto_micro_algas[0m
[0;32mI (180) app_init: App version:      8f6b2ea-dirty[0m
[0;32mI (184) app_init: Compile time:     Mar 31 2026 17:26:34[0m
[0;32mI (189) app_init: ELF file SHA256:  36c82e18b...[0m
[0;32mI (193) app_init: ESP-IDF:          v5.5.3-dirty[0m
[0;32mI (198) efuse_init: Min chip rev:     v0.0[0m
[0;32mI (202) efuse_init: Max chip rev:     v0.99 [0m
[0;32mI (206) efuse_init: Chip rev:         v0.2[0m
[0;32mI (209) heap_init: Initializing. RAM available for dynamic allocation:[0m
[0;32mI (216) heap_init: At 3FC97960 len 00051DB0 (327 KiB): RAM[0m
[0;32mI (221) heap_init: At 3FCE9710 len 00005724 (21 KiB): RAM[0m
[0;32mI (226) heap_init: At 3FCF0000 len 00008000 (32 KiB): DRAM[0m
[0;32mI (231) heap_init: At 600FE000 len 00001FE8 (7 KiB): RTCRAM[0m
[0;32mI (237) spi_flash: detected chip: gd[0m
[0;32mI (240) spi_flash: flash io: dio[0m
[0;33mW (243) spi_flash: Detected size(16384k) larger than the size in the binary image header(2048k). Using the size in the binary image header.[0m
[1;31mE (255) i2c: CONFLICT! driver_ng is not allowed to be used with this old driver[0m

abort() was called at PC 0x42010b07 on core 0


Backtrace: 0x4037a8c5:0x3fceb200 0x4037a88d:0x3fceb220 0x40381491:0x3fceb240 0x42010b07:0x3fceb2b0 0x4200293b:0x3fceb2d0 0x42002a22:0x3fceb2f0 0x40375499:0x3fceb310 0x403ccc40:0x3fceb340 0x403cd085:0x3fceb380 0x403c898d:0x3fceb4b0 0x40045c01:0x3fceb570 0x40043ab6:0x3fceb6f0 0x40034c45:0x3fceb710




ELF file SHA256: 36c82e18b

Rebooting...
ESP-ROM:esp32s3-20210327
Build:Mar 27 2021
rst:0xc (RTC_SW_CPU_RST),boot:0x2b (SPI_FAST_FLASH_BOOT)
Saved PC:0x4037aa14
SPIWP:0xee
mode:DIO, clock div:1
load:0x3fce2820,len:0x14f0
load:0x403c8700,len:0xd24
load:0x403cb700,len:0x2ef0
entry 0x403c8924
[0;32mI (24) boot: ESP-IDF v5.5.3-dirty 2nd stage bootloader[0m
[0;32mI (24) boot: compile time Mar 23 2026 20:56:51[0m
[0;32mI (24) boot: Multicore bootloader[0m
[0;32mI (25) boot: chip revision: v0.2[0m
[0;32mI (28) boot: efuse block revision: v1.3[0m
[0;32mI (31) boot.esp32s3: Boot SPI Speed : 80MHz[0m
[0;32mI (35) boot.esp32s3: SPI Mode       : DIO[0m
[0;32mI (39) boot.esp32s3: SPI Flash Size : 2MB[0m
[0;32mI (43) boot: Enabling RNG early entropy source...[0m
[0;32mI (47) boot: Partition Table:[0m
[0;32mI (50) boot: ## Label            Usage          Type ST Offset   Length[0m
[0;32mI (56) boot:  0 nvs              WiFi data        01 02 00009000 00006000[0m
[0;32mI (62) boot:  1 phy_init         RF data          01 01 0000f000 00001000[0m
[0;32mI (69) boot:  2 factory          factory app      00 00 00010000 00100000[0m
[0;32mI (76) boot: End of partition table[0m
[0;32mI (79) esp_image: segment 0: paddr=00010020 vaddr=3c030020 size=0d33ch ( 54076) map[0m
[0;32mI (96) esp_image: segment 1: paddr=0001d364 vaddr=3fc93c00 size=02cb4h ( 11444) load[0m
[0;32mI (99) esp_image: segment 2: paddr=00020020 vaddr=42000020 size=20568h (132456) map[0m
[0;32mI (124) esp_image: segment 3: paddr=00040590 vaddr=3fc968b4 size=0030ch (   780) load[0m
[0;32mI (125) esp_image: segment 4: paddr=000408a4 vaddr=40374000 size=0fbc8h ( 64456) load[0m
[0;32mI (142) esp_image: segment 5: paddr=00050474 vaddr=50000000 size=00020h (    32) load[0m
[0;32mI (149) boot: Loaded app from partition at offset 0x10000[0m
[0;32mI (149) boot: Disabling RNG early entropy source...[0m
[0;32mI (160) cpu_start: Multicore app[0m
[0;32mI (168) cpu_start: GPIO 44 and 43 are used as console UART I/O pins[0m
[0;32mI (169) cpu_start: Pro cpu start user code[0m
[0;32mI (169) cpu_start: cpu freq: 160000000 Hz[0m
[0;32mI (171) app_init: Application information:[0m
[0;32mI (175) app_init: Project name:     proyecto_micro_algas[0m
[0;32mI (180) app_init: App version:      8f6b2ea-dirty[0m
[0;32mI (184) app_init: Compile time:     Mar 31 2026 17:26:34[0m
[0;32mI (189) app_init: ELF file SHA256:  36c82e18b...[0m
[0;32mI (193) app_init: ESP-IDF:          v5.5.3-dirty[0m
[0;32mI (198) efuse_init: Min chip rev:     v0.0[0m
[0;32mI (202) efuse_init: Max chip rev:     v0.99 [0m
[0;32mI (206) efuse_init: Chip rev:         v0.2[0m
[0;32mI (209) heap_init: Initializing. RAM available for dynamic allocation:[0m
[0;32mI (216) heap_init: At 3FC97960 len 00051DB0 (327 KiB): RAM[0m
[0;32mI (221) heap_init: At 3FCE9710 len 00005724 (21 KiB): RAM[0m
[0;32mI (226) heap_init: At 3FCF0000 len 00008000 (32 KiB): DRAM[0m
[0;32mI (231) heap_init: At 600FE000 len 00001FE8 (7 KiB): RTCRAM[0m
[0;32mI (237) spi_flash: detected chip: gd[0m
[0;32mI (240) spi_flash: flash io: dio[0m
[0;33mW (243) spi_flash: Detected size(16384k) larger than the size in the binary image header(2048k). Using the size in the binary image header.[0m
[1;31mE (255) i2c: CONFLICT! driver_ng is not allowed to be used with this old driver[0m

abort() was called at PC 0x42010b07 on core 0


Backtrace: 0x4037a8c5:0x3fceb200 0x4037a88d:0x3fceb220 0x40381491:0x3fceb240 0x42010b07:0x3fceb2b0 0x4200293b:0x3fceb2d0 0x42002a22:0x3fceb2f0 0x40375499:0x3fceb310 0x403ccc40:0x3fceb340 0x403cd085:0x3fceb380 0x403c898d:0x3fceb4b0 0x40045c01:0x3fceb570 0x40043ab6:0x3fceb6f0 0x40034c45:0x3fceb710




ELF file SHA256: 36c82e18b

Rebooting...
ESP-ROM:esp32s3-20210327
Build:Mar 27 2021
rst:0xc (RTC_SW_CPU_RST),boot:0x2b (SPI_FAST_FLASH_BOOT)
Saved PC:0x4037aa14
SPIWP:0xee
mode:DIO, clock div:1
load:0x3fce2820,len:0x14f0
load:0x403c8700,len:0xd24
load:0x403cb700,len:0x2ef0
entry 0x403c8924
[0;32mI (24) boot: ESP-IDF v5.5.3-dirty 2nd stage bootloader[0m
[0;32mI (24) boot: compile time Mar 23 2026 20:56:51[0m
[0;32mI (24) boot: Multicore bootloader[0m
[0;32mI (25) boot: chip revision: v0.2[0m
[0;32mI (28) boot: efuse block revision: v1.3[0m
[0;32mI (31) boot.esp32s3: Boot SPI Speed : 80MHz[0m
[0;32mI (35) boot.esp32s3: SPI Mode       : DIO[0m
[0;32mI (39) boot.esp32s3: SPI Flash Size : 2MB[0m
[0;32mI (43) boot: Enabling RNG early entropy source...[0m
[0;32mI (47) boot: Partition Table:[0m
[0;32mI (50) boot: ## Label            Usage          Type ST Offset   Length[0m
[0;32mI (56) boot:  0 nvs              WiFi data        01 02 00009000 00006000[0m
[0;32mI (62) boot:  1 phy_init         RF data          01 01 0000f000 00001000[0m
[0;32mI (69) boot:  2 factory          factory app      00 00 00010000 00100000[0m
[0;32mI (76) boot: End of partition table[0m
[0;32mI (79) esp_image: segment 0: paddr=00010020 vaddr=3c030020 size=0d33ch ( 54076) map[0m
[0;32mI (96) esp_image: segment 1: paddr=0001d364 vaddr=3fc93c00 size=02cb4h ( 11444) load[0m
[0;32mI (99) esp_image: segment 2: paddr=00020020 vaddr=42000020 size=20568h (132456) map[0m
[0;32mI (124) esp_image: segment 3: paddr=00040590 vaddr=3fc968b4 size=0030ch (   780) load[0m
[0;32mI (125) esp_image: segment 4: paddr=000408a4 vaddr=40374000 size=0fbc8h ( 64456) load[0m
[0;32mI (142) esp_image: segment 5: paddr=00050474 vaddr=50000000 size=00020h (    32) load[0m
[0;32mI (149) boot: Loaded app from partition at offset 0x10000[0m
[0;32mI (149) boot: Disabling RNG early entropy source...[0m
[0;32mI (160) cpu_start: Multicore app[0m
[0;32mI (168) cpu_start: GPIO 44 and 43 are used as console UART I/O pins[0m
[0;32mI (169) cpu_start: Pro cpu start user code[0m
[0;32mI (169) cpu_start: cpu freq: 160000000 Hz[0m
[0;32mI (171) app_init: Application information:[0m
[0;32mI (175) app_init: Project name:     proyecto_micro_algas[0m
[0;32mI (180) app_init: App version:      8f6b2ea-dirty[0m
[0;32mI (184) app_init: Compile time:     Mar 31 2026 17:26:34[0m
[0;32mI (189) app_init: ELF file SHA256:  36c82e18b...[0m
[0;32mI (193) app_init: ESP-IDF:          v5.5.3-dirty[0m
[0;32mI (198) efuse_init: Min chip rev:     v0.0[0m
[0;32mI (202) efuse_init: Max chip rev:     v0.99 [0m
[0;32mI (206) efuse_init: Chip rev:         v0.2[0m
[0;32mI (209) heap_init: Initializing. RAM available for dynamic allocation:[0m
[0;32mI (216) heap_init: At 3FC97960 len 00051DB0 (327 KiB): RAM[0m
[0;32mI (221) heap_init: At 3FCE9710 len 00005724 (21 KiB): RAM[0m
[0;32mI (226) heap_init: At 3FCF0000 len 00008000 (32 KiB): DRAM[0m
[0;32mI (231) heap_init: At 600FE000 len 00001FE8 (7 KiB): RTCRAM[0m
[0;32mI (237) spi_flash: detected chip: gd[0m
[0;32mI (240) spi_flash: flash io: dio[0m
[0;33mW (243) spi_flash: Detected size(16384k) larger than the size in the binary image header(2048k). Using the size in the binary image header.[0m
[1;31mE (255) i2c: CONFLICT! driver_ng is not allowed to be used with this old driver[0m

abort() was called at PC 0x42010b07 on core 0


Backtrace: 0x4037a8c5:0x3fceb200 0x4037a88d:0x3fceb220 0x40381491:0x3fceb240 0x42010b07:0x3fceb2b0 0x4200293b:0x3fceb2d0 0x42002a22:0x3fceb2f0 0x40375499:0x3fceb310 0x403ccc40:0x3fceb340 0x403cd085:0x3fceb380 0x403c898d:0x3fceb4b0 0x40045c01:0x3fceb570 0x40043ab6:0x3fceb6f0 0x40034c45:0x3fceb710




ELF file SHA256: 36c82e18b

Rebooting...
ESP-ROM:esp32s3-20210327
Build:Mar 27 2021
rst:0xc (RTC_SW_CPU_RST),boot:0x2b (SPI_FAST_FLASH_BOOT)
Saved PC:0x4037aa14
SPIWP:0xee
mode:DIO, clock div:1
load:0x3fce2820,len:0x14f0
load:0x403c8700,len:0xd24
load:0x403cb700,len:0x2ef0
entry 0x403c8924
[0;32mI (24) boot: ESP-IDF v5.5.3-dirty 2nd stage bootloader[0m
[0;32mI (24) boot: compile time Mar 23 2026 20:56:51[0m
[0;32mI (24) boot: Multicore bootloader[0m
[0;32mI (25) boot: chip revision: v0.2[0m
[0;32mI (28) boot: efuse block revision: v1.3[0m
[0;32mI (31) boot.esp32s3: Boot SPI Speed : 80MHz[0m
[0;32mI (35) boot.esp32s3: SPI Mode       : DIO[0m
[0;32mI (39) boot.esp32s3: SPI Flash Size : 2MB[0m
[0;32mI (43) boot: Enabling RNG early entropy source...[0m
[0;32mI (47) boot: Partition Table:[0m
[0;32mI (50) boot: ## Label            Usage          Type ST Offset   Length[0m
[0;32mI (56) boot:  0 nvs              WiFi data        01 02 00009000 00006000[0m
[0;32mI (62) boot:  1 phy_init         RF data          01 01 0000f000 00001000[0m
[0;32mI (69) boot:  2 factory          factory app      00 00 00010000 00100000[0m
[0;32mI (76) boot: End of partition table[0m
[0;32mI (79) esp_image: segment 0: paddr=00010020 vaddr=3c030020 size=0d33ch ( 54076) map[0m
[0;32mI (96) esp_image: segment 1: paddr=0001d364 vaddr=3fc93c00 size=02cb4h ( 11444) load[0m
[0;32mI (99) esp_image: segment 2: paddr=00020020 vaddr=42000020 size=20568h (132456) map[0m
[0;32mI (124) esp_image: segment 3: paddr=00040590 vaddr=3fc968b4 size=0030ch (   780) load[0m
[0;32mI (125) esp_image: segment 4: paddr=000408a4 vaddr=40374000 size=0fbc8h ( 64456) load[0m
[0;32mI (142) esp_image: segment 5: paddr=00050474 vaddr=50000000 size=00020h (    32) load[0m
[0;32mI (149) boot: Loaded app from partition at offset 0x10000[0m
[0;32mI (149) boot: Disabling RNG early entropy source...[0m
[0;32mI (160) cpu_start: Multicore app[0m
[0;32mI (168) cpu_start: GPIO 44 and 43 are used as console UART I/O pins[0m
[0;32mI (169) cpu_start: Pro cpu start user code[0m
[0;32mI (169) cpu_start: cpu freq: 160000000 Hz[0m
[0;32mI (171) app_init: Application information:[0m
[0;32mI (175) app_init: Project name:     proyecto_micro_algas[0m
[0;32mI (180) app_init: App version:      8f6b2ea-dirty[0m
[0;32mI (184) app_init: Compile time:     Mar 31 2026 17:26:34[0m
[0;32mI (189) app_init: ELF file SHA256:  36c82e18b...[0m
[0;32mI (193) app_init: ESP-IDF:          v5.5.3-dirty[0m
[0;32mI (198) efuse_init: Min chip rev:     v0.0[0m
[0;32mI (202) efuse_init: Max chip rev:     v0.99 [0m
[0;32mI (206) efuse_init: Chip rev:         v0.2[0m
[0;32mI (209) heap_init: Initializing. RAM available for dynamic allocation:[0m
[0;32mI (216) heap_init: At 3FC97960 len 00051DB0 (327 KiB): RAM[0m
[0;32mI (221) heap_init: At 3FCE9710 len 00005724 (21 KiB): RAM[0m
[0;32mI (226) heap_init: At 3FCF0000 len 00008000 (32 KiB): DRAM[0m
[0;32mI (231) heap_init: At 600FE000 len 00001FE8 (7 KiB): RTCRAM[0m
[0;32mI (237) spi_flash: detected chip: gd[0m
[0;32mI (240) spi_flash: flash io: dio[0m
[0;33mW (243) spi_flash: Detected size(16384k) larger than the size in the binary image header(2048k). Using the size in the binary image header.[0m
[1;31mE (255) i2c: CONFLICT! driver_ng is not allowed to be used with this old driver[0m

abort() was called at PC 0x42010b07 on core 0


Backtrace: 0x4037a8c5:0x3fceb200 0x4037a88d:0x3fceb220 0x40381491:0x3fceb240 0x42010b07:0x3fceb2b0 0x4200293b:0x3fceb2d0 0x42002a22:0x3fceb2f0 0x40375499:0x3fceb310 0x403ccc40:0x3fceb340 0x403cd085:0x3fceb380 0x403c898d:0x3fceb4b0 0x40045c01:0x3fceb570 0x40043ab6:0x3fceb6f0 0x40034c45:0x3fceb710




ELF file SHA256: 36c82e18b

Rebooting...
ESP-ROM:esp32s3-20210327
Build:Mar 27 2021
rst:0xc (RTC_SW_CPU_RST),boot:0x2b (SPI_FAST_FLASH_BOOT)
Saved PC:0x4037aa14
SPIWP:0xee
mode:DIO, clock div:1
load:0x3fce2820,len:0x14f0
load:0x403c8700,len:0xd24
load:0x403cb700,len:0x2ef0
entry 0x403c8924
[0;32mI (24) boot: ESP-IDF v5.5.3-dirty 2nd stage bootloader[0m
[0;32mI (24) boot: compile time Mar 23 2026 20:56:51[0m
[0;32mI (24) boot: Multicore bootloader[0m
[0;32mI (25) boot: chip revision: v0.2[0m
[0;32mI (28) boot: efuse block revision: v1.3[0m
[0;32mI (31) boot.esp32s3: Boot SPI Speed : 80MHz[0m
[0;32mI (35) boot.esp32s3: SPI Mode       : DIO[0m
[0;32mI (39) boot.esp32s3: SPI Flash Size : 2MB[0m
[0;32mI (43) boot: Enabling RNG early entropy source...[0m
[0;32mI (47) boot: Partition Table:[0m
[0;32mI (50) boot: ## Label            Usage          Type ST Offset   Length[0m
[0;32mI (56) boot:  0 nvs              WiFi data        01 02 00009000 00006000[0m
[0;32mI (62) boot:  1 phy_init         RF data          01 01 0000f000 00001000[0m
[0;32mI (69) boot:  2 factory          factory app      00 00 00010000 00100000[0m
[0;32mI (76) boot: End of partition table[0m
[0;32mI (79) esp_image: segment 0: paddr=00010020 vaddr=3c030020 size=0d33ch ( 54076) map[0m
[0;32mI (96) esp_image: segment 1: paddr=0001d364 vaddr=3fc93c00 size=02cb4h ( 11444) load[0m
[0;32mI (99) esp_image: segment 2: paddr=00020020 vaddr=42000020 size=20568h (132456) map[0m
[0;32mI (124) esp_image: segment 3: paddr=00040590 vaddr=3fc968b4 size=0030ch (   780) load[0m
[0;32mI (125) esp_image: segment 4: paddr=000408a4 vaddr=40374000 size=0fbc8h ( 64456) load[0m
[0;32mI (142) esp_image: segment 5: paddr=00050474 vaddr=50000000 size=00020h (    32) load[0m
[0;32mI (149) boot: Loaded app from partition at offset 0x10000[0m
[0;32mI (149) boot: Disabling RNG early entropy source...[0m
[0;32mI (160) cpu_start: Multicore app[0m
[0;32mI (168) cpu_start: GPIO 44 and 43 are used as console UART I/O pins[0m
[0;32mI (169) cpu_start: Pro cpu start user code[0m
[0;32mI (169) cpu_start: cpu freq: 160000000 Hz[0m
[0;32mI (171) app_init: Application information:[0m
[0;32mI (175) app_init: Project name:     proyecto_micro_algas[0m
[0;32mI (180) app_init: App version:      8f6b2ea-dirty[0m
[0;32mI (184) app_init: Compile time:     Mar 31 2026 17:26:34[0m
[0;32mI (189) app_init: ELF file SHA256:  36c82e18b...[0m
[0;32mI (193) app_init: ESP-IDF:          v5.5.3-dirty[0m
[0;32mI (198) efuse_init: Min chip rev:     v0.0[0m
[0;32mI (202) efuse_init: Max chip rev:     v0.99 [0m
[0;32mI (206) efuse_init: Chip rev:         v0.2[0m
[0;32mI (209) heap_init: Initializing. RAM available for dynamic allocation:[0m
[0;32mI (216) heap_init: At 3FC97960 len 00051DB0 (327 KiB): RAM[0m
[0;32mI (221) heap_init: At 3FCE9710 len 00005724 (21 KiB): RAM[0m
[0;32mI (226) heap_init: At 3FCF0000 len 00008000 (32 KiB): DRAM[0m
[0;32mI (231) heap_init: At 600FE000 len 00001FE8 (7 KiB): RTCRAM[0m
[0;32mI (237) spi_flash: detected chip: gd[0m
[0;32mI (240) spi_flash: flash io: dio[0m
[0;33mW (243) spi_flash: Detected size(16384k) larger than the size in the binary image header(2048k). Using the size in the binary image header.[0m
[1;31mE (255) i2c: CONFLICT! driver_ng is not allowed to be used with this old driver[0m

abort() was called at PC 0x42010b07 on core 0


Backtrace: 0x4037a8c5:0x3fceb200 0x4037a88d:0x3fceb220 0x40381491:0x3fceb240 0x42010b07:0x3fceb2b0 0x4200293b:0x3fceb2d0 0x42002a22:0x3fceb2f0 0x40375499:0x3fceb310 0x403ccc40:0x3fceb340 0x403cd085:0x3fceb380 0x403c898d:0x3fceb4b0 0x40045c01:0x3fceb570 0x40043ab6:0x3fceb6f0 0x40034c45:0x3fceb710




ELF file SHA256: 36c82e18b

Rebooting...
ESP-ROM:esp32s3-20210327
Build:Mar 27 2021
rst:0xc (RTC_SW_CPU_RST),boot:0x2b (SPI_FAST_FLASH_BOOT)
Saved PC:0x4037aa14
SPIWP:0xee
mode:DIO, clock div:1
load:0x3fce2820,len:0x14f0
load:0x403c8700,len:0xd24
load:0x403cb700,len:0x2ef0
entry 0x403c8924
[0;32mI (24) boot: ESP-IDF v5.5.3-dirty 2nd stage bootloader[0m
[0;32mI (24) boot: compile time Mar 23 2026 20:56:51[0m
[0;32mI (24) boot: Multicore bootloader[0m
[0;32mI (25) boot: chip revision: v0.2[0m
[0;32mI (28) boot: efuse block revision: v1.3[0m
[0;32mI (31) boot.esp32s3: Boot SPI Speed : 80MHz[0m
[0;32mI (35) boot.esp32s3: SPI Mode       : DIO[0m
[0;32mI (39) boot.esp32s3: SPI Flash Size : 2MB[0m
[0;32mI (43) boot: Enabling RNG early entropy source...[0m
[0;32mI (47) boot: Partition Table:[0m
[0;32mI (50) boot: ## Label            Usage          Type ST Offset   Length[0m
[0;32mI (56) boot:  0 nvs              WiFi data        01 02 00009000 00006000[0m
[0;32mI (62) boot:  1 phy_init         RF data          01 01 0000f000 00001000[0m
[0;32mI (69) boot:  2 factory          factory app      00 00 00010000 00100000[0m
[0;32mI (76) boot: End of partition table[0m
[0;32mI (79) esp_image: segment 0: paddr=00010020 vaddr=3c030020 size=0d33ch ( 54076) map[0m
[0;32mI (96) esp_image: segment 1: paddr=0001d364 vaddr=3fc93c00 size=02cb4h ( 11444) load[0m
[0;32mI (99) esp_image: segment 2: paddr=00020020 vaddr=42000020 size=20568h (132456) map[0m
[0;32mI (124) esp_image: segment 3: paddr=00040590 vaddr=3fc968b4 size=0030ch (   780) load[0m
[0;32mI (125) esp_image: segment 4: paddr=000408a4 vaddr=40374000 size=0fbc8h ( 64456) load[0m
[0;32mI (142) esp_image: segment 5: paddr=00050474 vaddr=50000000 size=00020h (    32) load[0m
[0;32mI (149) boot: Loaded app from partition at offset 0x10000[0m
[0;32mI (149) boot: Disabling RNG early entropy source...[0m
[0;32mI (160) cpu_start: Multicore app[0m
[0;32mI (168) cpu_start: GPIO 44 and 43 are used as console UART I/O pins[0m
[0;32mI (169) cpu_start: Pro cpu start user code[0m
[0;32mI (169) cpu_start: cpu freq: 160000000 Hz[0m
[0;32mI (171) app_init: Application information:[0m
[0;32mI (175) app_init: Project name:     proyecto_micro_algas[0m
[0;32mI (180) app_init: App version:      8f6b2ea-dirty[0m
[0;32mI (184) app_init: Compile time:     Mar 31 2026 17:26:34[0m
[0;32mI (189) app_init: ELF file SHA256:  36c82e18b...[0m
[0;32mI (193) app_init: ESP-IDF:          v5.5.3-dirty[0m
[0;32mI (198) efuse_init: Min chip rev:     v0.0[0m
[0;32mI (202) efuse_init: Max chip rev:     v0.99 [0m
[0;32mI (206) efuse_init: Chip rev:         v0.2[0m
[0;32mI (209) heap_init: Initializing. RAM available for dynamic allocation:[0m
[0;32mI (216) heap_init: At 3FC97960 len 00051DB0 (327 KiB): RAM[0m
[0;32mI (221) heap_init: At 3FCE9710 len 00005724 (21 KiB): RAM[0m
[0;32mI (226) heap_init: At 3FCF0000 len 00008000 (32 KiB): DRAM[0m
[0;32mI (231) heap_init: At 600FE000 len 00001FE8 (7 KiB): RTCRAM[0m
[0;32mI (237) spi_flash: detected chip: gd[0m
[0;32mI (240) spi_flash: flash io: dio[0m
[0;33mW (243) spi_flash: Detected size(16384k) larger than the size in the binary image header(2048k). Using the size in the binary image header.[0m
[1;31mE (255) i2c: CONFLICT! driver_ng is not allowed to be used with this old driver[0m

abort() was called at PC 0x42010b07 on core 0


Backtrace: 0x4037a8c5:0x3fceb200 0x4037a88d:0x3fceb220 0x40381491:0x3fceb240 0x42010b07:0x3fceb2b0 0x4200293b:0x3fceb2d0 0x42002a22:0x3fceb2f0 0x40375499:0x3fceb310 0x403ccc40:0x3fceb340 0x403cd085:0x3fceb380 0x403c898d:0x3fceb4b0 0x40045c01:0x3fceb570 0x40043ab6:0x3fceb6f0 0x40034c45:0x3fceb710




ELF file SHA256: 36c82e18b

Rebooting...
ESP-ROM:esp32s3-20210327
Build:Mar 27 2021
rst:0xc (RTC_SW_CPU_RST),boot:0x2b (SPI_FAST_FLASH_BOOT)
Saved PC:0x4037aa14
SPIWP:0xee
mode:DIO, clock div:1
load:0x3fce2820,len:0x14f0
load:0x403c8700,len:0xd24
load:0x403cb700,len:0x2ef0
entry 0x403c8924
[0;32mI (24) boot: ESP-IDF v5.5.3-dirty 2nd stage bootloader[0m
[0;32mI (24) boot: compile time Mar 23 2026 20:56:51[0m
[0;32mI (24) boot: Multicore bootloader[0m
[0;32mI (25) boot: chip revision: v0.2[0m
[0;32mI (28) boot: efuse block revision: v1.3[0m
[0;32mI (31) boot.esp32s3: Boot SPI Speed : 80MHz[0m
[0;32mI (35) boot.esp32s3: SPI Mode       : DIO[0m
[0;32mI (39) boot.esp32s3: SPI Flash Size : 2MB[0m
[0;32mI (43) boot: Enabling RNG early entropy source...[0m
[0;32mI (47) boot: Partition Table:[0m
[0;32mI (50) boot: ## Label            Usage          Type ST Offset   Length[0m
[0;32mI (56) boot:  0 nvs              WiFi data        01 02 00009000 00006000[0m
[0;32mI (62) boot:  1 phy_init         RF data          01 01 0000f000 00001000[0m
[0;32mI (69) boot:  2 factory          factory app      00 00 00010000 00100000[0m
[0;32mI (76) boot: End of partition table[0m
[0;32mI (79) esp_image: segment 0: paddr=00010020 vaddr=3c030020 size=0d33ch ( 54076) map[0m
[0;32mI (96) esp_image: segment 1: paddr=0001d364 vaddr=3fc93c00 size=02cb4h ( 11444) load[0m
[0;32mI (99) esp_image: segment 2: paddr=00020020 vaddr=42000020 size=20568h (132456) map[0m
[0;32mI (124) esp_image: segment 3: paddr=00040590 vaddr=3fc968b4 size=0030ch (   780) load[0m
[0;32mI (125) esp_image: segment 4: paddr=000408a4 vaddr=40374000 size=0fbc8h ( 64456) load[0m
[0;32mI (142) esp_image: segment 5: paddr=00050474 vaddr=50000000 size=00020h (    32) load[0m
[0;32mI (149) boot: Loaded app from partition at offset 0x10000[0m
[0;32mI (149) boot: Disabling RNG early entropy source...[0m
[0;32mI (160) cpu_start: Multicore app[0m
[0;32mI (168) cpu_start: GPIO 44 and 43 are used as console UART I/O pins[0m
[0;32mI (169) cpu_start: Pro cpu start user code[0m
[0;32mI (169) cpu_start: cpu freq: 160000000 Hz[0m
[0;32mI (171) app_init: Application information:[0m
[0;32mI (175) app_init: Project name:     proyecto_micro_algas[0m
[0;32mI (180) app_init: App version:      8f6b2ea-dirty[0m
[0;32mI (184) app_init: Compile time:     Mar 31 2026 17:26:34[0m
[0;32mI (189) app_init: ELF file SHA256:  36c82e18b...[0m
[0;32mI (193) app_init: ESP-IDF:          v5.5.3-dirty[0m
[0;32mI (198) efuse_init: Min chip rev:     v0.0[0m
[0;32mI (202) efuse_init: Max chip rev:     v0.99 [0m
[0;32mI (206) efuse_init: Chip rev:         v0.2[0m
[0;32mI (209) heap_init: Initializing. RAM available for dynamic allocation:[0m
[0;32mI (216) heap_init: At 3FC97960 len 00051DB0 (327 KiB): RAM[0m
[0;32mI (221) heap_init: At 3FCE9710 len 00005724 (21 KiB): RAM[0m
[0;32mI (226) heap_init: At 3FCF0000 len 00008000 (32 KiB): DRAM[0m
[0;32mI (231) heap_init: At 600FE000 len 00001FE8 (7 KiB): RTCRAM[0m
[0;32mI (237) spi_flash: detected chip: gd[0m
[0;32mI (240) spi_flash: flash io: dio[0m
[0;33mW (243) spi_flash: Detected size(16384k) larger than the size in the binary image header(2048k). Using the size in the binary image header.[0m
[1;31mE (255) i2c: CONFLICT! driver_ng is not allowed to be used with this old driver[0m

abort() was called at PC 0x42010b07 on core 0


Backtrace: 0x4037a8c5:0x3fceb200 0x4037a88d:0x3fceb220 0x40381491:0x3fceb240 0x42010b07:0x3fceb2b0 0x4200293b:0x3fceb2d0 0x42002a22:0x3fceb2f0 0x40375499:0x3fceb310 0x403ccc40:0x3fceb340 0x403cd085:0x3fceb380 0x403c898d:0x3fceb4b0 0x40045c01:0x3fceb570 0x40043ab6:0x3fceb6f0 0x40034c45:0x3fceb710




ELF file SHA256: 36c82e18b

Rebooting...
ESP-ROM:esp32s3-20210327
Build:Mar 27 2021
rst:0xc (RTC_SW_CPU_RST),boot:0x2b (SPI_FAST_FLASH_BOOT)
Saved PC:0x4037aa14
SPIWP:0xee
mode:DIO, clock div:1
load:0x3fce2820,len:0x14f0
load:0x403c8700,len:0xd24
load:0x403cb700,len:0x2ef0
entry 0x403c8924
[0;32mI (24) boot: ESP-IDF v5.5.3-dirty 2nd stage bootloader[0m
[0;32mI (24) boot: compile time Mar 23 2026 20:56:51[0m
[0;32mI (24) boot: Multicore bootloader[0m
[0;32mI (25) boot: chip revision: v0.2[0m
[0;32mI (28) boot: efuse block revision: v1.3[0m
[0;32mI (31) boot.esp32s3: Boot SPI Speed : 80MHz[0m
[0;32mI (35) boot.esp32s3: SPI Mode       : DIO[0m
[0;32mI (39) boot.esp32s3: SPI Flash Size : 2MB[0m
[0;32mI (43) boot: Enabling RNG early entropy source...[0m
[0;32mI (47) boot: Partition Table:[0m
[0;32mI (50) boot: ## Label            Usage          Type ST Offset   Length[0m
[0;32mI (56) boot:  0 nvs              WiFi data        01 02 00009000 00006000[0m
[0;32mI (62) boot:  1 phy_init         RF data          01 01 0000f000 00001000[0m
[0;32mI (69) boot:  2 factory          factory app      00 00 00010000 00100000[0m
[0;32mI (76) boot: End of partition table[0m
[0;32mI (79) esp_image: segment 0: paddr=00010020 vaddr=3c030020 size=0d33ch ( 54076) map[0m
[0;32mI (96) esp_image: segment 1: paddr=0001d364 vaddr=3fc93c00 size=02cb4h ( 11444) load[0m
[0;32mI (99) esp_image: segment 2: paddr=00020020 vaddr=42000020 size=20568h (132456) map[0m
[0;32mI (124) esp_image: segment 3: paddr=00040590 vaddr=3fc968b4 size=0030ch (   780) load[0m
[0;32mI (125) esp_image: segment 4: paddr=000408a4 vaddr=40374000 size=0fbc8h ( 64456) load[0m
[0;32mI (142) esp_image: segment 5: paddr=00050474 vaddr=50000000 size=00020h (    32) load[0m
[0;32mI (149) boot: Loaded app from partition at offset 0x10000[0m
[0;32mI (149) boot: Disabling RNG early entropy source...[0m
[0;32mI (160) cpu_start: Multicore app[0m
[0;32mI (168) cpu_start: GPIO 44 and 43 are used as console UART I/O pins[0m
[0;32mI (169) cpu_start: Pro cpu start user code[0m
[0;32mI (169) cpu_start: cpu freq: 160000000 Hz[0m
[0;32mI (171) app_init: Application information:[0m
[0;32mI (175) app_init: Project name:     proyecto_micro_algas[0m
[0;32mI (180) app_init: App version:      8f6b2ea-dirty[0m
[0;32mI (184) app_init: Compile time:     Mar 31 2026 17:26:34[0m
[0;32mI (189) app_init: ELF file SHA256:  36c82e18b...[0m
[0;32mI (193) app_init: ESP-IDF:          v5.5.3-dirty[0m
[0;32mI (198) efuse_init: Min chip rev:     v0.0[0m
[0;32mI (202) efuse_init: Max chip rev:     v0.99 [0m
[0;32mI (206) efuse_init: Chip rev:         v0.2[0m
[0;32mI (209) heap_init: Initializing. RAM available for dynamic allocation:[0m
[0;32mI (216) heap_init: At 3FC97960 len 00051DB0 (327 KiB): RAM[0m
[0;32mI (221) heap_init: At 3FCE9710 len 00005724 (21 KiB): RAM[0m
[0;32mI (226) heap_init: At 3FCF0000 len 00008000 (32 KiB): DRAM[0m
[0;32mI (231) heap_init: At 600FE000 len 00001FE8 (7 KiB): RTCRAM[0m
[0;32mI (237) spi_flash: detected chip: gd[0m
[0;32mI (240) spi_flash: flash io: dio[0m
[0;33mW (243) spi_flash: Detected size(16384k) larger than the size in the binary image header(2048k). Using the size in the binary image header.[0m
[1;31mE (255) i2c: CONFLICT! driver_ng is not allowed to be used with this old driver[0m

abort() was called at PC 0x42010b07 on core 0


Backtrace: 0x4037a8c5:0x3fceb200 0x4037a88d:0x3fceb220 0x40381491:0x3fceb240 0x42010b07:0x3fceb2b0 0x4200293b:0x3fceb2d0 0x42002a22:0x3fceb2f0 0x40375499:0x3fceb310 0x403ccc40:0x3fceb340 0x403cd085:0x3fceb380 0x403c898d:0x3fceb4b0 0x40045c01:0x3fceb570 0x40043ab6:0x3fceb6f0 0x40034c45:0x3fceb710




ELF file SHA256: 36c82e18b

Rebooting...
ESP-ROM:esp32s3-20210327
Build:Mar 27 2021
rst:0xc (RTC_SW_CPU_RST),boot:0x2b (SPI_FAST_FLASH_BOOT)
Saved PC:0x4037aa14
SPIWP:0xee
mode:DIO, clock div:1
load:0x3fce2820,len:0x14f0
load:0x403c8700,len:0xd24
load:0x403cb700,len:0x2ef0
entry 0x403c8924
[0;32mI (24) boot: ESP-IDF v5.5.3-dirty 2nd stage bootloader[0m
[0;32mI (24) boot: compile time Mar 23 2026 20:56:51[0m
[0;32mI (24) boot: Multicore bootloader[0m
[0;32mI (25) boot: chip revision: v0.2[0m
[0;32mI (28) boot: efuse block revision: v1.3[0m
[0;32mI (31) boot.esp32s3: Boot SPI Speed : 80MHz[0m
[0;32mI (35) boot.esp32s3: SPI Mode       : DIO[0m
[0;32mI (39) boot.esp32s3: SPI Flash Size : 2MB[0m
[0;32mI (43) boot: Enabling RNG early entropy source...[0m
[0;32mI (47) boot: Partition Table:[0m
[0;32mI (50) boot: ## Label            Usage          Type ST Offset   Length[0m
[0;32mI (56) boot:  0 nvs              WiFi data        01 02 00009000 00006000[0m
[0;32mI (62) boot:  1 phy_init         RF data          01 01 0000f000 00001000[0m
[0;32mI (69) boot:  2 factory          factory app      00 00 00010000 00100000[0m
[0;32mI (76) boot: End of partition table[0m
[0;32mI (79) esp_image: segment 0: paddr=00010020 vaddr=3c030020 size=0d33ch ( 54076) map[0m
[0;32mI (96) esp_image: segment 1: paddr=0001d364 vaddr=3fc93c00 size=02cb4h ( 11444) load[0m
[0;32mI (99) esp_image: segment 2: paddr=00020020 vaddr=42000020 size=20568h (132456) map[0m
[0;32mI (124) esp_image: segment 3: paddr=00040590 vaddr=3fc968b4 size=0030ch (   780) load[0m
[0;32mI (125) esp_image: segment 4: paddr=000408a4 vaddr=40374000 size=0fbc8h ( 64456) load[0m
[0;32mI (142) esp_image: segment 5: paddr=00050474 vaddr=50000000 size=00020h (    32) load[0m
[0;32mI (149) boot: Loaded app from partition at offset 0x10000[0m
[0;32mI (149) boot: Disabling RNG early entropy source...[0m
[0;32mI (160) cpu_start: Multicore app[0m
[0;32mI (168) cpu_start: GPIO 44 and 43 are used as console UART I/O pins[0m
[0;32mI (169) cpu_start: Pro cpu start user code[0m
[0;32mI (169) cpu_start: cpu freq: 160000000 Hz[0m
[0;32mI (171) app_init: Application information:[0m
[0;32mI (175) app_init: Project name:     proyecto_micro_algas[0m
[0;32mI (180) app_init: App version:      8f6b2ea-dirty[0m
[0;32mI (184) app_init: Compile time:     Mar 31 2026 17:26:34[0m
[0;32mI (189) app_init: ELF file SHA256:  36c82e18b...[0m
[0;32mI (193) app_init: ESP-IDF:          v5.5.3-dirty[0m
[0;32mI (198) efuse_init: Min chip rev:     v0.0[0m
[0;32mI (202) efuse_init: Max chip rev:     v0.99 [0m
[0;32mI (206) efuse_init: Chip rev:         v0.2[0m
[0;32mI (209) heap_init: Initializing. RAM available for dynamic allocation:[0m
[0;32mI (216) heap_init: At 3FC97960 len 00051DB0 (327 KiB): RAM[0m
[0;32mI (221) heap_init: At 3FCE9710 len 00005724 (21 KiB): RAM[0m
[0;32mI (226) heap_init: At 3FCF0000 len 00008000 (32 KiB): DRAM[0m
[0;32mI (231) heap_init: At 600FE000 len 00001FE8 (7 KiB): RTCRAM[0m
[0;32mI (237) spi_flash: detected chip: gd[0m
[0;32mI (240) spi_flash: flash io: dio[0m
[0;33mW (243) spi_flash: Detected size(16384k) larger than the size in the binary image header(2048k). Using the size in the binary image header.[0m
[1;31mE (255) i2c: CONFLICT! driver_ng is not allowed to be used with this old driver[0m

abort() was called at PC 0x42010b07 on core 0


Backtrace: 0x4037a8c5:0x3fceb200 0x4037a88d:0x3fceb220 0x40381491:0x3fceb240 0x42010b07:0x3fceb2b0 0x4200293b:0x3fceb2d0 0x42002a22:0x3fceb2f0 0x40375499:0x3fceb310 0x403ccc40:0x3fceb340 0x403cd085:0x3fceb380 0x403c898d:0x3fceb4b0 0x40045c01:0x3fceb570 0x40043ab6:0x3fceb6f0 0x40034c45:0x3fceb710




ELF file SHA256: 36c82e18b

Rebooting...
ESP-ROM:esp32s3-20210327
Build:Mar 27 2021
rst:0xc (RTC_SW_CPU_RST),boot:0x2b (SPI_FAST_FLASH_BOOT)
Saved PC:0x4037aa14
SPIWP:0xee
mode:DIO, clock div:1
load:0x3fce2820,len:0x14f0
load:0x403c8700,len:0xd24
load:0x403cb700,len:0x2ef0
entry 0x403c8924
[0;32mI (24) boot: ESP-IDF v5.5.3-dirty 2nd stage bootloader[0m
[0;32mI (24) boot: compile time Mar 23 2026 20:56:51[0m
[0;32mI (24) boot: Multicore bootloader[0m
[0;32mI (25) boot: chip revision: v0.2[0m
[0;32mI (28) boot: efuse block revision: v1.3[0m
[0;32mI (31) boot.esp32s3: Boot SPI Speed : 80MHz[0m
[0;32mI (35) boot.esp32s3: SPI Mode       : DIO[0m
[0;32mI (39) boot.esp32s3: SPI Flash Size : 2MB[0m
[0;32mI (43) boot: Enabling RNG early entropy source...[0m
[0;32mI (47) boot: Partition Table:[0m
[0;32mI (50) boot: ## Label            Usage          Type ST Offset   Length[0m
[0;32mI (56) boot:  0 nvs              WiFi data        01 02 00009000 00006000[0m
[0;32mI (62) boot:  1 phy_init         RF data          01 01 0000f000 00001000[0m
[0;32mI (69) boot:  2 factory          factory app      00 00 00010000 00100000[0m
[0;32mI (76) boot: End of partition table[0m
[0;32mI (79) esp_image: segment 0: paddr=00010020 vaddr=3c030020 size=0d33ch ( 54076) map[0m
[0;32mI (96) esp_image: segment 1: paddr=0001d364 vaddr=3fc93c00 size=02cb4h ( 11444) load[0m
[0;32mI (99) esp_image: segment 2: paddr=00020020 vaddr=42000020 size=20568h (132456) map[0m
[0;32mI (124) esp_image: segment 3: paddr=00040590 vaddr=3fc968b4 size=0030ch (   780) load[0m
[0;32mI (125) esp_image: segment 4: paddr=000408a4 vaddr=40374000 size=0fbc8h ( 64456) load[0m
[0;32mI (142) esp_image: segment 5: paddr=00050474 vaddr=50000000 size=00020h (    32) load[0m
[0;32mI (149) boot: Loaded app from partition at offset 0x10000[0m
[0;32mI (149) boot: Disabling RNG early entropy source...[0m
[0;32mI (160) cpu_start: Multicore app[0m
[0;32mI (168) cpu_start: GPIO 44 and 43 are used as console UART I/O pins[0m
[0;32mI (169) cpu_start: Pro cpu start user code[0m
[0;32mI (169) cpu_start: cpu freq: 160000000 Hz[0m
[0;32mI (171) app_init: Application information:[0m
[0;32mI (175) app_init: Project name:     proyecto_micro_algas[0m
[0;32mI (180) app_init: App version:      8f6b2ea-dirty[0m
[0;32mI (184) app_init: Compile time:     Mar 31 2026 17:26:34[0m
[0;32mI (189) app_init: ELF file SHA256:  36c82e18b...[0m
[0;32mI (193) app_init: ESP-IDF:          v5.5.3-dirty[0m
[0;32mI (198) efuse_init: Min chip rev:     v0.0[0m
[0;32mI (202) efuse_init: Max chip rev:     v0.99 [0m
[0;32mI (206) efuse_init: Chip rev:         v0.2[0m
[0;32mI (209) heap_init: Initializing. RAM available for dynamic allocation:[0m
[0;32mI (216) heap_init: At 3FC97960 len 00051DB0 (327 KiB): RAM[0m
[0;32mI (221) heap_init: At 3FCE9710 len 00005724 (21 KiB): RAM[0m
[0;32mI (226) heap_init: At 3FCF0000 len 00008000 (32 KiB): DRAM[0m
[0;32mI (231) heap_init: At 600FE000 len 00001FE8 (7 KiB): RTCRAM[0m
[0;32mI (237) spi_flash: detected chip: gd[0m
[0;32mI (240) spi_flash: flash io: dio[0m
[0;33mW (243) spi_flash: Detected size(16384k) larger than the size in the binary image header(2048k). Using the size in the binary image header.[0m
[1;31mE (255) i2c: CONFLICT! driver_ng is not allowed to be used with this old driver[0m

abort() was called at PC 0x42010b07 on core 0


Backtrace: 0x4037a8c5:0x3fceb200 0x4037a88d:0x3fceb220 0x40381491:0x3fceb240 0x42010b07:0x3fceb2b0 0x4200293b:0x3fceb2d0 0x42002a22:0x3fceb2f0 0x40375499:0x3fceb310 0x403ccc40:0x3fceb340 0x403cd085:0x3fceb380 0x403c898d:0x3fceb4b0 0x40045c01:0x3fceb570 0x40043ab6:0x3fceb6f0 0x40034c45:0x3fceb710




ELF file SHA256: 36c82e18b

Rebooting...
ESP-ROM:esp32s3-20210327
Build:Mar 27 2021
rst:0xc (RTC_SW_CPU_RST),boot:0x2b (SPI_FAST_FLASH_BOOT)
Saved PC:0x4037aa14
SPIWP:0xee
mode:DIO, clock div:1
load:0x3fce2820,len:0x14f0
load:0x403c8700,len:0xd24
load:0x403cb700,len:0x2ef0
entry 0x403c8924
[0;32mI (24) boot: ESP-IDF v5.5.3-dirty 2nd stage bootloader[0m
[0;32mI (24) boot: compile time Mar 23 2026 20:56:51[0m
[0;32mI (24) boot: Multicore bootloader[0m
[0;32mI (25) boot: chip revision: v0.2[0m
[0;32mI (28) boot: efuse block revision: v1.3[0m
[0;32mI (31) boot.esp32s3: Boot SPI Speed : 80MHz[0m
[0;32mI (35) boot.esp32s3: SPI Mode       : DIO[0m
[0;32mI (39) boot.esp32s3: SPI Flash Size : 2MB[0m
[0;32mI (43) boot: Enabling RNG early entropy source...[0m
[0;32mI (47) boot: Partition Table:[0m
[0;32mI (50) boot: ## Label            Usage          Type ST Offset   Length[0m
[0;32mI (56) boot:  0 nvs              WiFi data        01 02 00009000 00006000[0m
[0;32mI (62) boot:  1 phy_init         RF data          01 01 0000f000 00001000[0m
[0;32mI (69) boot:  2 factory          factory app      00 00 00010000 00100000[0m
[0;32mI (76) boot: End of partition table[0m
[0;32mI (79) esp_image: segment 0: paddr=00010020 vaddr=3c030020 size=0d33ch ( 54076) map[0m
[0;32mI (96) esp_image: segment 1: paddr=0001d364 vaddr=3fc93c00 size=02cb4h ( 11444) load[0m
[0;32mI (99) esp_image: segment 2: paddr=00020020 vaddr=42000020 size=20568h (132456) map[0m
[0;32mI (124) esp_image: segment 3: paddr=00040590 vaddr=3fc968b4 size=0030ch (   780) load[0m
[0;32mI (125) esp_image: segment 4: paddr=000408a4 vaddr=40374000 size=0fbc8h ( 64456) load[0m
[0;32mI (142) esp_image: segment 5: paddr=00050474 vaddr=50000000 size=00020h (    32) load[0m
[0;32mI (149) boot: Loaded app from partition at offset 0x10000[0m
[0;32mI (149) boot: Disabling RNG early entropy source...[0m
[0;32mI (160) cpu_start: Multicore app[0m
[0;32mI (168) cpu_start: GPIO 44 and 43 are used as console UART I/O pins[0m
[0;32mI (169) cpu_start: Pro cpu start user code[0m
[0;32mI (169) cpu_start: cpu freq: 160000000 Hz[0m
[0;32mI (171) app_init: Application information:[0m
[0;32mI (175) app_init: Project name:     proyecto_micro_algas[0m
[0;32mI (180) app_init: App version:      8f6b2ea-dirty[0m
[0;32mI (184) app_init: Compile time:     Mar 31 2026 17:26:34[0m
[0;32mI (189) app_init: ELF file SHA256:  36c82e18b...[0m
[0;32mI (193) app_init: ESP-IDF:          v5.5.3-dirty[0m
[0;32mI (198) efuse_init: Min chip rev:     v0.0[0m
[0;32mI (202) efuse_init: Max chip rev:     v0.99 [0m
[0;32mI (206) efuse_init: Chip rev:         v0.2[0m
[0;32mI (209) heap_init: Initializing. RAM available for dynamic allocation:[0m
[0;32mI (216) heap_init: At 3FC97960 len 00051DB0 (327 KiB): RAM[0m
[0;32mI (221) heap_init: At 3FCE9710 len 00005724 (21 KiB): RAM[0m
[0;32mI (226) heap_init: At 3FCF0000 len 00008000 (32 KiB): DRAM[0m
[0;32mI (231) heap_init: At 600FE000 len 00001FE8 (7 KiB): RTCRAM[0m
[0;32mI (237) spi_flash: detected chip: gd[0m
[0;32mI (240) spi_flash: flash io: dio[0m
[0;33mW (243) spi_flash: Detected size(16384k) larger than the size in the binary image header(2048k). Using the size in the binary image header.[0m
[1;31mE (255) i2c: CONFLICT! driver_ng is not allowed to be used with this old driver[0m

abort() was called at PC 0x42010b07 on core 0


Backtrace: 0x4037a8c5:0x3fceb200 0x4037a88d:0x3fceb220 0x40381491:0x3fceb240 0x42010b07:0x3fceb2b0 0x4200293b:0x3fceb2d0 0x42002a22:0x3fceb2f0 0x40375499:0x3fceb310 0x403ccc40:0x3fceb340 0x403cd085:0x3fceb380 0x403c898d:0x3fceb4b0 0x40045c01:0x3fceb570 0x40043ab6:0x3fceb6f0 0x40034c45:0x3fceb710




ELF file SHA256: 36c82e18b

Rebooting...
ESP-ROM:esp32s3-20210327
Build:Mar 27 2021
rst:0xc (RTC_SW_CPU_RST),boot:0x2b (SPI_FAST_FLASH_BOOT)
Saved PC:0x4037aa14
SPIWP:0xee
mode:DIO, clock div:1
load:0x3fce2820,len:0x14f0
load:0x403c8700,len:0xd24
load:0x403cb700,len:0x2ef0
entry 0x403c8924
[0;32mI (24) boot: ESP-IDF v5.5.3-dirty 2nd stage bootloader[0m
[0;32mI (24) boot: compile time Mar 23 2026 20:56:51[0m
[0;32mI (24) boot: Multicore bootloader[0m
[0;32mI (25) boot: chip revision: v0.2[0m
[0;32mI (28) boot: efuse block revision: v1.3[0m
[0;32mI (31) boot.esp32s3: Boot SPI Speed : 80MHz[0m
[0;32mI (35) boot.esp32s3: SPI Mode       : DIO[0m
[0;32mI (39) boot.esp32s3: SPI Flash Size : 2MB[0m
[0;32mI (43) boot: Enabling RNG early entropy source...[0m
[0;32mI (47) boot: Partition Table:[0m
[0;32mI (50) boot: ## Label            Usage          Type ST Offset   Length[0m
[0;32mI (56) boot:  0 nvs              WiFi data        01 02 00009000 00006000[0m
[0;32mI (62) boot:  1 phy_init         RF data          01 01 0000f000 00001000[0m
[0;32mI (69) boot:  2 factory          factory app      00 00 00010000 00100000[0m
[0;32mI (76) boot: End of partition table[0m
[0;32mI (79) esp_image: segment 0: paddr=00010020 vaddr=3c030020 size=0d33ch ( 54076) map[0m
[0;32mI (96) esp_image: segment 1: paddr=0001d364 vaddr=3fc93c00 size=02cb4h ( 11444) load[0m
[0;32mI (99) esp_image: segment 2: paddr=00020020 vaddr=42000020 size=20568h (132456) map[0m
[0;32mI (124) esp_image: segment 3: paddr=00040590 vaddr=3fc968b4 size=0030ch (   780) load[0m
[0;32mI (125) esp_image: segment 4: paddr=000408a4 vaddr=40374000 size=0fbc8h ( 64456) load[0m
[0;32mI (142) esp_image: segment 5: paddr=00050474 vaddr=50000000 size=00020h (    32) load[0m
[0;32mI (149) boot: Loaded app from partition at offset 0x10000[0m
[0;32mI (149) boot: Disabling RNG early entropy source...[0m
[0;32mI (160) cpu_start: Multicore app[0m
[0;32mI (168) cpu_start: GPIO 44 and 43 are used as console UART I/O pins[0m
[0;32mI (169) cpu_start: Pro cpu start user code[0m
[0;32mI (169) cpu_start: cpu freq: 160000000 Hz[0m
[0;32mI (171) app_init: Application information:[0m
[0;32mI (175) app_init: Project name:     proyecto_micro_algas[0m
[0;32mI (180) app_init: App version:      8f6b2ea-dirty[0m
[0;32mI (184) app_init: Compile time:     Mar 31 2026 17:26:34[0m
[0;32mI (189) app_init: ELF file SHA256:  36c82e18b...[0m
[0;32mI (193) app_init: ESP-IDF:          v5.5.3-dirty[0m
[0;32mI (198) efuse_init: Min chip rev:     v0.0[0m
[0;32mI (202) efuse_init: Max chip rev:     v0.99 [0m
[0;32mI (206) efuse_init: Chip rev:         v0.2[0m
[0;32mI (209) heap_init: Initializing. RAM available for dynamic allocation:[0m
[0;32mI (216) heap_init: At 3FC97960 len 00051DB0 (327 KiB): RAM[0m
[0;32mI (221) heap_init: At 3FCE9710 len 00005724 (21 KiB): RAM[0m
[0;32mI (226) heap_init: At 3FCF0000 len 00008000 (32 KiB): DRAM[0m
[0;32mI (231) heap_init: At 600FE000 len 00001FE8 (7 KiB): RTCRAM[0m
[0;32mI (237) spi_flash: detected chip: gd[0m
[0;32mI (240) spi_flash: flash io: dio[0m
[0;33mW (243) spi_flash: Detected size(16384k) larger than the size in the binary image header(2048k). Using the size in the binary image header.[0m
[1;31mE (255) i2c: CONFLICT! driver_ng is not allowed to be used with this old driver[0m

abort() was called at PC 0x42010b07 on core 0


Backtrace: 0x4037a8c5:0x3fceb200 0x4037a88d:0x3fceb220 0x40381491:0x3fceb240 0x42010b07:0x3fceb2b0 0x4200293b:0x3fceb2d0 0x42002a22:0x3fceb2f0 0x40375499:0x3fceb310 0x403ccc40:0x3fceb340 0x403cd085:0x3fceb380 0x403c898d:0x3fceb4b0 0x40045c01:0x3fceb570 0x40043ab6:0x3fceb6f0 0x40034c45:0x3fceb710




ELF file SHA256: 36c82e18b

Rebooting...
ESP-ROM:esp32s3-20210327
Build:Mar 27 2021
rst:0xc (RTC_SW_CPU_RST),boot:0x2b (SPI_FAST_FLASH_BOOT)
Saved PC:0x4037aa14
SPIWP:0xee
mode:DIO, clock div:1
load:0x3fce2820,len:0x14f0
load:0x403c8700,len:0xd24
load:0x403cb700,len:0x2ef0
entry 0x403c8924
[0;32mI (24) boot: ESP-IDF v5.5.3-dirty 2nd stage bootloader[0m
[0;32mI (24) boot: compile time Mar 23 2026 20:56:51[0m
[0;32mI (24) boot: Multicore bootloader[0m
[0;32mI (25) boot: chip revision: v0.2[0m
[0;32mI (28) boot: efuse block revision: v1.3[0m
[0;32mI (31) boot.esp32s3: Boot SPI Speed : 80MHz[0m
[0;32mI (35) boot.esp32s3: SPI Mode       : DIO[0m
[0;32mI (39) boot.esp32s3: SPI Flash Size : 2MB[0m
[0;32mI (43) boot: Enabling RNG early entropy source...[0m
[0;32mI (47) boot: Partition Table:[0m
[0;32mI (50) boot: ## Label            Usage          Type ST Offset   Length[0m
[0;32mI (56) boot:  0 nvs              WiFi data        01 02 00009000 00006000[0m
[0;32mI (62) boot:  1 phy_init         RF data          01 01 0000f000 00001000[0m
[0;32mI (69) boot:  2 factory          factory app      00 00 00010000 00100000[0m
[0;32mI (76) boot: End of partition table[0m
[0;32mI (79) esp_image: segment 0: paddr=00010020 vaddr=3c030020 size=0d33ch ( 54076) map[0m
[0;32mI (96) esp_image: segment 1: paddr=0001d364 vaddr=3fc93c00 size=02cb4h ( 11444) load[0m
[0;32mI (99) esp_image: segment 2: paddr=00020020 vaddr=42000020 size=20568h (132456) map[0m
[0;32mI (124) esp_image: segment 3: paddr=00040590 vaddr=3fc968b4 size=0030ch (   780) load[0m
[0;32mI (125) esp_image: segment 4: paddr=000408a4 vaddr=40374000 size=0fbc8h ( 64456) load[0m
[0;32mI (142) esp_image: segment 5: paddr=00050474 vaddr=50000000 size=00020h (    32) load[0m
[0;32mI (149) boot: Loaded app from partition at offset 0x10000[0m
[0;32mI (149) boot: Disabling RNG early entropy source...[0m
[0;32mI (160) cpu_start: Multicore app[0m
[0;32mI (168) cpu_start: GPIO 44 and 43 are used as console UART I/O pins[0m
[0;32mI (169) cpu_start: Pro cpu start user code[0m
[0;32mI (169) cpu_start: cpu freq: 160000000 Hz[0m
[0;32mI (171) app_init: Application information:[0m
[0;32mI (175) app_init: Project name:     proyecto_micro_algas[0m
[0;32mI (180) app_init: App version:      8f6b2ea-dirty[0m
[0;32mI (184) app_init: Compile time:     Mar 31 2026 17:26:34[0m
[0;32mI (189) app_init: ELF file SHA256:  36c82e18b...[0m
[0;32mI (193) app_init: ESP-IDF:          v5.5.3-dirty[0m
[0;32mI (198) efuse_init: Min chip rev:     v0.0[0m
[0;32mI (202) efuse_init: Max chip rev:     v0.99 [0m
[0;32mI (206) efuse_init: Chip rev:         v0.2[0m
[0;32mI (209) heap_init: Initializing. RAM available for dynamic allocation:[0m
[0;32mI (216) heap_init: At 3FC97960 len 00051DB0 (327 KiB): RAM[0m
[0;32mI (221) heap_init: At 3FCE9710 len 00005724 (21 KiB): RAM[0m
[0;32mI (226) heap_init: At 3FCF0000 len 00008000 (32 KiB): DRAM[0m
[0;32mI (231) heap_init: At 600FE000 len 00001FE8 (7 KiB): RTCRAM[0m
[0;32mI (237) spi_flash: detected chip: gd[0m
[0;32mI (240) spi_flash: flash io: dio[0m
[0;33mW (243) spi_flash: Detected size(16384k) larger than the size in the binary image header(2048k). Using the size in the binary image header.[0m
[1;31mE (255) i2c: CONFLICT! driver_ng is not allowed to be used with this old driver[0m

abort() was called at PC 0x42010b07 on core 0


Backtrace: 0x4037a8c5:0x3fceb200 0x4037a88d:0x3fceb220 0x40381491:0x3fceb240 0x42010b07:0x3fceb2b0 0x4200293b:0x3fceb2d0 0x42002a22:0x3fceb2f0 0x40375499:0x3fceb310 0x403ccc40:0x3fceb340 0x403cd085:0x3fceb380 0x403c898d:0x3fceb4b0 0x40045c01:0x3fceb570 0x40043ab6:0x3fceb6f0 0x40034c45:0x3fceb710




ELF file SHA256: 36c82e18b

Rebooting...
ESP-ROM:esp32s3-20210327
Build:Mar 27 2021
rst:0xc (RTC_SW_CPU_RST),boot:0x2b (SPI_FAST_FLASH_BOOT)
Saved PC:0x4037aa14
SPIWP:0xee
mode:DIO, clock div:1
load:0x3fce2820,len:0x14f0
load:0x403c8700,len:0xd24
load:0x403cb700,len:0x2ef0
entry 0x403c8924
[0;32mI (24) boot: ESP-IDF v5.5.3-dirty 2nd stage bootloader[0m
[0;32mI (24) boot: compile time Mar 23 2026 20:56:51[0m
[0;32mI (24) boot: Multicore bootloader[0m
[0;32mI (25) boot: chip revision: v0.2[0m
[0;32mI (28) boot: efuse block revision: v1.3[0m
[0;32mI (31) boot.esp32s3: Boot SPI Speed : 80MHz[0m
[0;32mI (35) boot.esp32s3: SPI Mode       : DIO[0m
[0;32mI (39) boot.esp32s3: SPI Flash Size : 2MB[0m
[0;32mI (43) boot: Enabling RNG early entropy source...[0m
[0;32mI (47) boot: Partition Table:[0m
[0;32mI (50) boot: ## Label            Usage          Type ST Offset   Length[0m
[0;32mI (56) boot:  0 nvs              WiFi data        01 02 00009000 00006000[0m
[0;32mI (62) boot:  1 phy_init         RF data          01 01 0000f000 00001000[0m
[0;32mI (69) boot:  2 factory          factory app      00 00 00010000 00100000[0m
[0;32mI (76) boot: End of partition table[0m
[0;32mI (79) esp_image: segment 0: paddr=00010020 vaddr=3c030020 size=0d33ch ( 54076) map[0m
[0;32mI (96) esp_image: segment 1: paddr=0001d364 vaddr=3fc93c00 size=02cb4h ( 11444) load[0m
[0;32mI (99) esp_image: segment 2: paddr=00020020 vaddr=42000020 size=20568h (132456) map[0m
[0;32mI (124) esp_image: segment 3: paddr=00040590 vaddr=3fc968b4 size=0030ch (   780) load[0m
[0;32mI (125) esp_image: segment 4: paddr=000408a4 vaddr=40374000 size=0fbc8h ( 64456) load[0m
[0;32mI (142) esp_image: segment 5: paddr=00050474 vaddr=50000000 size=00020h (    32) load[0m
[0;32mI (149) boot: Loaded app from partition at offset 0x10000[0m
[0;32mI (149) boot: Disabling RNG early entropy source...[0m
[0;32mI (160) cpu_start: Multicore app[0m
[0;32mI (168) cpu_start: GPIO 44 and 43 are used as console UART I/O pins[0m
[0;32mI (169) cpu_start: Pro cpu start user code[0m
[0;32mI (169) cpu_start: cpu freq: 160000000 Hz[0m
[0;32mI (171) app_init: Application information:[0m
[0;32mI (175) app_init: Project name:     proyecto_micro_algas[0m
[0;32mI (180) app_init: App version:      8f6b2ea-dirty[0m
[0;32mI (184) app_init: Compile time:     Mar 31 2026 17:26:34[0m
[0;32mI (189) app_init: ELF file SHA256:  36c82e18b...[0m
[0;32mI (193) app_init: ESP-IDF:          v5.5.3-dirty[0m
[0;32mI (198) efuse_init: Min chip rev:     v0.0[0m
[0;32mI (202) efuse_init: Max chip rev:     v0.99 [0m
[0;32mI (206) efuse_init: Chip rev:         v0.2[0m
[0;32mI (209) heap_init: Initializing. RAM available for dynamic allocation:[0m
[0;32mI (216) heap_init: At 3FC97960 len 00051DB0 (327 KiB): RAM[0m
[0;32mI (221) heap_init: At 3FCE9710 len 00005724 (21 KiB): RAM[0m
[0;32mI (226) heap_init: At 3FCF0000 len 00008000 (32 KiB): DRAM[0m
[0;32mI (231) heap_init: At 600FE000 len 00001FE8 (7 KiB): RTCRAM[0m
[0;32mI (237) spi_flash: detected chip: gd[0m
[0;32mI (240) spi_flash: flash io: dio[0m
[0;33mW (243) spi_flash: Detected size(16384k) larger than the size in the binary image header(2048k). Using the size in the binary image header.[0m
[1;31mE (255) i2c: CONFLICT! driver_ng is not allowed to be used with this old driver[0m

abort() was called at PC 0x42010b07 on core 0


Backtrace: 0x4037a8c5:0x3fceb200 0x4037a88d:0x3fceb220 0x40381491:0x3fceb240 0x42010b07:0x3fceb2b0 0x4200293b:0x3fceb2d0 0x42002a22:0x3fceb2f0 0x40375499:0x3fceb310 0x403ccc40:0x3fceb340 0x403cd085:0x3fceb380 0x403c898d:0x3fceb4b0 0x40045c01:0x3fceb570 0x40043ab6:0x3fceb6f0 0x40034c45:0x3fceb710




ELF file SHA256: 36c82e18b

Rebooting...
ESP-ROM:esp32s3-20210327
Build:Mar 27 2021
rst:0xc (RTC_SW_CPU_RST),boot:0x2b (SPI_FAST_FLASH_BOOT)
Saved PC:0x4037aa14
SPIWP:0xee
mode:DIO, clock div:1
load:0x3fce2820,len:0x14f0
load:0x403c8700,len:0xd24
load:0x403cb700,len:0x2ef0
entry 0x403c8924
[0;32mI (24) boot: ESP-IDF v5.5.3-dirty 2nd stage bootloader[0m
[0;32mI (24) boot: compile time Mar 23 2026 20:56:51[0m
[0;32mI (24) boot: Multicore bootloader[0m
[0;32mI (25) boot: chip revision: v0.2[0m
[0;32mI (28) boot: efuse block revision: v1.3[0m
[0;32mI (31) boot.esp32s3: Boot SPI Speed : 80MHz[0m
[0;32mI (35) boot.esp32s3: SPI Mode       : DIO[0m
[0;32mI (39) boot.esp32s3: SPI Flash Size : 2MB[0m
[0;32mI (43) boot: Enabling RNG early entropy source...[0m
[0;32mI (47) boot: Partition Table:[0m
[0;32mI (50) boot: ## Label            Usage          Type ST Offset   Length[0m
[0;32mI (56) boot:  0 nvs              WiFi data        01 02 00009000 00006000[0m
[0;32mI (62) boot:  1 phy_init         RF data          01 01 0000f000 00001000[0m
[0;32mI (69) boot:  2 factory          factory app      00 00 00010000 00100000[0m
[0;32mI (76) boot: End of partition table[0m
[0;32mI (79) esp_image: segment 0: paddr=00010020 vaddr=3c030020 size=0d33ch ( 54076) map[0m
[0;32mI (96) esp_image: segment 1: paddr=0001d364 vaddr=3fc93c00 size=02cb4h ( 11444) load[0m
[0;32mI (99) esp_image: segment 2: paddr=00020020 vaddr=42000020 size=20568h (132456) map[0m
[0;32mI (124) esp_image: segment 3: paddr=00040590 vaddr=3fc968b4 size=0030ch (   780) load[0m
[0;32mI (125) esp_image: segment 4: paddr=000408a4 vaddr=40374000 size=0fbc8h ( 64456) load[0m
[0;32mI (142) esp_image: segment 5: paddr=00050474 vaddr=50000000 size=00020h (    32) load[0m
[0;32mI (149) boot: Loaded app from partition at offset 0x10000[0m
[0;32mI (149) boot: Disabling RNG early entropy source...[0m
[0;32mI (160) cpu_start: Multicore app[0m
[0;32mI (168) cpu_start: GPIO 44 and 43 are used as console UART I/O pins[0m
[0;32mI (169) cpu_start: Pro cpu start user code[0m
[0;32mI (169) cpu_start: cpu freq: 160000000 Hz[0m
[0;32mI (171) app_init: Application information:[0m
[0;32mI (175) app_init: Project name:     proyecto_micro_algas[0m
[0;32mI (180) app_init: App version:      8f6b2ea-dirty[0m
[0;32mI (184) app_init: Compile time:     Mar 31 2026 17:26:34[0m
[0;32mI (189) app_init: ELF file SHA256:  36c82e18b...[0m
[0;32mI (193) app_init: ESP-IDF:          v5.5.3-dirty[0m
[0;32mI (198) efuse_init: Min chip rev:     v0.0[0m
[0;32mI (202) efuse_init: Max chip rev:     v0.99 [0m
[0;32mI (206) efuse_init: Chip rev:         v0.2[0m
[0;32mI (209) heap_init: Initializing. RAM available for dynamic allocation:[0m
[0;32mI (216) heap_init: At 3FC97960 len 00051DB0 (327 KiB): RAM[0m
[0;32mI (221) heap_init: At 3FCE9710 len 00005724 (21 KiB): RAM[0m
[0;32mI (226) heap_init: At 3FCF0000 len 00008000 (32 KiB): DRAM[0m
[0;32mI (231) heap_init: At 600FE000 len 00001FE8 (7 KiB): RTCRAM[0m
[0;32mI (237) spi_flash: detected chip: gd[0m
[0;32mI (240) spi_flash: flash io: dio[0m
[0;33mW (243) spi_flash: Detected size(16384k) larger than the size in the binary image header(2048k). Using the size in the binary image header.[0m
[1;31mE (255) i2c: CONFLICT! driver_ng is not allowed to be used with this old driver[0m

abort() was called at PC 0x42010b07 on core 0


Backtrace: 0x4037a8c5:0x3fceb200 0x4037a88d:0x3fceb220 0x40381491:0x3fceb240 0x42010b07:0x3fceb2b0 0x4200293b:0x3fceb2d0 0x42002a22:0x3fceb2f0 0x40375499:0x3fceb310 0x403ccc40:0x3fceb340 0x403cd085:0x3fceb380 0x403c898d:0x3fceb4b0 0x40045c01:0x3fceb570 0x40043ab6:0x3fceb6f0 0x40034c45:0x3fceb710




ELF file SHA256: 36c82e18b

Rebooting...
ESP-ROM:esp32s3-20210327
Build:Mar 27 2021
rst:0xc (RTC_SW_CPU_RST),boot:0x2b (SPI_FAST_FLASH_BOOT)
Saved PC:0x4037aa14
SPIWP:0xee
mode:DIO, clock div:1
load:0x3fce2820,len:0x14f0
load:0x403c8700,len:0xd24
load:0x403cb700,len:0x2ef0
entry 0x403c8924
[0;32mI (24) boot: ESP-IDF v5.5.3-dirty 2nd stage bootloader[0m
[0;32mI (24) boot: compile time Mar 23 2026 20:56:51[0m
[0;32mI (24) boot: Multicore bootloader[0m
[0;32mI (25) boot: chip revision: v0.2[0m
[0;32mI (28) boot: efuse block revision: v1.3[0m
[0;32mI (31) boot.esp32s3: Boot SPI Speed : 80MHz[0m
[0;32mI (35) boot.esp32s3: SPI Mode       : DIO[0m
[0;32mI (39) boot.esp32s3: SPI Flash Size : 2MB[0m
[0;32mI (43) boot: Enabling RNG early entropy source...[0m
[0;32mI (47) boot: Partition Table:[0m
[0;32mI (50) boot: ## Label            Usage          Type ST Offset   Length[0m
[0;32mI (56) boot:  0 nvs              WiFi data        01 02 00009000 00006000[0m
[0;32mI (62) boot:  1 phy_init         RF data          01 01 0000f000 00001000[0m
[0;32mI (69) boot:  2 factory          factory app      00 00 00010000 00100000[0m
[0;32mI (76) boot: End of partition table[0m
[0;32mI (79) esp_image: segment 0: paddr=00010020 vaddr=3c030020 size=0d33ch ( 54076) map[0m
[0;32mI (96) esp_image: segment 1: paddr=0001d364 vaddr=3fc93c00 size=02cb4h ( 11444) load[0m
[0;32mI (99) esp_image: segment 2: paddr=00020020 vaddr=42000020 size=20568h (132456) map[0m
[0;32mI (124) esp_image: segment 3: paddr=00040590 vaddr=3fc968b4 size=0030ch (   780) load[0m
[0;32mI (125) esp_image: segment 4: paddr=000408a4 vaddr=40374000 size=0fbc8h ( 64456) load[0m
[0;32mI (142) esp_image: segment 5: paddr=00050474 vaddr=50000000 size=00020h (    32) load[0m
[0;32mI (149) boot: Loaded app from partition at offset 0x10000[0m
[0;32mI (149) boot: Disabling RNG early entropy source...[0m
[0;32mI (160) cpu_start: Multicore app[0m
[0;32mI (168) cpu_start: GPIO 44 and 43 are used as console UART I/O pins[0m
[0;32mI (169) cpu_start: Pro cpu start user code[0m
[0;32mI (169) cpu_start: cpu freq: 160000000 Hz[0m
[0;32mI (171) app_init: Application information:[0m
[0;32mI (175) app_init: Project name:     proyecto_micro_algas[0m
[0;32mI (180) app_init: App version:      8f6b2ea-dirty[0m
[0;32mI (184) app_init: Compile time:     Mar 31 2026 17:26:34[0m
[0;32mI (189) app_init: ELF file SHA256:  36c82e18b...[0m
[0;32mI (193) app_init: ESP-IDF:          v5.5.3-dirty[0m
[0;32mI (198) efuse_init: Min chip rev:     v0.0[0m
[0;32mI (202) efuse_init: Max chip rev:     v0.99 [0m
[0;32mI (206) efuse_init: Chip rev:         v0.2[0m
[0;32mI (209) heap_init: Initializing. RAM available for dynamic allocation:[0m
[0;32mI (216) heap_init: At 3FC97960 len 00051DB0 (327 KiB): RAM[0m
[0;32mI (221) heap_init: At 3FCE9710 len 00005724 (21 KiB): RAM[0m
[0;32mI (226) heap_init: At 3FCF0000 len 00008000 (32 KiB): DRAM[0m
[0;32mI (231) heap_init: At 600FE000 len 00001FE8 (7 KiB): RTCRAM[0m
[0;32mI (237) spi_flash: detected chip: gd[0m
[0;32mI (240) spi_flash: flash io: dio[0m
[0;33mW (243) spi_flash: Detected size(16384k) larger than the size in the binary image header(2048k). Using the size in the binary image header.[0m
[1;31mE (255) i2c: CONFLICT! driver_ng is not allowed to be used with this old driver[0m

abort() was called at PC 0x42010b07 on core 0


Backtrace: 0x4037a8c5:0x3fceb200 0x4037a88d:0x3fceb220 0x40381491:0x3fceb240 0x42010b07:0x3fceb2b0 0x4200293b:0x3fceb2d0 0x42002a22:0x3fceb2f0 0x40375499:0x3fceb310 0x403ccc40:0x3fceb340 0x403cd085:0x3fceb380 0x403c898d:0x3fceb4b0 0x40045c01:0x3fceb570 0x40043ab6:0x3fceb6f0 0x40034c45:0x3fceb710




ELF file SHA256: 36c82e18b

Rebooting...
ESP-ROM:esp32s3-20210327
Build:Mar 27 2021
rst:0xc (RTC_SW_CPU_RST),boot:0x2b (SPI_FAST_FLASH_BOOT)
Saved PC:0x4037aa14
SPIWP:0xee
mode:DIO, clock div:1
load:0x3fce2820,len:0x14f0
load:0x403c8700,len:0xd24
load:0x403cb700,len:0x2ef0
entry 0x403c8924
[0;32mI (24) boot: ESP-IDF v5.5.3-dirty 2nd stage bootloader[0m
[0;32mI (24) boot: compile time Mar 23 2026 20:56:51[0m
[0;32mI (24) boot: Multicore bootloader[0m
[0;32mI (25) boot: chip revision: v0.2[0m
[0;32mI (28) boot: efuse block revision: v1.3[0m
[0;32mI (31) boot.esp32s3: Boot SPI Speed : 80MHz[0m
[0;32mI (35) boot.esp32s3: SPI Mode       : DIO[0m
[0;32mI (39) boot.esp32s3: SPI Flash Size : 2MB[0m
[0;32mI (43) boot: Enabling RNG early entropy source...[0m
[0;32mI (47) boot: Partition Table:[0m
[0;32mI (50) boot: ## Label            Usage          Type ST Offset   Length[0m
[0;32mI (56) boot:  0 nvs              WiFi data        01 02 00009000 00006000[0m
[0;32mI (62) boot:  1 phy_init         RF data          01 01 0000f000 00001000[0m
[0;32mI (69) boot:  2 factory          factory app      00 00 00010000 00100000[0m
[0;32mI (76) boot: End of partition table[0m
[0;32mI (79) esp_image: segment 0: paddr=00010020 vaddr=3c030020 size=0d33ch ( 54076) map[0m
[0;32mI (96) esp_image: segment 1: paddr=0001d364 vaddr=3fc93c00 size=02cb4h ( 11444) load[0m
[0;32mI (99) esp_image: segment 2: paddr=00020020 vaddr=42000020 size=20568h (132456) map[0m
[0;32mI (124) esp_image: segment 3: paddr=00040590 vaddr=3fc968b4 size=0030ch (   780) load[0m
[0;32mI (125) esp_image: segment 4: paddr=000408a4 vaddr=40374000 size=0fbc8h ( 64456) load[0m
[0;32mI (142) esp_image: segment 5: paddr=00050474 vaddr=50000000 size=00020h (    32) load[0m
[0;32mI (149) boot: Loaded app from partition at offset 0x10000[0m
[0;32mI (149) boot: Disabling RNG early entropy source...[0m
[0;32mI (160) cpu_start: Multicore app[0m
[0;32mI (168) cpu_start: GPIO 44 and 43 are used as console UART I/O pins[0m
[0;32mI (169) cpu_start: Pro cpu start user code[0m
[0;32mI (169) cpu_start: cpu freq: 160000000 Hz[0m
[0;32mI (171) app_init: Application information:[0m
[0;32mI (175) app_init: Project name:     proyecto_micro_algas[0m
[0;32mI (180) app_init: App version:      8f6b2ea-dirty[0m
[0;32mI (184) app_init: Compile time:     Mar 31 2026 17:26:34[0m
[0;32mI (189) app_init: ELF file SHA256:  36c82e18b...[0m
[0;32mI (193) app_init: ESP-IDF:          v5.5.3-dirty[0m
[0;32mI (198) efuse_init: Min chip rev:     v0.0[0m
[0;32mI (202) efuse_init: Max chip rev:     v0.99 [0m
[0;32mI (206) efuse_init: Chip rev:         v0.2[0m
[0;32mI (209) heap_init: Initializing. RAM available for dynamic allocation:[0m
[0;32mI (216) heap_init: At 3FC97960 len 00051DB0 (327 KiB): RAM[0m
[0;32mI (221) heap_init: At 3FCE9710 len 00005724 (21 KiB): RAM[0m
[0;32mI (226) heap_init: At 3FCF0000 len 00008000 (32 KiB): DRAM[0m
[0;32mI (231) heap_init: At 600FE000 len 00001FE8 (7 KiB): RTCRAM[0m
[0;32mI (237) spi_flash: detected chip: gd[0m
[0;32mI (240) spi_flash: flash io: dio[0m
[0;33mW (243) spi_flash: Detected size(16384k) larger than the size in the binary image header(2048k). Using the size in the binary image header.[0m
[1;31mE (255) i2c: CONFLICT! driver_ng is not allowed to be used with this old driver[0m

abort() was called at PC 0x42010b07 on core 0


Backtrace: 0x4037a8c5:0x3fceb200 0x4037a88d:0x3fceb220 0x40381491:0x3fceb240 0x42010b07:0x3fceb2b0 0x4200293b:0x3fceb2d0 0x42002a22:0x3fceb2f0 0x40375499:0x3fceb310 0x403ccc40:0x3fceb340 0x403cd085:0x3fceb380 0x403c898d:0x3fceb4b0 0x40045c01:0x3fceb570 0x40043ab6:0x3fceb6f0 0x40034c45:0x3fceb710




ELF file SHA256: 36c82e18b

Rebooting...
ESP-ROM:esp32s3-20210327
Build:Mar 27 2021
rst:0xc (RTC_SW_CPU_RST),boot:0x2b (SPI_FAST_FLASH_BOOT)
Saved PC:0x4037aa14
SPIWP:0xee
mode:DIO, clock div:1
load:0x3fce2820,len:0x14f0
load:0x403c8700,len:0xd24
load:0x403cb700,len:0x2ef0
entry 0x403c8924
