Command: C:\Users\luisd\.espressif\python_env\idf5.5_py3.13_env\Scripts\python.exe C:\espressif\esp-idf-v5.5.3\tools/idf_monitor.py -p COM4 -b 115200 --toolchain-prefix xtensa-esp32s3-elf- --target esp32s3 --revision 0 C:\Personal\Codes\Code\C\esp-idf\EmbeddedSystemsRobotin\proyecto_micro_algas\build\proyecto_micro_algas.elf C:\Personal\Codes\Code\C\esp-idf\EmbeddedSystemsRobotin\proyecto_micro_algas\build\bootloader\bootloader.elf --force-color -m 'C:\Users\luisd\.espressif\python_env\idf5.5_py3.13_env\Scripts\python.exe' 'C:\espressif\esp-idf-v5.5.3\tools\idf.py'
ESP-ROM:esp32s3-20210327
Build:Mar 27 2021
rst:0x15 (USB_UART_CHIP_RESET),boot:0x8 (SPI_FAST_FLASH_BOOT)
Saved PC:0x40377f52
SPIWP:0xee
mode:DIO, clock div:1
load:0x3fce2820,len:0x14f0
load:0x403c8700,len:0xd24
load:0x403cb700,len:0x2ef0
entry 0x403c8924
[0;32mI (24) boot: ESP-IDF v5.5.3-dirty 2nd stage bootloader[0m
[0;32mI (24) boot: compile time Mar 23 2026 20:56:51[0m
[0;32mI (25) boot: Multicore bootloader[0m
[0;32mI (25) boot: chip revision: v0.2[0m
[0;32mI (28) boot: efuse block revision: v1.3[0m
[0;32mI (32) boot.esp32s3: Boot SPI Speed : 80MHz[0m
[0;32mI (35) boot.esp32s3: SPI Mode       : DIO[0m
[0;32mI (39) boot.esp32s3: SPI Flash Size : 2MB[0m
[0;32mI (43) boot: Enabling RNG early entropy source...[0m
[0;32mI (47) boot: Partition Table:[0m
[0;32mI (50) boot: ## Label            Usage          Type ST Offset   Length[0m
[0;32mI (56) boot:  0 nvs              WiFi data        01 02 00009000 00006000[0m
[0;32mI (63) boot:  1 phy_init         RF data          01 01 0000f000 00001000[0m
[0;32mI (69) boot:  2 factory          factory app      00 00 00010000 00100000[0m
[0;32mI (76) boot: End of partition table[0m
[0;32mI (79) esp_image: segment 0: paddr=00010020 vaddr=3c020020 size=0b8c4h ( 47300) map[0m
[0;32mI (95) esp_image: segment 1: paddr=0001b8ec vaddr=3fc93800 size=02f30h ( 12080) load[0m
[0;32mI (98) esp_image: segment 2: paddr=0001e824 vaddr=40374000 size=017f4h (  6132) load[0m
[0;32mI (103) esp_image: segment 3: paddr=00020020 vaddr=42000020 size=1a86ch (108652) map[0m
[0;32mI (128) esp_image: segment 4: paddr=0003a894 vaddr=403757f4 size=0df70h ( 57200) load[0m
[0;32mI (141) esp_image: segment 5: paddr=0004880c vaddr=50000000 size=00020h (    32) load[0m
[0;32mI (147) boot: Loaded app from partition at offset 0x10000[0m
[0;32mI (148) boot: Disabling RNG early entropy source...[0m
[0;32mI (159) cpu_start: Multicore app[0m
[0;32mI (167) cpu_start: GPIO 44 and 43 are used as console UART I/O pins[0m
[0;32mI (168) cpu_start: Pro cpu start user code[0m
[0;32mI (168) cpu_start: cpu freq: 160000000 Hz[0m
[0;32mI (169) app_init: Application information:[0m
[0;32mI (173) app_init: Project name:     proyecto_micro_algas[0m
[0;32mI (178) app_init: App version:      b08c579-dirty[0m
[0;32mI (183) app_init: Compile time:     Mar 24 2026 17:39:58[0m
[0;32mI (188) app_init: ELF file SHA256:  33e057ffb...[0m
[0;32mI (192) app_init: ESP-IDF:          v5.5.3-dirty[0m
[0;32mI (196) efuse_init: Min chip rev:     v0.0[0m
[0;32mI (200) efuse_init: Max chip rev:     v0.99 [0m
[0;32mI (204) efuse_init: Chip rev:         v0.2[0m
[0;32mI (208) heap_init: Initializing. RAM available for dynamic allocation:[0m
[0;32mI (214) heap_init: At 3FC97470 len 000522A0 (328 KiB): RAM[0m
[0;32mI (220) heap_init: At 3FCE9710 len 00005724 (21 KiB): RAM[0m
[0;32mI (225) heap_init: At 3FCF0000 len 00008000 (32 KiB): DRAM[0m
[0;32mI (230) heap_init: At 600FE000 len 00001FE8 (7 KiB): RTCRAM[0m
[0;32mI (236) spi_flash: detected chip: gd[0m
[0;32mI (238) spi_flash: flash io: dio[0m
[0;33mW (241) spi_flash: Detected size(16384k) larger than the size in the binary image header(2048k). Using the size in the binary image header.[0m
[0;33mW (254) i2c: This driver is an old driver, please migrate your application code to adapt `driver/i2c_master.h`[0m
[0;32mI (263) sleep_gpio: Configure to isolate all GPIO pins in sleep state[0m
[0;32mI (270) sleep_gpio: Enable automatic switching of GPIO sleep configuration[0m
[0;32mI (277) main_task: Started on CPU0[0m
[0;32mI (287) main_task: Calling app_main()[0m
[0;32mI (287) u8g2_hal: sda_io_num 11[0m
[0;32mI (287) u8g2_hal: scl_io_num 12[0m
[0;32mI (287) u8g2_hal: clk_speed 50000[0m
[0;32mI (287) u8g2_hal: i2c_param_config 1[0m
[0;32mI (297) u8g2_hal: i2c_driver_install 1[0m
[1;31mE (173667) err: esp_err_t = -1[0m

assert failed: u8g2_esp32_i2c_byte_cb u8g2_esp32_hal.c:179 (0 && "i2c_master_cmd_begin(I2C_MASTER_NUM, handle_i2c, pdMS_TO_TICKS(I2C_TIMEOUT_MS))")


Backtrace: 0x4037a515:0x3fceb550 0x4037a4dd:0x3fceb570 0x40381199:0x3fceb590 0x420099b6:0x3fceb6b0 0x420184dd:0x3fceb6f0 0x4200a3ff:0x3fceb710 0x420182f6:0x3fceb730 0x4200a658:0x3fceb750 0x4200a6ac:0x3fceb770 0x42018381:0x3fceb790 0x42009b8e:0x3fceb7c0 0x42009bae:0x3fceb7e0 0x42009bee:0x3fceb800 0x42009692:0x3fceb820 0x4037b125:0x3fceb8f0




ELF file SHA256: 33e057ffb

Rebooting...
ESP-ROM:esp32s3-20210327
Build:Mar 27 2021
rst:0xc (RTC_SW_CPU_RST),boot:0x8 (SPI_FAST_FLASH_BOOT)
Saved PC:0x4037a664
SPIWP:0xee
mode:DIO, clock div:1
load:0x3fce2820,len:0x14f0
load:0x403c8700,len:0xd24
load:0x403cb700,len:0x2ef0
entry 0x403c8924
[0;32mI (24) boot: ESP-IDF v5.5.3-dirty 2nd stage bootloader[0m
[0;32mI (24) boot: compile time Mar 23 2026 20:56:51[0m
[0;32mI (24) boot: Multicore bootloader[0m
[0;32mI (25) boot: chip revision: v0.2[0m
[0;32mI (27) boot: efuse block revision: v1.3[0m
[0;32mI (31) boot.esp32s3: Boot SPI Speed : 80MHz[0m
[0;32mI (35) boot.esp32s3: SPI Mode       : DIO[0m
[0;32mI (39) boot.esp32s3: SPI Flash Size : 2MB[0m
[0;32mI (42) boot: Enabling RNG early entropy source...[0m
[0;32mI (47) boot: Partition Table:[0m
[0;32mI (50) boot: ## Label            Usage          Type ST Offset   Length[0m
[0;32mI (56) boot:  0 nvs              WiFi data        01 02 00009000 00006000[0m
[0;32mI (62) boot:  1 phy_init         RF data          01 01 0000f000 00001000[0m
[0;32mI (69) boot:  2 factory          factory app      00 00 00010000 00100000[0m
[0;32mI (75) boot: End of partition table[0m
[0;32mI (79) esp_image: segment 0: paddr=00010020 vaddr=3c020020 size=0b8c4h ( 47300) map[0m
[0;32mI (94) esp_image: segment 1: paddr=0001b8ec vaddr=3fc93800 size=02f30h ( 12080) load[0m
[0;32mI (97) esp_image: segment 2: paddr=0001e824 vaddr=40374000 size=017f4h (  6132) load[0m
[0;32mI (102) esp_image: segment 3: paddr=00020020 vaddr=42000020 size=1a86ch (108652) map[0m
[0;32mI (128) esp_image: segment 4: paddr=0003a894 vaddr=403757f4 size=0df70h ( 57200) load[0m
[0;32mI (140) esp_image: segment 5: paddr=0004880c vaddr=50000000 size=00020h (    32) load[0m
[0;32mI (147) boot: Loaded app from partition at offset 0x10000[0m
[0;32mI (147) boot: Disabling RNG early entropy source...[0m
[0;32mI (158) cpu_start: Multicore app[0m
[0;32mI (167) cpu_start: GPIO 44 and 43 are used as console UART I/O pins[0m
[0;32mI (167) cpu_start: Pro cpu start user code[0m
[0;32mI (168) cpu_start: cpu freq: 160000000 Hz[0m
[0;32mI (169) app_init: Application information:[0m
[0;32mI (173) app_init: Project name:     proyecto_micro_algas[0m
[0;32mI (178) app_init: App version:      b08c579-dirty[0m
[0;32mI (182) app_init: Compile time:     Mar 24 2026 17:39:58[0m
[0;32mI (187) app_init: ELF file SHA256:  33e057ffb...[0m
[0;32mI (192) app_init: ESP-IDF:          v5.5.3-dirty[0m
[0;32mI (196) efuse_init: Min chip rev:     v0.0[0m
[0;32mI (200) efuse_init: Max chip rev:     v0.99 [0m
[0;32mI (204) efuse_init: Chip rev:         v0.2[0m
[0;32mI (208) heap_init: Initializing. RAM available for dynamic allocation:[0m
[0;32mI (214) heap_init: At 3FC97470 len 000522A0 (328 KiB): RAM[0m
[0;32mI (219) heap_init: At 3FCE9710 len 00005724 (21 KiB): RAM[0m
[0;32mI (224) heap_init: At 3FCF0000 len 00008000 (32 KiB): DRAM[0m
[0;32mI (229) heap_init: At 600FE000 len 00001FE8 (7 KiB): RTCRAM[0m
[0;32mI (236) spi_flash: detected chip: gd[0m
[0;32mI (238) spi_flash: flash io: dio[0m
[0;33mW (241) spi_flash: Detected size(16384k) larger than the size in the binary image header(2048k). Using the size in the binary image header.[0m
[0;33mW (253) i2c: This driver is an old driver, please migrate your application code to adapt `driver/i2c_master.h`[0m
[0;32mI (263) sleep_gpio: Configure to isolate all GPIO pins in sleep state[0m
[0;32mI (269) sleep_gpio: Enable automatic switching of GPIO sleep configuration[0m
[0;32mI (276) main_task: Started on CPU0[0m
[0;32mI (286) main_task: Calling app_main()[0m
[0;32mI (286) u8g2_hal: sda_io_num 11[0m
[0;32mI (286) u8g2_hal: scl_io_num 12[0m
[0;32mI (286) u8g2_hal: clk_speed 50000[0m
[0;32mI (286) u8g2_hal: i2c_param_config 1[0m
[0;32mI (296) u8g2_hal: i2c_driver_install 1[0m
[1;31mE (596) err: esp_err_t = -1[0m

assert failed: u8g2_esp32_i2c_byte_cb u8g2_esp32_hal.c:179 (0 && "i2c_master_cmd_begin(I2C_MASTER_NUM, handle_i2c, pdMS_TO_TICKS(I2C_TIMEOUT_MS))")


Backtrace: 0x4037a515:0x3fceb5d0 0x4037a4dd:0x3fceb5f0 0x40381199:0x3fceb610 0x420099b6:0x3fceb730 0x420184dd:0x3fceb770 0x4200a3ff:0x3fceb790 0x4200a375:0x3fceb7b0 0x4200a6c5:0x3fceb7e0 0x420183a9:0x3fceb800 0x42009632:0x3fceb820 0x4037b125:0x3fceb8f0




ELF file SHA256: 33e057ffb

Rebooting...
ESP-ROM:esp32s3-20210327
Build:Mar 27 2021
rst:0xc (RTC_SW_CPU_RST),boot:0x8 (SPI_FAST_FLASH_BOOT)
Saved PC:0x4037a664
SPIWP:0xee
mode:DIO, clock div:1
load:0x3fce2820,len:0x14f0
load:0x403c8700,len:0xd24
load:0x403cb700,len:0x2ef0
entry 0x403c8924
[0;32mI (24) boot: ESP-IDF v5.5.3-dirty 2nd stage bootloader[0m
[0;32mI (24) boot: compile time Mar 23 2026 20:56:51[0m
[0;32mI (24) boot: Multicore bootloader[0m
[0;32mI (25) boot: chip revision: v0.2[0m
[0;32mI (27) boot: efuse block revision: v1.3[0m
[0;32mI (31) boot.esp32s3: Boot SPI Speed : 80MHz[0m
[0;32mI (35) boot.esp32s3: SPI Mode       : DIO[0m
[0;32mI (39) boot.esp32s3: SPI Flash Size : 2MB[0m
[0;32mI (42) boot: Enabling RNG early entropy source...[0m
[0;32mI (47) boot: Partition Table:[0m
[0;32mI (50) boot: ## Label            Usage          Type ST Offset   Length[0m
[0;32mI (56) boot:  0 nvs              WiFi data        01 02 00009000 00006000[0m
[0;32mI (62) boot:  1 phy_init         RF data          01 01 0000f000 00001000[0m
[0;32mI (69) boot:  2 factory          factory app      00 00 00010000 00100000[0m
[0;32mI (75) boot: End of partition table[0m
[0;32mI (79) esp_image: segment 0: paddr=00010020 vaddr=3c020020 size=0b8c4h ( 47300) map[0m
[0;32mI (94) esp_image: segment 1: paddr=0001b8ec vaddr=3fc93800 size=02f30h ( 12080) load[0m
[0;32mI (97) esp_image: segment 2: paddr=0001e824 vaddr=40374000 size=017f4h (  6132) load[0m
[0;32mI (102) esp_image: segment 3: paddr=00020020 vaddr=42000020 size=1a86ch (108652) map[0m
[0;32mI (128) esp_image: segment 4: paddr=0003a894 vaddr=403757f4 size=0df70h ( 57200) load[0m
[0;32mI (140) esp_image: segment 5: paddr=0004880c vaddr=50000000 size=00020h (    32) load[0m
[0;32mI (147) boot: Loaded app from partition at offset 0x10000[0m
[0;32mI (147) boot: Disabling RNG early entropy source...[0m
[0;32mI (158) cpu_start: Multicore app[0m
[0;32mI (167) cpu_start: GPIO 44 and 43 are used as console UART I/O pins[0m
[0;32mI (167) cpu_start: Pro cpu start user code[0m
[0;32mI (168) cpu_start: cpu freq: 160000000 Hz[0m
[0;32mI (169) app_init: Application information:[0m
[0;32mI (173) app_init: Project name:     proyecto_micro_algas[0m
[0;32mI (178) app_init: App version:      b08c579-dirty[0m
[0;32mI (182) app_init: Compile time:     Mar 24 2026 17:39:58[0m
[0;32mI (187) app_init: ELF file SHA256:  33e057ffb...[0m
[0;32mI (192) app_init: ESP-IDF:          v5.5.3-dirty[0m
[0;32mI (196) efuse_init: Min chip rev:     v0.0[0m
[0;32mI (200) efuse_init: Max chip rev:     v0.99 [0m
[0;32mI (204) efuse_init: Chip rev:         v0.2[0m
[0;32mI (208) heap_init: Initializing. RAM available for dynamic allocation:[0m
[0;32mI (214) heap_init: At 3FC97470 len 000522A0 (328 KiB): RAM[0m
[0;32mI (219) heap_init: At 3FCE9710 len 00005724 (21 KiB): RAM[0m
[0;32mI (224) heap_init: At 3FCF0000 len 00008000 (32 KiB): DRAM[0m
[0;32mI (229) heap_init: At 600FE000 len 00001FE8 (7 KiB): RTCRAM[0m
[0;32mI (236) spi_flash: detected chip: gd[0m
[0;32mI (238) spi_flash: flash io: dio[0m
[0;33mW (241) spi_flash: Detected size(16384k) larger than the size in the binary image header(2048k). Using the size in the binary image header.[0m
[0;33mW (253) i2c: This driver is an old driver, please migrate your application code to adapt `driver/i2c_master.h`[0m
[0;32mI (263) sleep_gpio: Configure to isolate all GPIO pins in sleep state[0m
[0;32mI (269) sleep_gpio: Enable automatic switching of GPIO sleep configuration[0m
[0;32mI (276) main_task: Started on CPU0[0m
[0;32mI (286) main_task: Calling app_main()[0m
[0;32mI (286) u8g2_hal: sda_io_num 11[0m
[0;32mI (286) u8g2_hal: scl_io_num 12[0m
[0;32mI (286) u8g2_hal: clk_speed 50000[0m
[0;32mI (286) u8g2_hal: i2c_param_config 1[0m
[0;32mI (296) u8g2_hal: i2c_driver_install 1[0m
[1;31mE (596) err: esp_err_t = -1[0m

assert failed: u8g2_esp32_i2c_byte_cb u8g2_esp32_hal.c:179 (0 && "i2c_master_cmd_begin(I2C_MASTER_NUM, handle_i2c, pdMS_TO_TICKS(I2C_TIMEOUT_MS))")


Backtrace: 0x4037a515:0x3fceb5d0 0x4037a4dd:0x3fceb5f0 0x40381199:0x3fceb610 0x420099b6:0x3fceb730 0x420184dd:0x3fceb770 0x4200a3ff:0x3fceb790 0x4200a375:0x3fceb7b0 0x4200a6c5:0x3fceb7e0 0x420183a9:0x3fceb800 0x42009632:0x3fceb820 0x4037b125:0x3fceb8f0




ELF file SHA256: 33e057ffb

Rebooting...
ESP-ROM:esp32s3-20210327
Build:Mar 27 2021
rst:0xc (RTC_SW_CPU_RST),boot:0x8 (SPI_FAST_FLASH_BOOT)
Saved PC:0x4037a664
SPIWP:0xee
mode:DIO, clock div:1
load:0x3fce2820,len:0x14f0
load:0x403c8700,len:0xd24
load:0x403cb700,len:0x2ef0
entry 0x403c8924
[0;32mI (24) boot: ESP-IDF v5.5.3-dirty 2nd stage bootloader[0m
[0;32mI (24) boot: compile time Mar 23 2026 20:56:51[0m
[0;32mI (24) boot: Multicore bootloader[0m
[0;32mI (25) boot: chip revision: v0.2[0m
[0;32mI (27) boot: efuse block revision: v1.3[0m
[0;32mI (31) boot.esp32s3: Boot SPI Speed : 80MHz[0m
[0;32mI (35) boot.esp32s3: SPI Mode       : DIO[0m
[0;32mI (39) boot.esp32s3: SPI Flash Size : 2MB[0m
[0;32mI (42) boot: Enabling RNG early entropy source...[0m
[0;32mI (47) boot: Partition Table:[0m
[0;32mI (50) boot: ## Label            Usage          Type ST Offset   Length[0m
[0;32mI (56) boot:  0 nvs              WiFi data        01 02 00009000 00006000[0m
[0;32mI (62) boot:  1 phy_init         RF data          01 01 0000f000 00001000[0m
[0;32mI (69) boot:  2 factory          factory app      00 00 00010000 00100000[0m
[0;32mI (75) boot: End of partition table[0m
[0;32mI (79) esp_image: segment 0: paddr=00010020 vaddr=3c020020 size=0b8c4h ( 47300) map[0m
[0;32mI (94) esp_image: segment 1: paddr=0001b8ec vaddr=3fc93800 size=02f30h ( 12080) load[0m
[0;32mI (97) esp_image: segment 2: paddr=0001e824 vaddr=40374000 size=017f4h (  6132) load[0m
[0;32mI (102) esp_image: segment 3: paddr=00020020 vaddr=42000020 size=1a86ch (108652) map[0m
[0;32mI (128) esp_image: segment 4: paddr=0003a894 vaddr=403757f4 size=0df70h ( 57200) load[0m
[0;32mI (140) esp_image: segment 5: paddr=0004880c vaddr=50000000 size=00020h (    32) load[0m
[0;32mI (147) boot: Loaded app from partition at offset 0x10000[0m
[0;32mI (147) boot: Disabling RNG early entropy source...[0m
[0;32mI (158) cpu_start: Multicore app[0m
[0;32mI (167) cpu_start: GPIO 44 and 43 are used as console UART I/O pins[0m
[0;32mI (167) cpu_start: Pro cpu start user code[0m
[0;32mI (168) cpu_start: cpu freq: 160000000 Hz[0m
[0;32mI (169) app_init: Application information:[0m
[0;32mI (173) app_init: Project name:     proyecto_micro_algas[0m
[0;32mI (178) app_init: App version:      b08c579-dirty[0m
[0;32mI (182) app_init: Compile time:     Mar 24 2026 17:39:58[0m
[0;32mI (187) app_init: ELF file SHA256:  33e057ffb...[0m
[0;32mI (192) app_init: ESP-IDF:          v5.5.3-dirty[0m
[0;32mI (196) efuse_init: Min chip rev:     v0.0[0m
[0;32mI (200) efuse_init: Max chip rev:     v0.99 [0m
[0;32mI (204) efuse_init: Chip rev:         v0.2[0m
[0;32mI (208) heap_init: Initializing. RAM available for dynamic allocation:[0m
[0;32mI (214) heap_init: At 3FC97470 len 000522A0 (328 KiB): RAM[0m
[0;32mI (219) heap_init: At 3FCE9710 len 00005724 (21 KiB): RAM[0m
[0;32mI (224) heap_init: At 3FCF0000 len 00008000 (32 KiB): DRAM[0m
[0;32mI (229) heap_init: At 600FE000 len 00001FE8 (7 KiB): RTCRAM[0m
[0;32mI (236) spi_flash: detected chip: gd[0m
[0;32mI (238) spi_flash: flash io: dio[0m
[0;33mW (241) spi_flash: Detected size(16384k) larger than the size in the binary image header(2048k). Using the size in the binary image header.[0m
[0;33mW (253) i2c: This driver is an old driver, please migrate your application code to adapt `driver/i2c_master.h`[0m
[0;32mI (263) sleep_gpio: Configure to isolate all GPIO pins in sleep state[0m
[0;32mI (269) sleep_gpio: Enable automatic switching of GPIO sleep configuration[0m
[0;32mI (276) main_task: Started on CPU0[0m
[0;32mI (286) main_task: Calling app_main()[0m
[0;32mI (286) u8g2_hal: sda_io_num 11[0m
[0;32mI (286) u8g2_hal: scl_io_num 12[0m
[0;32mI (286) u8g2_hal: clk_speed 50000[0m
[0;32mI (286) u8g2_hal: i2c_param_config 1[0m
[0;32mI (296) u8g2_hal: i2c_driver_install 1[0m
[1;31mE (596) err: esp_err_t = -1[0m

assert failed: u8g2_esp32_i2c_byte_cb u8g2_esp32_hal.c:179 (0 && "i2c_master_cmd_begin(I2C_MASTER_NUM, handle_i2c, pdMS_TO_TICKS(I2C_TIMEOUT_MS))")


Backtrace: 0x4037a515:0x3fceb5d0 0x4037a4dd:0x3fceb5f0 0x40381199:0x3fceb610 0x420099b6:0x3fceb730 0x420184dd:0x3fceb770 0x4200a3ff:0x3fceb790 0x4200a375:0x3fceb7b0 0x4200a6c5:0x3fceb7e0 0x420183a9:0x3fceb800 0x42009632:0x3fceb820 0x4037b125:0x3fceb8f0




ELF file SHA256: 33e057ffb

Rebooting...
ESP-ROM:esp32s3-20210327
Build:Mar 27 2021
rst:0xc (RTC_SW_CPU_RST),boot:0x8 (SPI_FAST_FLASH_BOOT)
Saved PC:0x4037a664
SPIWP:0xee
mode:DIO, clock div:1
load:0x3fce2820,len:0x14f0
load:0x403c8700,len:0xd24
load:0x403cb700,len:0x2ef0
entry 0x403c8924
[0;32mI (24) boot: ESP-IDF v5.5.3-dirty 2nd stage bootloader[0m
[0;32mI (24) boot: compile time Mar 23 2026 20:56:51[0m
[0;32mI (24) boot: Multicore bootloader[0m
[0;32mI (25) boot: chip revision: v0.2[0m
[0;32mI (27) boot: efuse block revision: v1.3[0m
[0;32mI (31) boot.esp32s3: Boot SPI Speed : 80MHz[0m
[0;32mI (35) boot.esp32s3: SPI Mode       : DIO[0m
[0;32mI (39) boot.esp32s3: SPI Flash Size : 2MB[0m
[0;32mI (42) boot: Enabling RNG early entropy source...[0m
[0;32mI (47) boot: Partition Table:[0m
[0;32mI (50) boot: ## Label            Usage          Type ST Offset   Length[0m
[0;32mI (56) boot:  0 nvs              WiFi data        01 02 00009000 00006000[0m
[0;32mI (62) boot:  1 phy_init         RF data          01 01 0000f000 00001000[0m
[0;32mI (69) boot:  2 factory          factory app      00 00 00010000 00100000[0m
[0;32mI (75) boot: End of partition table[0m
[0;32mI (79) esp_image: segment 0: paddr=00010020 vaddr=3c020020 size=0b8c4h ( 47300) map[0m
[0;32mI (94) esp_image: segment 1: paddr=0001b8ec vaddr=3fc93800 size=02f30h ( 12080) load[0m
[0;32mI (97) esp_image: segment 2: paddr=0001e824 vaddr=40374000 size=017f4h (  6132) load[0m
[0;32mI (102) esp_image: segment 3: paddr=00020020 vaddr=42000020 size=1a86ch (108652) map[0m
[0;32mI (128) esp_image: segment 4: paddr=0003a894 vaddr=403757f4 size=0df70h ( 57200) load[0m
[0;32mI (140) esp_image: segment 5: paddr=0004880c vaddr=50000000 size=00020h (    32) load[0m
[0;32mI (147) boot: Loaded app from partition at offset 0x10000[0m
[0;32mI (147) boot: Disabling RNG early entropy source...[0m
[0;32mI (158) cpu_start: Multicore app[0m
[0;32mI (167) cpu_start: GPIO 44 and 43 are used as console UART I/O pins[0m
[0;32mI (167) cpu_start: Pro cpu start user code[0m
[0;32mI (168) cpu_start: cpu freq: 160000000 Hz[0m
[0;32mI (169) app_init: Application information:[0m
[0;32mI (173) app_init: Project name:     proyecto_micro_algas[0m
[0;32mI (178) app_init: App version:      b08c579-dirty[0m
[0;32mI (182) app_init: Compile time:     Mar 24 2026 17:39:58[0m
[0;32mI (187) app_init: ELF file SHA256:  33e057ffb...[0m
[0;32mI (192) app_init: ESP-IDF:          v5.5.3-dirty[0m
[0;32mI (196) efuse_init: Min chip rev:     v0.0[0m
[0;32mI (200) efuse_init: Max chip rev:     v0.99 [0m
[0;32mI (204) efuse_init: Chip rev:         v0.2[0m
[0;32mI (208) heap_init: Initializing. RAM available for dynamic allocation:[0m
[0;32mI (214) heap_init: At 3FC97470 len 000522A0 (328 KiB): RAM[0m
[0;32mI (219) heap_init: At 3FCE9710 len 00005724 (21 KiB): RAM[0m
[0;32mI (224) heap_init: At 3FCF0000 len 00008000 (32 KiB): DRAM[0m
[0;32mI (229) heap_init: At 600FE000 len 00001FE8 (7 KiB): RTCRAM[0m
[0;32mI (236) spi_flash: detected chip: gd[0m
[0;32mI (238) spi_flash: flash io: dio[0m
[0;33mW (241) spi_flash: Detected size(16384k) larger than the size in the binary image header(2048k). Using the size in the binary image header.[0m
[0;33mW (253) i2c: This driver is an old driver, please migrate your application code to adapt `driver/i2c_master.h`[0m
[0;32mI (263) sleep_gpio: Configure to isolate all GPIO pins in sleep state[0m
[0;32mI (269) sleep_gpio: Enable automatic switching of GPIO sleep configuration[0m
[0;32mI (276) main_task: Started on CPU0[0m
[0;32mI (286) main_task: Calling app_main()[0m
[0;32mI (286) u8g2_hal: sda_io_num 11[0m
[0;32mI (286) u8g2_hal: scl_io_num 12[0m
[0;32mI (286) u8g2_hal: clk_speed 50000[0m
[0;32mI (286) u8g2_hal: i2c_param_config 1[0m
[0;32mI (296) u8g2_hal: i2c_driver_install 1[0m
[1;31mE (596) err: esp_err_t = -1[0m

assert failed: u8g2_esp32_i2c_byte_cb u8g2_esp32_hal.c:179 (0 && "i2c_master_cmd_begin(I2C_MASTER_NUM, handle_i2c, pdMS_TO_TICKS(I2C_TIMEOUT_MS))")


Backtrace: 0x4037a515:0x3fceb5d0 0x4037a4dd:0x3fceb5f0 0x40381199:0x3fceb610 0x420099b6:0x3fceb730 0x420184dd:0x3fceb770 0x4200a3ff:0x3fceb790 0x4200a375:0x3fceb7b0 0x4200a6c5:0x3fceb7e0 0x420183a9:0x3fceb800 0x42009632:0x3fceb820 0x4037b125:0x3fceb8f0




ELF file SHA256: 33e057ffb

Rebooting...
ESP-ROM:esp32s3-20210327
Build:Mar 27 2021
rst:0xc (RTC_SW_CPU_RST),boot:0x8 (SPI_FAST_FLASH_BOOT)
Saved PC:0x4037a664
SPIWP:0xee
mode:DIO, clock div:1
load:0x3fce2820,len:0x14f0
load:0x403c8700,len:0xd24
load:0x403cb700,len:0x2ef0
entry 0x403c8924
[0;32mI (24) boot: ESP-IDF v5.5.3-dirty 2nd stage bootloader[0m
[0;32mI (24) boot: compile time Mar 23 2026 20:56:51[0m
[0;32mI (24) boot: Multicore bootloader[0m
[0;32mI (25) boot: chip revision: v0.2[0m
[0;32mI (27) boot: efuse block revision: v1.3[0m
[0;32mI (31) boot.esp32s3: Boot SPI Speed : 80MHz[0m
[0;32mI (35) boot.esp32s3: SPI Mode       : DIO[0m
[0;32mI (39) boot.esp32s3: SPI Flash Size : 2MB[0m
[0;32mI (42) boot: Enabling RNG early entropy source...[0m
[0;32mI (47) boot: Partition Table:[0m
[0;32mI (50) boot: ## Label            Usage          Type ST Offset   Length[0m
[0;32mI (56) boot:  0 nvs              WiFi data        01 02 00009000 00006000[0m
[0;32mI (62) boot:  1 phy_init         RF data          01 01 0000f000 00001000[0m
[0;32mI (69) boot:  2 factory          factory app      00 00 00010000 00100000[0m
[0;32mI (75) boot: End of partition table[0m
[0;32mI (79) esp_image: segment 0: paddr=00010020 vaddr=3c020020 size=0b8c4h ( 47300) map[0m
[0;32mI (94) esp_image: segment 1: paddr=0001b8ec vaddr=3fc93800 size=02f30h ( 12080) load[0m
[0;32mI (97) esp_image: segment 2: paddr=0001e824 vaddr=40374000 size=017f4h (  6132) load[0m
[0;32mI (102) esp_image: segment 3: paddr=00020020 vaddr=42000020 size=1a86ch (108652) map[0m
[0;32mI (128) esp_image: segment 4: paddr=0003a894 vaddr=403757f4 size=0df70h ( 57200) load[0m
[0;32mI (140) esp_image: segment 5: paddr=0004880c vaddr=50000000 size=00020h (    32) load[0m
[0;32mI (147) boot: Loaded app from partition at offset 0x10000[0m
[0;32mI (147) boot: Disabling RNG early entropy source...[0m
[0;32mI (158) cpu_start: Multicore app[0m
[0;32mI (167) cpu_start: GPIO 44 and 43 are used as console UART I/O pins[0m
[0;32mI (167) cpu_start: Pro cpu start user code[0m
[0;32mI (168) cpu_start: cpu freq: 160000000 Hz[0m
[0;32mI (169) app_init: Application information:[0m
[0;32mI (173) app_init: Project name:     proyecto_micro_algas[0m
[0;32mI (178) app_init: App version:      b08c579-dirty[0m
[0;32mI (182) app_init: Compile time:     Mar 24 2026 17:39:58[0m
[0;32mI (187) app_init: ELF file SHA256:  33e057ffb...[0m
[0;32mI (192) app_init: ESP-IDF:          v5.5.3-dirty[0m
[0;32mI (196) efuse_init: Min chip rev:     v0.0[0m
[0;32mI (200) efuse_init: Max chip rev:     v0.99 [0m
[0;32mI (204) efuse_init: Chip rev:         v0.2[0m
[0;32mI (208) heap_init: Initializing. RAM available for dynamic allocation:[0m
[0;32mI (214) heap_init: At 3FC97470 len 000522A0 (328 KiB): RAM[0m
[0;32mI (219) heap_init: At 3FCE9710 len 00005724 (21 KiB): RAM[0m
[0;32mI (224) heap_init: At 3FCF0000 len 00008000 (32 KiB): DRAM[0m
[0;32mI (229) heap_init: At 600FE000 len 00001FE8 (7 KiB): RTCRAM[0m
[0;32mI (236) spi_flash: detected chip: gd[0m
[0;32mI (238) spi_flash: flash io: dio[0m
[0;33mW (241) spi_flash: Detected size(16384k) larger than the size in the binary image header(2048k). Using the size in the binary image header.[0m
[0;33mW (253) i2c: This driver is an old driver, please migrate your application code to adapt `driver/i2c_master.h`[0m
[0;32mI (263) sleep_gpio: Configure to isolate all GPIO pins in sleep state[0m
[0;32mI (269) sleep_gpio: Enable automatic switching of GPIO sleep configuration[0m
[0;32mI (276) main_task: Started on CPU0[0m
[0;32mI (286) main_task: Calling app_main()[0m
[0;32mI (286) u8g2_hal: sda_io_num 11[0m
[0;32mI (286) u8g2_hal: scl_io_num 12[0m
[0;32mI (286) u8g2_hal: clk_speed 50000[0m
[0;32mI (286) u8g2_hal: i2c_param_config 1[0m
[0;32mI (296) u8g2_hal: i2c_driver_install 1[0m
[1;31mE (596) err: esp_err_t = -1[0m

assert failed: u8g2_esp32_i2c_byte_cb u8g2_esp32_hal.c:179 (0 && "i2c_master_cmd_begin(I2C_MASTER_NUM, handle_i2c, pdMS_TO_TICKS(I2C_TIMEOUT_MS))")


Backtrace: 0x4037a515:0x3fceb5d0 0x4037a4dd:0x3fceb5f0 0x40381199:0x3fceb610 0x420099b6:0x3fceb730 0x420184dd:0x3fceb770 0x4200a3ff:0x3fceb790 0x4200a375:0x3fceb7b0 0x4200a6c5:0x3fceb7e0 0x420183a9:0x3fceb800 0x42009632:0x3fceb820 0x4037b125:0x3fceb8f0




ELF file SHA256: 33e057ffb

Rebooting...
ESP-ROM:esp32s3-20210327
Build:Mar 27 2021
rst:0xc (RTC_SW_CPU_RST),boot:0x8 (SPI_FAST_FLASH_BOOT)
Saved PC:0x4037a664
SPIWP:0xee
mode:DIO, clock div:1
load:0x3fce2820,len:0x14f0
load:0x403c8700,len:0xd24
load:0x403cb700,len:0x2ef0
entry 0x403c8924
[0;32mI (24) boot: ESP-IDF v5.5.3-dirty 2nd stage bootloader[0m
[0;32mI (24) boot: compile time Mar 23 2026 20:56:51[0m
[0;32mI (24) boot: Multicore bootloader[0m
[0;32mI (25) boot: chip revision: v0.2[0m
[0;32mI (27) boot: efuse block revision: v1.3[0m
[0;32mI (31) boot.esp32s3: Boot SPI Speed : 80MHz[0m
[0;32mI (35) boot.esp32s3: SPI Mode       : DIO[0m
[0;32mI (39) boot.esp32s3: SPI Flash Size : 2MB[0m
[0;32mI (42) boot: Enabling RNG early entropy source...[0m
[0;32mI (47) boot: Partition Table:[0m
[0;32mI (50) boot: ## Label            Usage          Type ST Offset   Length[0m
[0;32mI (56) boot:  0 nvs              WiFi data        01 02 00009000 00006000[0m
[0;32mI (62) boot:  1 phy_init         RF data          01 01 0000f000 00001000[0m
[0;32mI (69) boot:  2 factory          factory app      00 00 00010000 00100000[0m
[0;32mI (75) boot: End of partition table[0m
[0;32mI (79) esp_image: segment 0: paddr=00010020 vaddr=3c020020 size=0b8c4h ( 47300) map[0m
[0;32mI (94) esp_image: segment 1: paddr=0001b8ec vaddr=3fc93800 size=02f30h ( 12080) load[0m
[0;32mI (97) esp_image: segment 2: paddr=0001e824 vaddr=40374000 size=017f4h (  6132) load[0m
[0;32mI (102) esp_image: segment 3: paddr=00020020 vaddr=42000020 size=1a86ch (108652) map[0m
[0;32mI (128) esp_image: segment 4: paddr=0003a894 vaddr=403757f4 size=0df70h ( 57200) load[0m
[0;32mI (140) esp_image: segment 5: paddr=0004880c vaddr=50000000 size=00020h (    32) load[0m
[0;32mI (147) boot: Loaded app from partition at offset 0x10000[0m
[0;32mI (147) boot: Disabling RNG early entropy source...[0m
[0;32mI (158) cpu_start: Multicore app[0m
[0;32mI (167) cpu_start: GPIO 44 and 43 are used as console UART I/O pins[0m
[0;32mI (167) cpu_start: Pro cpu start user code[0m
[0;32mI (168) cpu_start: cpu freq: 160000000 Hz[0m
[0;32mI (169) app_init: Application information:[0m
[0;32mI (173) app_init: Project name:     proyecto_micro_algas[0m
[0;32mI (178) app_init: App version:      b08c579-dirty[0m
[0;32mI (182) app_init: Compile time:     Mar 24 2026 17:39:58[0m
[0;32mI (187) app_init: ELF file SHA256:  33e057ffb...[0m
[0;32mI (192) app_init: ESP-IDF:          v5.5.3-dirty[0m
[0;32mI (196) efuse_init: Min chip rev:     v0.0[0m
[0;32mI (200) efuse_init: Max chip rev:     v0.99 [0m
[0;32mI (204) efuse_init: Chip rev:         v0.2[0m
[0;32mI (208) heap_init: Initializing. RAM available for dynamic allocation:[0m
[0;32mI (214) heap_init: At 3FC97470 len 000522A0 (328 KiB): RAM[0m
[0;32mI (219) heap_init: At 3FCE9710 len 00005724 (21 KiB): RAM[0m
[0;32mI (224) heap_init: At 3FCF0000 len 00008000 (32 KiB): DRAM[0m
[0;32mI (229) heap_init: At 600FE000 len 00001FE8 (7 KiB): RTCRAM[0m
[0;32mI (236) spi_flash: detected chip: gd[0m
[0;32mI (238) spi_flash: flash io: dio[0m
[0;33mW (241) spi_flash: Detected size(16384k) larger than the size in the binary image header(2048k). Using the size in the binary image header.[0m
[0;33mW (253) i2c: This driver is an old driver, please migrate your application code to adapt `driver/i2c_master.h`[0m
[0;32mI (263) sleep_gpio: Configure to isolate all GPIO pins in sleep state[0m
[0;32mI (269) sleep_gpio: Enable automatic switching of GPIO sleep configuration[0m
[0;32mI (276) main_task: Started on CPU0[0m
[0;32mI (286) main_task: Calling app_main()[0m
[0;32mI (286) u8g2_hal: sda_io_num 11[0m
[0;32mI (286) u8g2_hal: scl_io_num 12[0m
[0;32mI (286) u8g2_hal: clk_speed 50000[0m
[0;32mI (286) u8g2_hal: i2c_param_config 1[0m
[0;32mI (296) u8g2_hal: i2c_driver_install 1[0m
[1;31mE (596) err: esp_err_t = -1[0m

assert failed: u8g2_esp32_i2c_byte_cb u8g2_esp32_hal.c:179 (0 && "i2c_master_cmd_begin(I2C_MASTER_NUM, handle_i2c, pdMS_TO_TICKS(I2C_TIMEOUT_MS))")


Backtrace: 0x4037a515:0x3fceb5d0 0x4037a4dd:0x3fceb5f0 0x40381199:0x3fceb610 0x420099b6:0x3fceb730 0x420184dd:0x3fceb770 0x4200a3ff:0x3fceb790 0x4200a375:0x3fceb7b0 0x4200a6c5:0x3fceb7e0 0x420183a9:0x3fceb800 0x42009632:0x3fceb820 0x4037b125:0x3fceb8f0




ELF file SHA256: 33e057ffb

Rebooting...
ESP-ROM:esp32s3-20210327
Build:Mar 27 2021
rst:0xc (RTC_SW_CPU_RST),boot:0x8 (SPI_FAST_FLASH_BOOT)
Saved PC:0x4037a664
SPIWP:0xee
mode:DIO, clock div:1
load:0x3fce2820,len:0x14f0
load:0x403c8700,len:0xd24
load:0x403cb700,len:0x2ef0
entry 0x403c8924
[0;32mI (24) boot: ESP-IDF v5.5.3-dirty 2nd stage bootloader[0m
[0;32mI (24) boot: compile time Mar 23 2026 20:56:51[0m
[0;32mI (24) boot: Multicore bootloader[0m
[0;32mI (25) boot: chip revision: v0.2[0m
[0;32mI (27) boot: efuse block revision: v1.3[0m
[0;32mI (31) boot.esp32s3: Boot SPI Speed : 80MHz[0m
[0;32mI (35) boot.esp32s3: SPI Mode       : DIO[0m
[0;32mI (39) boot.esp32s3: SPI Flash Size : 2MB[0m
[0;32mI (42) boot: Enabling RNG early entropy source...[0m
[0;32mI (47) boot: Partition Table:[0m
[0;32mI (50) boot: ## Label            Usage          Type ST Offset   Length[0m
[0;32mI (56) boot:  0 nvs              WiFi data        01 02 00009000 00006000[0m
[0;32mI (62) boot:  1 phy_init         RF data          01 01 0000f000 00001000[0m
[0;32mI (69) boot:  2 factory          factory app      00 00 00010000 00100000[0m
[0;32mI (75) boot: End of partition table[0m
[0;32mI (79) esp_image: segment 0: paddr=00010020 vaddr=3c020020 size=0b8c4h ( 47300) map[0m
[0;32mI (94) esp_image: segment 1: paddr=0001b8ec vaddr=3fc93800 size=02f30h ( 12080) load[0m
[0;32mI (97) esp_image: segment 2: paddr=0001e824 vaddr=40374000 size=017f4h (  6132) load[0m
[0;32mI (102) esp_image: segment 3: paddr=00020020 vaddr=42000020 size=1a86ch (108652) map[0m
[0;32mI (128) esp_image: segment 4: paddr=0003a894 vaddr=403757f4 size=0df70h ( 57200) load[0m
[0;32mI (140) esp_image: segment 5: paddr=0004880c vaddr=50000000 size=00020h (    32) load[0m
[0;32mI (147) boot: Loaded app from partition at offset 0x10000[0m
[0;32mI (147) boot: Disabling RNG early entropy source...[0m
[0;32mI (158) cpu_start: Multicore app[0m
[0;32mI (167) cpu_start: GPIO 44 and 43 are used as console UART I/O pins[0m
[0;32mI (167) cpu_start: Pro cpu start user code[0m
[0;32mI (168) cpu_start: cpu freq: 160000000 Hz[0m
[0;32mI (169) app_init: Application information:[0m
[0;32mI (173) app_init: Project name:     proyecto_micro_algas[0m
[0;32mI (178) app_init: App version:      b08c579-dirty[0m
[0;32mI (182) app_init: Compile time:     Mar 24 2026 17:39:58[0m
[0;32mI (187) app_init: ELF file SHA256:  33e057ffb...[0m
[0;32mI (192) app_init: ESP-IDF:          v5.5.3-dirty[0m
[0;32mI (196) efuse_init: Min chip rev:     v0.0[0m
[0;32mI (200) efuse_init: Max chip rev:     v0.99 [0m
[0;32mI (204) efuse_init: Chip rev:         v0.2[0m
[0;32mI (208) heap_init: Initializing. RAM available for dynamic allocation:[0m
[0;32mI (214) heap_init: At 3FC97470 len 000522A0 (328 KiB): RAM[0m
[0;32mI (219) heap_init: At 3FCE9710 len 00005724 (21 KiB): RAM[0m
[0;32mI (224) heap_init: At 3FCF0000 len 00008000 (32 KiB): DRAM[0m
[0;32mI (229) heap_init: At 600FE000 len 00001FE8 (7 KiB): RTCRAM[0m
[0;32mI (236) spi_flash: detected chip: gd[0m
[0;32mI (238) spi_flash: flash io: dio[0m
[0;33mW (241) spi_flash: Detected size(16384k) larger than the size in the binary image header(2048k). Using the size in the binary image header.[0m
[0;33mW (253) i2c: This driver is an old driver, please migrate your application code to adapt `driver/i2c_master.h`[0m
[0;32mI (263) sleep_gpio: Configure to isolate all GPIO pins in sleep state[0m
[0;32mI (269) sleep_gpio: Enable automatic switching of GPIO sleep configuration[0m
[0;32mI (276) main_task: Started on CPU0[0m
[0;32mI (286) main_task: Calling app_main()[0m
[0;32mI (286) u8g2_hal: sda_io_num 11[0m
[0;32mI (286) u8g2_hal: scl_io_num 12[0m
[0;32mI (286) u8g2_hal: clk_speed 50000[0m
[0;32mI (286) u8g2_hal: i2c_param_config 1[0m
[0;32mI (296) u8g2_hal: i2c_driver_install 1[0m
[1;31mE (596) err: esp_err_t = -1[0m

assert failed: u8g2_esp32_i2c_byte_cb u8g2_esp32_hal.c:179 (0 && "i2c_master_cmd_begin(I2C_MASTER_NUM, handle_i2c, pdMS_TO_TICKS(I2C_TIMEOUT_MS))")


Backtrace: 0x4037a515:0x3fceb5d0 0x4037a4dd:0x3fceb5f0 0x40381199:0x3fceb610 0x420099b6:0x3fceb730 0x420184dd:0x3fceb770 0x4200a3ff:0x3fceb790 0x4200a375:0x3fceb7b0 0x4200a6c5:0x3fceb7e0 0x420183a9:0x3fceb800 0x42009632:0x3fceb820 0x4037b125:0x3fceb8f0




ELF file SHA256: 33e057ffb

Rebooting...
ESP-ROM:esp32s3-20210327
Build:Mar 27 2021
rst:0xc (RTC_SW_CPU_RST),boot:0x8 (SPI_FAST_FLASH_BOOT)
Saved PC:0x4037a664
SPIWP:0xee
mode:DIO, clock div:1
load:0x3fce2820,len:0x14f0
load:0x403c8700,len:0xd24
load:0x403cb700,len:0x2ef0
entry 0x403c8924
[0;32mI (24) boot: ESP-IDF v5.5.3-dirty 2nd stage bootloader[0m
[0;32mI (24) boot: compile time Mar 23 2026 20:56:51[0m
[0;32mI (24) boot: Multicore bootloader[0m
[0;32mI (25) boot: chip revision: v0.2[0m
[0;32mI (27) boot: efuse block revision: v1.3[0m
[0;32mI (31) boot.esp32s3: Boot SPI Speed : 80MHz[0m
[0;32mI (35) boot.esp32s3: SPI Mode       : DIO[0m
[0;32mI (39) boot.esp32s3: SPI Flash Size : 2MB[0m
[0;32mI (42) boot: Enabling RNG early entropy source...[0m
[0;32mI (47) boot: Partition Table:[0m
[0;32mI (50) boot: ## Label            Usage          Type ST Offset   Length[0m
[0;32mI (56) boot:  0 nvs              WiFi data        01 02 00009000 00006000[0m
[0;32mI (62) boot:  1 phy_init         RF data          01 01 0000f000 00001000[0m
[0;32mI (69) boot:  2 factory          factory app      00 00 00010000 00100000[0m
[0;32mI (75) boot: End of partition table[0m
[0;32mI (79) esp_image: segment 0: paddr=00010020 vaddr=3c020020 size=0b8c4h ( 47300) map[0m
[0;32mI (94) esp_image: segment 1: paddr=0001b8ec vaddr=3fc93800 size=02f30h ( 12080) load[0m
[0;32mI (97) esp_image: segment 2: paddr=0001e824 vaddr=40374000 size=017f4h (  6132) load[0m
[0;32mI (102) esp_image: segment 3: paddr=00020020 vaddr=42000020 size=1a86ch (108652) map[0m
[0;32mI (128) esp_image: segment 4: paddr=0003a894 vaddr=403757f4 size=0df70h ( 57200) load[0m
[0;32mI (140) esp_image: segment 5: paddr=0004880c vaddr=50000000 size=00020h (    32) load[0m
[0;32mI (147) boot: Loaded app from partition at offset 0x10000[0m
[0;32mI (147) boot: Disabling RNG early entropy source...[0m
[0;32mI (158) cpu_start: Multicore app[0m
[0;32mI (167) cpu_start: GPIO 44 and 43 are used as console UART I/O pins[0m
[0;32mI (167) cpu_start: Pro cpu start user code[0m
[0;32mI (168) cpu_start: cpu freq: 160000000 Hz[0m
[0;32mI (169) app_init: Application information:[0m
[0;32mI (173) app_init: Project name:     proyecto_micro_algas[0m
[0;32mI (178) app_init: App version:      b08c579-dirty[0m
[0;32mI (182) app_init: Compile time:     Mar 24 2026 17:39:58[0m
[0;32mI (187) app_init: ELF file SHA256:  33e057ffb...[0m
[0;32mI (192) app_init: ESP-IDF:          v5.5.3-dirty[0m
[0;32mI (196) efuse_init: Min chip rev:     v0.0[0m
[0;32mI (200) efuse_init: Max chip rev:     v0.99 [0m
[0;32mI (204) efuse_init: Chip rev:         v0.2[0m
[0;32mI (208) heap_init: Initializing. RAM available for dynamic allocation:[0m
[0;32mI (214) heap_init: At 3FC97470 len 000522A0 (328 KiB): RAM[0m
[0;32mI (219) heap_init: At 3FCE9710 len 00005724 (21 KiB): RAM[0m
[0;32mI (224) heap_init: At 3FCF0000 len 00008000 (32 KiB): DRAM[0m
[0;32mI (229) heap_init: At 600FE000 len 00001FE8 (7 KiB): RTCRAM[0m
[0;32mI (236) spi_flash: detected chip: gd[0m
[0;32mI (238) spi_flash: flash io: dio[0m
[0;33mW (241) spi_flash: Detected size(16384k) larger than the size in the binary image header(2048k). Using the size in the binary image header.[0m
[0;33mW (253) i2c: This driver is an old driver, please migrate your application code to adapt `driver/i2c_master.h`[0m
[0;32mI (263) sleep_gpio: Configure to isolate all GPIO pins in sleep state[0m
[0;32mI (269) sleep_gpio: Enable automatic switching of GPIO sleep configuration[0m
[0;32mI (276) main_task: Started on CPU0[0m
[0;32mI (286) main_task: Calling app_main()[0m
[0;32mI (286) u8g2_hal: sda_io_num 11[0m
[0;32mI (286) u8g2_hal: scl_io_num 12[0m
[0;32mI (286) u8g2_hal: clk_speed 50000[0m
[0;32mI (286) u8g2_hal: i2c_param_config 1[0m
[0;32mI (296) u8g2_hal: i2c_driver_install 1[0m
[1;31mE (596) err: esp_err_t = -1[0m

assert failed: u8g2_esp32_i2c_byte_cb u8g2_esp32_hal.c:179 (0 && "i2c_master_cmd_begin(I2C_MASTER_NUM, handle_i2c, pdMS_TO_TICKS(I2C_TIMEOUT_MS))")


Backtrace: 0x4037a515:0x3fceb5d0 0x4037a4dd:0x3fceb5f0 0x40381199:0x3fceb610 0x420099b6:0x3fceb730 0x420184dd:0x3fceb770 0x4200a3ff:0x3fceb790 0x4200a375:0x3fceb7b0 0x4200a6c5:0x3fceb7e0 0x420183a9:0x3fceb800 0x42009632:0x3fceb820 0x4037b125:0x3fceb8f0




ELF file SHA256: 33e057ffb

Rebooting...
ESP-ROM:esp32s3-20210327
Build:Mar 27 2021
rst:0xc (RTC_SW_CPU_RST),boot:0x8 (SPI_FAST_FLASH_BOOT)
Saved PC:0x4037a664
SPIWP:0xee
mode:DIO, clock div:1
load:0x3fce2820,len:0x14f0
load:0x403c8700,len:0xd24
load:0x403cb700,len:0x2ef0
entry 0x403c8924
[0;32mI (24) boot: ESP-IDF v5.5.3-dirty 2nd stage bootloader[0m
[0;32mI (24) boot: compile time Mar 23 2026 20:56:51[0m
[0;32mI (24) boot: Multicore bootloader[0m
[0;32mI (25) boot: chip revision: v0.2[0m
[0;32mI (27) boot: efuse block revision: v1.3[0m
[0;32mI (31) boot.esp32s3: Boot SPI Speed : 80MHz[0m
[0;32mI (35) boot.esp32s3: SPI Mode       : DIO[0m
[0;32mI (39) boot.esp32s3: SPI Flash Size : 2MB[0m
[0;32mI (42) boot: Enabling RNG early entropy source...[0m
[0;32mI (47) boot: Partition Table:[0m
[0;32mI (50) boot: ## Label            Usage          Type ST Offset   Length[0m
[0;32mI (56) boot:  0 nvs              WiFi data        01 02 00009000 00006000[0m
[0;32mI (62) boot:  1 phy_init         RF data          01 01 0000f000 00001000[0m
[0;32mI (69) boot:  2 factory          factory app      00 00 00010000 00100000[0m
[0;32mI (75) boot: End of partition table[0m
[0;32mI (79) esp_image: segment 0: paddr=00010020 vaddr=3c020020 size=0b8c4h ( 47300) map[0m
[0;32mI (94) esp_image: segment 1: paddr=0001b8ec vaddr=3fc93800 size=02f30h ( 12080) load[0m
[0;32mI (97) esp_image: segment 2: paddr=0001e824 vaddr=40374000 size=017f4h (  6132) load[0m
[0;32mI (102) esp_image: segment 3: paddr=00020020 vaddr=42000020 size=1a86ch (108652) map[0m
[0;32mI (128) esp_image: segment 4: paddr=0003a894 vaddr=403757f4 size=0df70h ( 57200) load[0m
[0;32mI (140) esp_image: segment 5: paddr=0004880c vaddr=50000000 size=00020h (    32) load[0m
[0;32mI (147) boot: Loaded app from partition at offset 0x10000[0m
[0;32mI (147) boot: Disabling RNG early entropy source...[0m
[0;32mI (158) cpu_start: Multicore app[0m
[0;32mI (167) cpu_start: GPIO 44 and 43 are used as console UART I/O pins[0m
[0;32mI (167) cpu_start: Pro cpu start user code[0m
[0;32mI (168) cpu_start: cpu freq: 160000000 Hz[0m
[0;32mI (169) app_init: Application information:[0m
[0;32mI (173) app_init: Project name:     proyecto_micro_algas[0m
[0;32mI (178) app_init: App version:      b08c579-dirty[0m
[0;32mI (182) app_init: Compile time:     Mar 24 2026 17:39:58[0m
[0;32mI (187) app_init: ELF file SHA256:  33e057ffb...[0m
[0;32mI (192) app_init: ESP-IDF:          v5.5.3-dirty[0m
[0;32mI (196) efuse_init: Min chip rev:     v0.0[0m
[0;32mI (200) efuse_init: Max chip rev:     v0.99 [0m
[0;32mI (204) efuse_init: Chip rev:         v0.2[0m
[0;32mI (208) heap_init: Initializing. RAM available for dynamic allocation:[0m
[0;32mI (214) heap_init: At 3FC97470 len 000522A0 (328 KiB): RAM[0m
[0;32mI (219) heap_init: At 3FCE9710 len 00005724 (21 KiB): RAM[0m
[0;32mI (224) heap_init: At 3FCF0000 len 00008000 (32 KiB): DRAM[0m
[0;32mI (229) heap_init: At 600FE000 len 00001FE8 (7 KiB): RTCRAM[0m
[0;32mI (236) spi_flash: detected chip: gd[0m
[0;32mI (238) spi_flash: flash io: dio[0m
[0;33mW (241) spi_flash: Detected size(16384k) larger than the size in the binary image header(2048k). Using the size in the binary image header.[0m
[0;33mW (253) i2c: This driver is an old driver, please migrate your application code to adapt `driver/i2c_master.h`[0m
[0;32mI (263) sleep_gpio: Configure to isolate all GPIO pins in sleep state[0m
[0;32mI (269) sleep_gpio: Enable automatic switching of GPIO sleep configuration[0m
[0;32mI (276) main_task: Started on CPU0[0m
[0;32mI (286) main_task: Calling app_main()[0m
[0;32mI (286) u8g2_hal: sda_io_num 11[0m
[0;32mI (286) u8g2_hal: scl_io_num 12[0m
[0;32mI (286) u8g2_hal: clk_speed 50000[0m
[0;32mI (286) u8g2_hal: i2c_param_config 1[0m
[0;32mI (296) u8g2_hal: i2c_driver_install 1[0m
[1;31mE (596) err: esp_err_t = -1[0m

assert failed: u8g2_esp32_i2c_byte_cb u8g2_esp32_hal.c:179 (0 && "i2c_master_cmd_begin(I2C_MASTER_NUM, handle_i2c, pdMS_TO_TICKS(I2C_TIMEOUT_MS))")


Backtrace: 0x4037a515:0x3fceb5d0 0x4037a4dd:0x3fceb5f0 0x40381199:0x3fceb610 0x420099b6:0x3fceb730 0x420184dd:0x3fceb770 0x4200a3ff:0x3fceb790 0x4200a375:0x3fceb7b0 0x4200a6c5:0x3fceb7e0 0x420183a9:0x3fceb800 0x42009632:0x3fceb820 0x4037b125:0x3fceb8f0




ELF file SHA256: 33e057ffb

Rebooting...
ESP-ROM:esp32s3-20210327
Build:Mar 27 2021
rst:0xc (RTC_SW_CPU_RST),boot:0x8 (SPI_FAST_FLASH_BOOT)
Saved PC:0x4037a664
SPIWP:0xee
mode:DIO, clock div:1
load:0x3fce2820,len:0x14f0
load:0x403c8700,len:0xd24
load:0x403cb700,len:0x2ef0
entry 0x403c8924
[0;32mI (24) boot: ESP-IDF v5.5.3-dirty 2nd stage bootloader[0m
[0;32mI (24) boot: compile time Mar 23 2026 20:56:51[0m
[0;32mI (24) boot: Multicore bootloader[0m
[0;32mI (25) boot: chip revision: v0.2[0m
[0;32mI (27) boot: efuse block revision: v1.3[0m
[0;32mI (31) boot.esp32s3: Boot SPI Speed : 80MHz[0m
[0;32mI (35) boot.esp32s3: SPI Mode       : DIO[0m
[0;32mI (39) boot.esp32s3: SPI Flash Size : 2MB[0m
[0;32mI (42) boot: Enabling RNG early entropy source...[0m
[0;32mI (47) boot: Partition Table:[0m
[0;32mI (50) boot: ## Label            Usage          Type ST Offset   Length[0m
[0;32mI (56) boot:  0 nvs              WiFi data        01 02 00009000 00006000[0m
[0;32mI (62) boot:  1 phy_init         RF data          01 01 0000f000 00001000[0m
[0;32mI (69) boot:  2 factory          factory app      00 00 00010000 00100000[0m
[0;32mI (75) boot: End of partition table[0m
[0;32mI (79) esp_image: segment 0: paddr=00010020 vaddr=3c020020 size=0b8c4h ( 47300) map[0m
[0;32mI (94) esp_image: segment 1: paddr=0001b8ec vaddr=3fc93800 size=02f30h ( 12080) load[0m
[0;32mI (97) esp_image: segment 2: paddr=0001e824 vaddr=40374000 size=017f4h (  6132) load[0m
[0;32mI (102) esp_image: segment 3: paddr=00020020 vaddr=42000020 size=1a86ch (108652) map[0m
[0;32mI (128) esp_image: segment 4: paddr=0003a894 vaddr=403757f4 size=0df70h ( 57200) load[0m
[0;32mI (140) esp_image: segment 5: paddr=0004880c vaddr=50000000 size=00020h (    32) load[0m
[0;32mI (147) boot: Loaded app from partition at offset 0x10000[0m
[0;32mI (147) boot: Disabling RNG early entropy source...[0m
[0;32mI (158) cpu_start: Multicore app[0m
[0;32mI (167) cpu_start: GPIO 44 and 43 are used as console UART I/O pins[0m
[0;32mI (167) cpu_start: Pro cpu start user code[0m
[0;32mI (168) cpu_start: cpu freq: 160000000 Hz[0m
[0;32mI (169) app_init: Application information:[0m
[0;32mI (173) app_init: Project name:     proyecto_micro_algas[0m
[0;32mI (178) app_init: App version:      b08c579-dirty[0m
[0;32mI (182) app_init: Compile time:     Mar 24 2026 17:39:58[0m
[0;32mI (187) app_init: ELF file SHA256:  33e057ffb...[0m
[0;32mI (192) app_init: ESP-IDF:          v5.5.3-dirty[0m
[0;32mI (196) efuse_init: Min chip rev:     v0.0[0m
[0;32mI (200) efuse_init: Max chip rev:     v0.99 [0m
[0;32mI (204) efuse_init: Chip rev:         v0.2[0m
[0;32mI (208) heap_init: Initializing. RAM available for dynamic allocation:[0m
[0;32mI (214) heap_init: At 3FC97470 len 000522A0 (328 KiB): RAM[0m
[0;32mI (219) heap_init: At 3FCE9710 len 00005724 (21 KiB): RAM[0m
[0;32mI (224) heap_init: At 3FCF0000 len 00008000 (32 KiB): DRAM[0m
[0;32mI (229) heap_init: At 600FE000 len 00001FE8 (7 KiB): RTCRAM[0m
[0;32mI (236) spi_flash: detected chip: gd[0m
[0;32mI (238) spi_flash: flash io: dio[0m
[0;33mW (241) spi_flash: Detected size(16384k) larger than the size in the binary image header(2048k). Using the size in the binary image header.[0m
[0;33mW (253) i2c: This driver is an old driver, please migrate your application code to adapt `driver/i2c_master.h`[0m
[0;32mI (263) sleep_gpio: Configure to isolate all GPIO pins in sleep state[0m
[0;32mI (269) sleep_gpio: Enable automatic switching of GPIO sleep configuration[0m
[0;32mI (276) main_task: Started on CPU0[0m
[0;32mI (286) main_task: Calling app_main()[0m
[0;32mI (286) u8g2_hal: sda_io_num 11[0m
[0;32mI (286) u8g2_hal: scl_io_num 12[0m
[0;32mI (286) u8g2_hal: clk_speed 50000[0m
[0;32mI (286) u8g2_hal: i2c_param_config 1[0m
[0;32mI (296) u8g2_hal: i2c_driver_install 1[0m
[1;31mE (596) err: esp_err_t = -1[0m

assert failed: u8g2_esp32_i2c_byte_cb u8g2_esp32_hal.c:179 (0 && "i2c_master_cmd_begin(I2C_MASTER_NUM, handle_i2c, pdMS_TO_TICKS(I2C_TIMEOUT_MS))")


Backtrace: 0x4037a515:0x3fceb5d0 0x4037a4dd:0x3fceb5f0 0x40381199:0x3fceb610 0x420099b6:0x3fceb730 0x420184dd:0x3fceb770 0x4200a3ff:0x3fceb790 0x4200a375:0x3fceb7b0 0x4200a6c5:0x3fceb7e0 0x420183a9:0x3fceb800 0x42009632:0x3fceb820 0x4037b125:0x3fceb8f0




ELF file SHA256: 33e057ffb

Rebooting...
ESP-ROM:esp32s3-20210327
Build:Mar 27 2021
rst:0xc (RTC_SW_CPU_RST),boot:0x8 (SPI_FAST_FLASH_BOOT)
Saved PC:0x4037a664
SPIWP:0xee
mode:DIO, clock div:1
load:0x3fce2820,len:0x14f0
load:0x403c8700,len:0xd24
load:0x403cb700,len:0x2ef0
entry 0x403c8924
[0;32mI (24) boot: ESP-IDF v5.5.3-dirty 2nd stage bootloader[0m
[0;32mI (24) boot: compile time Mar 23 2026 20:56:51[0m
[0;32mI (24) boot: Multicore bootloader[0m
[0;32mI (25) boot: chip revision: v0.2[0m
[0;32mI (27) boot: efuse block revision: v1.3[0m
[0;32mI (31) boot.esp32s3: Boot SPI Speed : 80MHz[0m
[0;32mI (35) boot.esp32s3: SPI Mode       : DIO[0m
[0;32mI (39) boot.esp32s3: SPI Flash Size : 2MB[0m
[0;32mI (42) boot: Enabling RNG early entropy source...[0m
[0;32mI (47) boot: Partition Table:[0m
[0;32mI (50) boot: ## Label            Usage          Type ST Offset   Length[0m
[0;32mI (56) boot:  0 nvs              WiFi data        01 02 00009000 00006000[0m
[0;32mI (62) boot:  1 phy_init         RF data          01 01 0000f000 00001000[0m
[0;32mI (69) boot:  2 factory          factory app      00 00 00010000 00100000[0m
[0;32mI (75) boot: End of partition table[0m
[0;32mI (79) esp_image: segment 0: paddr=00010020 vaddr=3c020020 size=0b8c4h ( 47300) map[0m
[0;32mI (94) esp_image: segment 1: paddr=0001b8ec vaddr=3fc93800 size=02f30h ( 12080) load[0m
[0;32mI (97) esp_image: segment 2: paddr=0001e824 vaddr=40374000 size=017f4h (  6132) load[0m
[0;32mI (102) esp_image: segment 3: paddr=00020020 vaddr=42000020 size=1a86ch (108652) map[0m
[0;32mI (128) esp_image: segment 4: paddr=0003a894 vaddr=403757f4 size=0df70h ( 57200) load[0m
[0;32mI (140) esp_image: segment 5: paddr=0004880c vaddr=50000000 size=00020h (    32) load[0m
[0;32mI (147) boot: Loaded app from partition at offset 0x10000[0m
[0;32mI (147) boot: Disabling RNG early entropy source...[0m
[0;32mI (158) cpu_start: Multicore app[0m
[0;32mI (167) cpu_start: GPIO 44 and 43 are used as console UART I/O pins[0m
[0;32mI (167) cpu_start: Pro cpu start user code[0m
[0;32mI (168) cpu_start: cpu freq: 160000000 Hz[0m
[0;32mI (169) app_init: Application information:[0m
[0;32mI (173) app_init: Project name:     proyecto_micro_algas[0m
[0;32mI (178) app_init: App version:      b08c579-dirty[0m
[0;32mI (182) app_init: Compile time:     Mar 24 2026 17:39:58[0m
[0;32mI (187) app_init: ELF file SHA256:  33e057ffb...[0m
[0;32mI (192) app_init: ESP-IDF:          v5.5.3-dirty[0m
[0;32mI (196) efuse_init: Min chip rev:     v0.0[0m
[0;32mI (200) efuse_init: Max chip rev:     v0.99 [0m
[0;32mI (204) efuse_init: Chip rev:         v0.2[0m
[0;32mI (208) heap_init: Initializing. RAM available for dynamic allocation:[0m
[0;32mI (214) heap_init: At 3FC97470 len 000522A0 (328 KiB): RAM[0m
[0;32mI (219) heap_init: At 3FCE9710 len 00005724 (21 KiB): RAM[0m
[0;32mI (224) heap_init: At 3FCF0000 len 00008000 (32 KiB): DRAM[0m
[0;32mI (229) heap_init: At 600FE000 len 00001FE8 (7 KiB): RTCRAM[0m
[0;32mI (236) spi_flash: detected chip: gd[0m
[0;32mI (238) spi_flash: flash io: dio[0m
[0;33mW (241) spi_flash: Detected size(16384k) larger than the size in the binary image header(2048k). Using the size in the binary image header.[0m
[0;33mW (253) i2c: This driver is an old driver, please migrate your application code to adapt `driver/i2c_master.h`[0m
[0;32mI (263) sleep_gpio: Configure to isolate all GPIO pins in sleep state[0m
[0;32mI (269) sleep_gpio: Enable automatic switching of GPIO sleep configuration[0m
[0;32mI (276) main_task: Started on CPU0[0m
[0;32mI (286) main_task: Calling app_main()[0m
[0;32mI (286) u8g2_hal: sda_io_num 11[0m
[0;32mI (286) u8g2_hal: scl_io_num 12[0m
[0;32mI (286) u8g2_hal: clk_speed 50000[0m
[0;32mI (286) u8g2_hal: i2c_param_config 1[0m
[0;32mI (296) u8g2_hal: i2c_driver_install 1[0m
[1;31mE (596) err: esp_err_t = -1[0m

assert failed: u8g2_esp32_i2c_byte_cb u8g2_esp32_hal.c:179 (0 && "i2c_master_cmd_begin(I2C_MASTER_NUM, handle_i2c, pdMS_TO_TICKS(I2C_TIMEOUT_MS))")


Backtrace: 0x4037a515:0x3fceb5d0 0x4037a4dd:0x3fceb5f0 0x40381199:0x3fceb610 0x420099b6:0x3fceb730 0x420184dd:0x3fceb770 0x4200a3ff:0x3fceb790 0x4200a375:0x3fceb7b0 0x4200a6c5:0x3fceb7e0 0x420183a9:0x3fceb800 0x42009632:0x3fceb820 0x4037b125:0x3fceb8f0




ELF file SHA256: 33e057ffb

Rebooting...
ESP-ROM:esp32s3-20210327
Build:Mar 27 2021
rst:0xc (RTC_SW_CPU_RST),boot:0x8 (SPI_FAST_FLASH_BOOT)
Saved PC:0x4037a664
SPIWP:0xee
mode:DIO, clock div:1
load:0x3fce2820,len:0x14f0
load:0x403c8700,len:0xd24
load:0x403cb700,len:0x2ef0
entry 0x403c8924
[0;32mI (24) boot: ESP-IDF v5.5.3-dirty 2nd stage bootloader[0m
[0;32mI (24) boot: compile time Mar 23 2026 20:56:51[0m
[0;32mI (24) boot: Multicore bootloader[0m
[0;32mI (25) boot: chip revision: v0.2[0m
[0;32mI (27) boot: efuse block revision: v1.3[0m
[0;32mI (31) boot.esp32s3: Boot SPI Speed : 80MHz[0m
[0;32mI (35) boot.esp32s3: SPI Mode       : DIO[0m
[0;32mI (39) boot.esp32s3: SPI Flash Size : 2MB[0m
[0;32mI (42) boot: Enabling RNG early entropy source...[0m
[0;32mI (47) boot: Partition Table:[0m
[0;32mI (50) boot: ## Label            Usage          Type ST Offset   Length[0m
[0;32mI (56) boot:  0 nvs              WiFi data        01 02 00009000 00006000[0m
[0;32mI (62) boot:  1 phy_init         RF data          01 01 0000f000 00001000[0m
[0;32mI (69) boot:  2 factory          factory app      00 00 00010000 00100000[0m
[0;32mI (75) boot: End of partition table[0m
[0;32mI (79) esp_image: segment 0: paddr=00010020 vaddr=3c020020 size=0b8c4h ( 47300) map[0m
[0;32mI (94) esp_image: segment 1: paddr=0001b8ec vaddr=3fc93800 size=02f30h ( 12080) load[0m
[0;32mI (97) esp_image: segment 2: paddr=0001e824 vaddr=40374000 size=017f4h (  6132) load[0m
[0;32mI (102) esp_image: segment 3: paddr=00020020 vaddr=42000020 size=1a86ch (108652) map[0m
[0;32mI (128) esp_image: segment 4: paddr=0003a894 vaddr=403757f4 size=0df70h ( 57200) load[0m
[0;32mI (140) esp_image: segment 5: paddr=0004880c vaddr=50000000 size=00020h (    32) load[0m
[0;32mI (147) boot: Loaded app from partition at offset 0x10000[0m
[0;32mI (147) boot: Disabling RNG early entropy source...[0m
[0;32mI (158) cpu_start: Multicore app[0m
[0;32mI (167) cpu_start: GPIO 44 and 43 are used as console UART I/O pins[0m
[0;32mI (167) cpu_start: Pro cpu start user code[0m
[0;32mI (168) cpu_start: cpu freq: 160000000 Hz[0m
[0;32mI (169) app_init: Application information:[0m
[0;32mI (173) app_init: Project name:     proyecto_micro_algas[0m
[0;32mI (178) app_init: App version:      b08c579-dirty[0m
[0;32mI (182) app_init: Compile time:     Mar 24 2026 17:39:58[0m
[0;32mI (187) app_init: ELF file SHA256:  33e057ffb...[0m
[0;32mI (192) app_init: ESP-IDF:          v5.5.3-dirty[0m
[0;32mI (196) efuse_init: Min chip rev:     v0.0[0m
[0;32mI (200) efuse_init: Max chip rev:     v0.99 [0m
[0;32mI (204) efuse_init: Chip rev:         v0.2[0m
[0;32mI (208) heap_init: Initializing. RAM available for dynamic allocation:[0m
[0;32mI (214) heap_init: At 3FC97470 len 000522A0 (328 KiB): RAM[0m
[0;32mI (219) heap_init: At 3FCE9710 len 00005724 (21 KiB): RAM[0m
[0;32mI (224) heap_init: At 3FCF0000 len 00008000 (32 KiB): DRAM[0m
[0;32mI (229) heap_init: At 600FE000 len 00001FE8 (7 KiB): RTCRAM[0m
[0;32mI (236) spi_flash: detected chip: gd[0m
[0;32mI (238) spi_flash: flash io: dio[0m
[0;33mW (241) spi_flash: Detected size(16384k) larger than the size in the binary image header(2048k). Using the size in the binary image header.[0m
[0;33mW (253) i2c: This driver is an old driver, please migrate your application code to adapt `driver/i2c_master.h`[0m
[0;32mI (263) sleep_gpio: Configure to isolate all GPIO pins in sleep state[0m
[0;32mI (269) sleep_gpio: Enable automatic switching of GPIO sleep configuration[0m
[0;32mI (276) main_task: Started on CPU0[0m
[0;32mI (286) main_task: Calling app_main()[0m
[0;32mI (286) u8g2_hal: sda_io_num 11[0m
[0;32mI (286) u8g2_hal: scl_io_num 12[0m
[0;32mI (286) u8g2_hal: clk_speed 50000[0m
[0;32mI (286) u8g2_hal: i2c_param_config 1[0m
[0;32mI (296) u8g2_hal: i2c_driver_install 1[0m
[1;31mE (596) err: esp_err_t = -1[0m

assert failed: u8g2_esp32_i2c_byte_cb u8g2_esp32_hal.c:179 (0 && "i2c_master_cmd_begin(I2C_MASTER_NUM, handle_i2c, pdMS_TO_TICKS(I2C_TIMEOUT_MS))")


Backtrace: 0x4037a515:0x3fceb5d0 0x4037a4dd:0x3fceb5f0 0x40381199:0x3fceb610 0x420099b6:0x3fceb730 0x420184dd:0x3fceb770 0x4200a3ff:0x3fceb790 0x4200a375:0x3fceb7b0 0x4200a6c5:0x3fceb7e0 0x420183a9:0x3fceb800 0x42009632:0x3fceb820 0x4037b125:0x3fceb8f0




ELF file SHA256: 33e057ffb

Rebooting...
ESP-ROM:esp32s3-20210327
Build:Mar 27 2021
rst:0xc (RTC_SW_CPU_RST),boot:0x8 (SPI_FAST_FLASH_BOOT)
Saved PC:0x4037a664
SPIWP:0xee
mode:DIO, clock div:1
load:0x3fce2820,len:0x14f0
load:0x403c8700,len:0xd24
load:0x403cb700,len:0x2ef0
entry 0x403c8924
[0;32mI (24) boot: ESP-IDF v5.5.3-dirty 2nd stage bootloader[0m
[0;32mI (24) boot: compile time Mar 23 2026 20:56:51[0m
[0;32mI (24) boot: Multicore bootloader[0m
[0;32mI (25) boot: chip revision: v0.2[0m
[0;32mI (27) boot: efuse block revision: v1.3[0m
[0;32mI (31) boot.esp32s3: Boot SPI Speed : 80MHz[0m
[0;32mI (35) boot.esp32s3: SPI Mode       : DIO[0m
[0;32mI (39) boot.esp32s3: SPI Flash Size : 2MB[0m
[0;32mI (42) boot: Enabling RNG early entropy source...[0m
[0;32mI (47) boot: Partition Table:[0m
[0;32mI (50) boot: ## Label            Usage          Type ST Offset   Length[0m
[0;32mI (56) boot:  0 nvs              WiFi data        01 02 00009000 00006000[0m
[0;32mI (62) boot:  1 phy_init         RF data          01 01 0000f000 00001000[0m
[0;32mI (69) boot:  2 factory          factory app      00 00 00010000 00100000[0m
[0;32mI (75) boot: End of partition table[0m
[0;32mI (79) esp_image: segment 0: paddr=00010020 vaddr=3c020020 size=0b8c4h ( 47300) map[0m
[0;32mI (94) esp_image: segment 1: paddr=0001b8ec vaddr=3fc93800 size=02f30h ( 12080) load[0m
[0;32mI (97) esp_image: segment 2: paddr=0001e824 vaddr=40374000 size=017f4h (  6132) load[0m
[0;32mI (102) esp_image: segment 3: paddr=00020020 vaddr=42000020 size=1a86ch (108652) map[0m
[0;32mI (128) esp_image: segment 4: paddr=0003a894 vaddr=403757f4 size=0df70h ( 57200) load[0m
[0;32mI (140) esp_image: segment 5: paddr=0004880c vaddr=50000000 size=00020h (    32) load[0m
[0;32mI (147) boot: Loaded app from partition at offset 0x10000[0m
[0;32mI (147) boot: Disabling RNG early entropy source...[0m
[0;32mI (158) cpu_start: Multicore app[0m
[0;32mI (167) cpu_start: GPIO 44 and 43 are used as console UART I/O pins[0m
[0;32mI (167) cpu_start: Pro cpu start user code[0m
[0;32mI (168) cpu_start: cpu freq: 160000000 Hz[0m
[0;32mI (169) app_init: Application information:[0m
[0;32mI (173) app_init: Project name:     proyecto_micro_algas[0m
[0;32mI (178) app_init: App version:      b08c579-dirty[0m
[0;32mI (182) app_init: Compile time:     Mar 24 2026 17:39:58[0m
[0;32mI (187) app_init: ELF file SHA256:  33e057ffb...[0m
[0;32mI (192) app_init: ESP-IDF:          v5.5.3-dirty[0m
[0;32mI (196) efuse_init: Min chip rev:     v0.0[0m
[0;32mI (200) efuse_init: Max chip rev:     v0.99 [0m
[0;32mI (204) efuse_init: Chip rev:         v0.2[0m
[0;32mI (208) heap_init: Initializing. RAM available for dynamic allocation:[0m
[0;32mI (214) heap_init: At 3FC97470 len 000522A0 (328 KiB): RAM[0m
[0;32mI (219) heap_init: At 3FCE9710 len 00005724 (21 KiB): RAM[0m
[0;32mI (224) heap_init: At 3FCF0000 len 00008000 (32 KiB): DRAM[0m
[0;32mI (229) heap_init: At 600FE000 len 00001FE8 (7 KiB): RTCRAM[0m
[0;32mI (236) spi_flash: detected chip: gd[0m
[0;32mI (238) spi_flash: flash io: dio[0m
[0;33mW (241) spi_flash: Detected size(16384k) larger than the size in the binary image header(2048k). Using the size in the binary image header.[0m
[0;33mW (253) i2c: This driver is an old driver, please migrate your application code to adapt `driver/i2c_master.h`[0m
[0;32mI (263) sleep_gpio: Configure to isolate all GPIO pins in sleep state[0m
[0;32mI (269) sleep_gpio: Enable automatic switching of GPIO sleep configuration[0m
[0;32mI (276) main_task: Started on CPU0[0m
[0;32mI (286) main_task: Calling app_main()[0m
[0;32mI (286) u8g2_hal: sda_io_num 11[0m
[0;32mI (286) u8g2_hal: scl_io_num 12[0m
[0;32mI (286) u8g2_hal: clk_speed 50000[0m
[0;32mI (286) u8g2_hal: i2c_param_config 1[0m
[0;32mI (296) u8g2_hal: i2c_driver_install 1[0m
[1;31mE (596) err: esp_err_t = -1[0m

assert failed: u8g2_esp32_i2c_byte_cb u8g2_esp32_hal.c:179 (0 && "i2c_master_cmd_begin(I2C_MASTER_NUM, handle_i2c, pdMS_TO_TICKS(I2C_TIMEOUT_MS))")


Backtrace: 0x4037a515:0x3fceb5d0 0x4037a4dd:0x3fceb5f0 0x40381199:0x3fceb610 0x420099b6:0x3fceb730 0x420184dd:0x3fceb770 0x4200a3ff:0x3fceb790 0x4200a375:0x3fceb7b0 0x4200a6c5:0x3fceb7e0 0x420183a9:0x3fceb800 0x42009632:0x3fceb820 0x4037b125:0x3fceb8f0




ELF file SHA256: 33e057ffb

Rebooting...
ESP-ROM:esp32s3-20210327
Build:Mar 27 2021
rst:0xc (RTC_SW_CPU_RST),boot:0x8 (SPI_FAST_FLASH_BOOT)
Saved PC:0x4037a664
SPIWP:0xee
mode:DIO, clock div:1
load:0x3fce2820,len:0x14f0
load:0x403c8700,len:0xd24
load:0x403cb700,len:0x2ef0
entry 0x403c8924
[0;32mI (24) boot: ESP-IDF v5.5.3-dirty 2nd stage bootloader[0m
[0;32mI (24) boot: compile time Mar 23 2026 20:56:51[0m
[0;32mI (24) boot: Multicore bootloader[0m
[0;32mI (25) boot: chip revision: v0.2[0m
[0;32mI (27) boot: efuse block revision: v1.3[0m
[0;32mI (31) boot.esp32s3: Boot SPI Speed : 80MHz[0m
[0;32mI (35) boot.esp32s3: SPI Mode       : DIO[0m
[0;32mI (39) boot.esp32s3: SPI Flash Size : 2MB[0m
[0;32mI (42) boot: Enabling RNG early entropy source...[0m
[0;32mI (47) boot: Partition Table:[0m
[0;32mI (50) boot: ## Label            Usage          Type ST Offset   Length[0m
[0;32mI (56) boot:  0 nvs              WiFi data        01 02 00009000 00006000[0m
[0;32mI (62) boot:  1 phy_init         RF data          01 01 0000f000 00001000[0m
[0;32mI (69) boot:  2 factory          factory app      00 00 00010000 00100000[0m
[0;32mI (75) boot: End of partition table[0m
[0;32mI (79) esp_image: segment 0: paddr=00010020 vaddr=3c020020 size=0b8c4h ( 47300) map[0m
[0;32mI (94) esp_image: segment 1: paddr=0001b8ec vaddr=3fc93800 size=02f30h ( 12080) load[0m
[0;32mI (97) esp_image: segment 2: paddr=0001e824 vaddr=40374000 size=017f4h (  6132) load[0m
[0;32mI (102) esp_image: segment 3: paddr=00020020 vaddr=42000020 size=1a86ch (108652) map[0m
[0;32mI (128) esp_image: segment 4: paddr=0003a894 vaddr=403757f4 size=0df70h ( 57200) load[0m
[0;32mI (140) esp_image: segment 5: paddr=0004880c vaddr=50000000 size=00020h (    32) load[0m
[0;32mI (147) boot: Loaded app from partition at offset 0x10000[0m
[0;32mI (147) boot: Disabling RNG early entropy source...[0m
[0;32mI (158) cpu_start: Multicore app[0m
[0;32mI (167) cpu_start: GPIO 44 and 43 are used as console UART I/O pins[0m
[0;32mI (167) cpu_start: Pro cpu start user code[0m
[0;32mI (168) cpu_start: cpu freq: 160000000 Hz[0m
[0;32mI (169) app_init: Application information:[0m
[0;32mI (173) app_init: Project name:     proyecto_micro_algas[0m
[0;32mI (178) app_init: App version:      b08c579-dirty[0m
[0;32mI (182) app_init: Compile time:     Mar 24 2026 17:39:58[0m
[0;32mI (187) app_init: ELF file SHA256:  33e057ffb...[0m
[0;32mI (192) app_init: ESP-IDF:          v5.5.3-dirty[0m
[0;32mI (196) efuse_init: Min chip rev:     v0.0[0m
[0;32mI (200) efuse_init: Max chip rev:     v0.99 [0m
[0;32mI (204) efuse_init: Chip rev:         v0.2[0m
[0;32mI (208) heap_init: Initializing. RAM available for dynamic allocation:[0m
[0;32mI (214) heap_init: At 3FC97470 len 000522A0 (328 KiB): RAM[0m
[0;32mI (219) heap_init: At 3FCE9710 len 00005724 (21 KiB): RAM[0m
[0;32mI (224) heap_init: At 3FCF0000 len 00008000 (32 KiB): DRAM[0m
[0;32mI (229) heap_init: At 600FE000 len 00001FE8 (7 KiB): RTCRAM[0m
[0;32mI (236) spi_flash: detected chip: gd[0m
[0;32mI (238) spi_flash: flash io: dio[0m
[0;33mW (241) spi_flash: Detected size(16384k) larger than the size in the binary image header(2048k). Using the size in the binary image header.[0m
[0;33mW (253) i2c: This driver is an old driver, please migrate your application code to adapt `driver/i2c_master.h`[0m
[0;32mI (263) sleep_gpio: Configure to isolate all GPIO pins in sleep state[0m
[0;32mI (269) sleep_gpio: Enable automatic switching of GPIO sleep configuration[0m
[0;32mI (276) main_task: Started on CPU0[0m
[0;32mI (286) main_task: Calling app_main()[0m
[0;32mI (286) u8g2_hal: sda_io_num 11[0m
[0;32mI (286) u8g2_hal: scl_io_num 12[0m
[0;32mI (286) u8g2_hal: clk_speed 50000[0m
[0;32mI (286) u8g2_hal: i2c_param_config 1[0m
[0;32mI (296) u8g2_hal: i2c_driver_install 1[0m
[1;31mE (596) err: esp_err_t = -1[0m

assert failed: u8g2_esp32_i2c_byte_cb u8g2_esp32_hal.c:179 (0 && "i2c_master_cmd_begin(I2C_MASTER_NUM, handle_i2c, pdMS_TO_TICKS(I2C_TIMEOUT_MS))")


Backtrace: 0x4037a515:0x3fceb5d0 0x4037a4dd:0x3fceb5f0 0x40381199:0x3fceb610 0x420099b6:0x3fceb730 0x420184dd:0x3fceb770 0x4200a3ff:0x3fceb790 0x4200a375:0x3fceb7b0 0x4200a6c5:0x3fceb7e0 0x420183a9:0x3fceb800 0x42009632:0x3fceb820 0x4037b125:0x3fceb8f0




ELF file SHA256: 33e057ffb

Rebooting...
ESP-ROM:esp32s3-20210327
Build:Mar 27 2021
rst:0xc (RTC_SW_CPU_RST),boot:0x8 (SPI_FAST_FLASH_BOOT)
Saved PC:0x4037a664
SPIWP:0xee
mode:DIO, clock div:1
load:0x3fce2820,len:0x14f0
load:0x403c8700,len:0xd24
load:0x403cb700,len:0x2ef0
entry 0x403c8924
[0;32mI (24) boot: ESP-IDF v5.5.3-dirty 2nd stage bootloader[0m
[0;32mI (24) boot: compile time Mar 23 2026 20:56:51[0m
[0;32mI (24) boot: Multicore bootloader[0m
[0;32mI (25) boot: chip revision: v0.2[0m
[0;32mI (27) boot: efuse block revision: v1.3[0m
[0;32mI (31) boot.esp32s3: Boot SPI Speed : 80MHz[0m
[0;32mI (35) boot.esp32s3: SPI Mode       : DIO[0m
[0;32mI (39) boot.esp32s3: SPI Flash Size : 2MB[0m
[0;32mI (42) boot: Enabling RNG early entropy source...[0m
[0;32mI (47) boot: Partition Table:[0m
[0;32mI (50) boot: ## Label            Usage          Type ST Offset   Length[0m
[0;32mI (56) boot:  0 nvs              WiFi data        01 02 00009000 00006000[0m
[0;32mI (62) boot:  1 phy_init         RF data          01 01 0000f000 00001000[0m
[0;32mI (69) boot:  2 factory          factory app      00 00 00010000 00100000[0m
[0;32mI (75) boot: End of partition table[0m
[0;32mI (79) esp_image: segment 0: paddr=00010020 vaddr=3c020020 size=0b8c4h ( 47300) map[0m
[0;32mI (94) esp_image: segment 1: paddr=0001b8ec vaddr=3fc93800 size=02f30h ( 12080) load[0m
[0;32mI (97) esp_image: segment 2: paddr=0001e824 vaddr=40374000 size=017f4h (  6132) load[0m
[0;32mI (102) esp_image: segment 3: paddr=00020020 vaddr=42000020 size=1a86ch (108652) map[0m
[0;32mI (128) esp_image: segment 4: paddr=0003a894 vaddr=403757f4 size=0df70h ( 57200) load[0m
[0;32mI (140) esp_image: segment 5: paddr=0004880c vaddr=50000000 size=00020h (    32) load[0m
[0;32mI (147) boot: Loaded app from partition at offset 0x10000[0m
[0;32mI (147) boot: Disabling RNG early entropy source...[0m
[0;32mI (158) cpu_start: Multicore app[0m
[0;32mI (167) cpu_start: GPIO 44 and 43 are used as console UART I/O pins[0m
[0;32mI (167) cpu_start: Pro cpu start user code[0m
[0;32mI (168) cpu_start: cpu freq: 160000000 Hz[0m
[0;32mI (281) main_task: Started on CPU0[0m
[0;32mI (291) main_task: Calling app_main()[0m
[0;32mI (291) u8g2_hal: sda_io_num 11[0m
[0;32mI (291) u8g2_hal: scl_io_num 12[0m
[0;32mI (291) u8g2_hal: clk_speed 50000[0m
[0;32mI (291) u8g2_hal: i2c_param_config 1[0m
[0;32mI (301) u8g2_hal: i2c_driver_install 1[0m
[1;31mE (601) err: esp_err_t = -1[0m

assert failed: u8g2_esp32_i2c_byte_cb u8g2_esp32_hal.c:179 (0 && "i2c_master_cmd_begin(I2C_MASTER_NUM, handle_i2c, pdMS_TO_TICKS(I2C_TIMEOUT_MS))")


Backtrace: 0x4037a515:0x3fceb5d0 0x4037a4dd:0x3fceb5f0 0x40381199:0x3fceb610 0x420099b6:0x3fceb730 0x420184dd:0x3fceb770 0x4200a3ff:0x3fceb790 0x4200a375:0x3fceb7b0 0x4200a6c5:0x3fceb7e0 0x420183a9:0x3fceb800 0x42009632:0x3fceb820 0x4037b125:0x3fceb8f0




ELF file SHA256: 33e057ffb

Rebooting...
ESP-ROM:esp32s3-20210327
Build:Mar 27 2021
rst:0xc (RTC_SW_CPU_RST),boot:0x2b (SPI_FAST_FLASH_BOOT)
Saved PC:0x4037a664
SPIWP:0xee
mode:DIO, clock div:1
load:0x3fce2820,len:0x14f0
load:0x403c8700,len:0xd24
load:0x403cb700,len:0x2ef0
entry 0x403c8924
[0;32mI (24) boot: ESP-IDF v5.5.3-dirty 2nd stage bootloader[0m
[0;32mI (24) boot: compile time Mar 23 2026 20:56:51[0m
[0;32mI (24) boot: Multicore bootloader[0m
[0;32mI (25) boot: chip revision: v0.2[0m
[0;32mI (28) boot: efuse block revision: v1.3[0m
[0;32mI (31) boot.esp32s3: Boot SPI Speed : 80MHz[0m
[0;32mI (35) boot.esp32s3: SPI Mode       : DIO[0m
[0;32mI (39) boot.esp32s3: SPI Flash Size : 2MB[0m
[0;32mI (43) boot: Enabling RNG early entropy source...[0m
[0;32mI (47) boot: Partition Table:[0m
[0;32mI (50) boot: ## Label            Usage          Type ST Offset   Length[0m
[0;32mI (56) boot:  0 nvs              WiFi data        01 02 00009000 00006000[0m
[0;32mI (62) boot:  1 phy_init         RF data          01 01 0000f000 00001000[0m
[0;32mI (69) boot:  2 factory          factory app      00 00 00010000 00100000[0m
[0;32mI (76) boot: End of partition table[0m
[0;32mI (79) esp_image: segment 0: paddr=00010020 vaddr=3c020020 size=0b8c4h ( 47300) map[0m
[0;32mI (95) esp_image: segment 1: paddr=0001b8ec vaddr=3fc93800 size=02f30h ( 12080) load[0m
[0;32mI (97) esp_image: segment 2: paddr=0001e824 vaddr=40374000 size=017f4h (  6132) load[0m
[0;32mI (102) esp_image: segment 3: paddr=00020020 vaddr=42000020 size=1a86ch (108652) map[0m
[0;32mI (128) esp_image: segment 4: paddr=0003a894 vaddr=403757f4 size=0df70h ( 57200) load[0m
[0;32mI (141) esp_image: segment 5: paddr=0004880c vaddr=50000000 size=00020h (    32) load[0m
[0;32mI (147) boot: Loaded app from partition at offset 0x10000[0m
[0;32mI (147) boot: Disabling RNG early entropy source...[0m
[0;32mI (158) cpu_start: Multicore app[0m
[0;32mI (167) cpu_start: GPIO 44 and 43 are used as console UART I/O pins[0m
[0;32mI (168) cpu_start: Pro cpu start user code[0m
[0;32mI (168) cpu_start: cpu freq: 160000000 Hz[0m
[0;32mI (169) app_init: Application information:[0m
[0;32mI (173) app_init: Project name:     proyecto_micro_algas[0m
[0;32mI (178) app_init: App version:      b08c579-dirty[0m
[0;32mI (182) app_init: Compile time:     Mar 24 2026 17:39:58[0m
[0;32mI (187) app_init: ELF file SHA256:  33e057ffb...[0m
[0;32mI (192) app_init: ESP-IDF:          v5.5.3-dirty[0m
[0;32mI (196) efuse_init: Min chip rev:     v0.0[0m
[0;32mI (200) efuse_init: Max chip rev:     v0.99 [0m
[0;32mI (204) efuse_init: Chip rev:         v0.2[0m
[0;32mI (208) heap_init: Initializing. RAM available for dynamic allocation:[0m
[0;32mI (214) heap_init: At 3FC97470 len 000522A0 (328 KiB): RAM[0m
[0;32mI (219) heap_init: At 3FCE9710 len 00005724 (21 KiB): RAM[0m
[0;32mI (224) heap_init: At 3FCF0000 len 00008000 (32 KiB): DRAM[0m
[0;32mI (229) heap_init: At 600FE000 len 00001FE8 (7 KiB): RTCRAM[0m
[0;32mI (236) spi_flash: detected chip: gd[0m
[0;32mI (238) spi_flash: flash io: dio[0m
[0;33mW (241) spi_flash: Detected size(16384k) larger than the size in the binary image header(2048k). Using the size in the binary image header.[0m
[0;33mW (253) i2c: This driver is an old driver, please migrate your application code to adapt `driver/i2c_master.h`[0m
[0;32mI (263) sleep_gpio: Configure to isolate all GPIO pins in sleep state[0m
[0;32mI (269) sleep_gpio: Enable automatic switching of GPIO sleep configuration[0m
[0;32mI (276) main_task: Started on CPU0[0m
[0;32mI (286) main_task: Calling app_main()[0m
[0;32mI (286) u8g2_hal: sda_io_num 11[0m
[0;32mI (286) u8g2_hal: scl_io_num 12[0m
[0;32mI (286) u8g2_hal: clk_speed 50000[0m
[0;32mI (286) u8g2_hal: i2c_param_config 1[0m
[0;32mI (296) u8g2_hal: i2c_driver_install 1[0m
[1;31mE (596) err: esp_err_t = -1[0m

assert failed: u8g2_esp32_i2c_byte_cb u8g2_esp32_hal.c:179 (0 && "i2c_master_cmd_begin(I2C_MASTER_NUM, handle_i2c, pdMS_TO_TICKS(I2C_TIMEOUT_MS))")


Backtrace: 0x4037a515:0x3fceb5d0 0x4037a4dd:0x3fceb5f0 0x40381199:0x3fceb610 0x420099b6:0x3fceb730 0x420184dd:0x3fceb770 0x4200a3ff:0x3fceb790 0x4200a375:0x3fceb7b0 0x4200a6c5:0x3fceb7e0 0x420183a9:0x3fceb800 0x42009632:0x3fceb820 0x4037b125:0x3fceb8f0




ELF file SHA256: 33e057ffb

Rebooting...
ESP-ROM:esp32s3-20210327
Build:Mar 27 2021
rst:0xc (RTC_SW_CPU_RST),boot:0x2b (SPI_FAST_FLASH_BOOT)
Saved PC:0x4037a664
SPIWP:0xee
mode:DIO, clock div:1
load:0x3fce2820,len:0x14f0
load:0x403c8700,len:0xd24
load:0x403cb700,len:0x2ef0
entry 0x403c8924
[0;32mI (24) boot: ESP-IDF v5.5.3-dirty 2nd stage bootloader[0m
[0;32mI (24) boot: compile time Mar 23 2026 20:56:51[0m
[0;32mI (24) boot: Multicore bootloader[0m
[0;32mI (25) boot: chip revision: v0.2[0m
[0;32mI (28) boot: efuse block revision: v1.3[0m
[0;32mI (31) boot.esp32s3: Boot SPI Speed : 80MHz[0m
[0;32mI (35) boot.esp32s3: SPI Mode       : DIO[0m
[0;32mI (39) boot.esp32s3: SPI Flash Size : 2MB[0m
[0;32mI (43) boot: Enabling RNG early entropy source...[0m
[0;32mI (47) boot: Partition Table:[0m
[0;32mI (50) boot: ## Label            Usage          Type ST Offset   Length[0m
[0;32mI (56) boot:  0 nvs              WiFi data        01 02 00009000 00006000[0m
[0;32mI (62) boot:  1 phy_init         RF data          01 01 0000f000 00001000[0m
[0;32mI (69) boot:  2 factory          factory app      00 00 00010000 00100000[0m
[0;32mI (76) boot: End of partition table[0m
[0;32mI (79) esp_image: segment 0: paddr=00010020 vaddr=3c020020 size=0b8c4h ( 47300) map[0m
[0;32mI (95) esp_image: segment 1: paddr=0001b8ec vaddr=3fc93800 size=02f30h ( 12080) load[0m
[0;32mI (97) esp_image: segment 2: paddr=0001e824 vaddr=40374000 size=017f4h (  6132) load[0m
[0;32mI (102) esp_image: segment 3: paddr=00020020 vaddr=42000020 size=1a86ch (108652) map[0m
[0;32mI (128) esp_image: segment 4: paddr=0003a894 vaddr=403757f4 size=0df70h ( 57200) load[0m
[0;32mI (141) esp_image: segment 5: paddr=0004880c vaddr=50000000 size=00020h (    32) load[0m
[0;32mI (147) boot: Loaded app from partition at offset 0x10000[0m
[0;32mI (147) boot: Disabling RNG early entropy source...[0m
[0;32mI (158) cpu_start: Multicore app[0m
[0;32mI (167) cpu_start: GPIO 44 and 43 are used as console UART I/O pins[0m
[0;32mI (168) cpu_start: Pro cpu start user code[0m
[0;32mI (168) cpu_start: cpu freq: 160000000 Hz[0m
[0;32mI (169) app_init: Application information:[0m
[0;32mI (173) app_init: Project name:     proyecto_micro_algas[0m
[0;32mI (178) app_init: App version:      b08c579-dirty[0m
[0;32mI (182) app_init: Compile time:     Mar 24 2026 17:39:58[0m
[0;32mI (187) app_init: ELF file SHA256:  33e057ffb...[0m
[0;32mI (192) app_init: ESP-IDF:          v5.5.3-dirty[0m
[0;32mI (196) efuse_init: Min chip rev:     v0.0[0m
[0;32mI (200) efuse_init: Max chip rev:     v0.99 [0m
[0;32mI (204) efuse_init: Chip rev:         v0.2[0m
[0;32mI (208) heap_init: Initializing. RAM available for dynamic allocation:[0m
[0;32mI (214) heap_init: At 3FC97470 len 000522A0 (328 KiB): RAM[0m
[0;32mI (219) heap_init: At 3FCE9710 len 00005724 (21 KiB): RAM[0m
[0;32mI (224) heap_init: At 3FCF0000 len 00008000 (32 KiB): DRAM[0m
[0;32mI (229) heap_init: At 600FE000 len 00001FE8 (7 KiB): RTCRAM[0m
[0;32mI (236) spi_flash: detected chip: gd[0m
[0;32mI (238) spi_flash: flash io: dio[0m
[0;33mW (241) spi_flash: Detected size(16384k) larger than the size in the binary image header(2048k). Using the size in the binary image header.[0m
[0;33mW (253) i2c: This driver is an old driver, please migrate your application code to adapt `driver/i2c_master.h`[0m
[0;32mI (263) sleep_gpio: Configure to isolate all GPIO pins in sleep state[0m
[0;32mI (269) sleep_gpio: Enable automatic switching of GPIO sleep configuration[0m
[0;32mI (276) main_task: Started on CPU0[0m
[0;32mI (286) main_task: Calling app_main()[0m
[0;32mI (286) u8g2_hal: sda_io_num 11[0m
[0;32mI (286) u8g2_hal: scl_io_num 12[0m
[0;32mI (286) u8g2_hal: clk_speed 50000[0m
[0;32mI (286) u8g2_hal: i2c_param_config 1[0m
[0;32mI (296) u8g2_hal: i2c_driver_install 1[0m
[1;31mE (596) err: esp_err_t = -1[0m

assert failed: u8g2_esp32_i2c_byte_cb u8g2_esp32_hal.c:179 (0 && "i2c_master_cmd_begin(I2C_MASTER_NUM, handle_i2c, pdMS_TO_TICKS(I2C_TIMEOUT_MS))")


Backtrace: 0x4037a515:0x3fceb5d0 0x4037a4dd:0x3fceb5f0 0x40381199:0x3fceb610 0x420099b6:0x3fceb730 0x420184dd:0x3fceb770 0x4200a3ff:0x3fceb790 0x4200a375:0x3fceb7b0 0x4200a6c5:0x3fceb7e0 0x420183a9:0x3fceb800 0x42009632:0x3fceb820 0x4037b125:0x3fceb8f0




ELF file SHA256: 33e057ffb

Rebooting...
ESP-ROM:esp32s3-20210327
Build:Mar 27 2021
rst:0xc (RTC_SW_CPU_RST),boot:0x2b (SPI_FAST_FLASH_BOOT)
Saved PC:0x4037a664
SPIWP:0xee
mode:DIO, clock div:1
load:0x3fce2820,len:0x14f0
load:0x403c8700,len:0xd24
load:0x403cb700,len:0x2ef0
entry 0x403c8924
[0;32mI (24) boot: ESP-IDF v5.5.3-dirty 2nd stage bootloader[0m
[0;32mI (24) boot: compile time Mar 23 2026 20:56:51[0m
[0;32mI (24) boot: Multicore bootloader[0m
[0;32mI (25) boot: chip revision: v0.2[0m
[0;32mI (28) boot: efuse block revision: v1.3[0m
[0;32mI (31) boot.esp32s3: Boot SPI Speed : 80MHz[0m
[0;32mI (35) boot.esp32s3: SPI Mode       : DIO[0m
[0;32mI (39) boot.esp32s3: SPI Flash Size : 2MB[0m
[0;32mI (43) boot: Enabling RNG early entropy source...[0m
[0;32mI (47) boot: Partition Table:[0m
[0;32mI (50) boot: ## Label            Usage          Type ST Offset   Length[0m
[0;32mI (56) boot:  0 nvs              WiFi data        01 02 00009000 00006000[0m
[0;32mI (62) boot:  1 phy_init         RF data          01 01 0000f000 00001000[0m
[0;32mI (69) boot:  2 factory          factory app      00 00 00010000 00100000[0m
[0;32mI (76) boot: End of partition table[0m
[0;32mI (79) esp_image: segment 0: paddr=00010020 vaddr=3c020020 size=0b8c4h ( 47300) map[0m
[0;32mI (95) esp_image: segment 1: paddr=0001b8ec vaddr=3fc93800 size=02f30h ( 12080) load[0m
[0;32mI (97) esp_image: segment 2: paddr=0001e824 vaddr=40374000 size=017f4h (  6132) load[0m
[0;32mI (102) esp_image: segment 3: paddr=00020020 vaddr=42000020 size=1a86ch (108652) map[0m
[0;32mI (128) esp_image: segment 4: paddr=0003a894 vaddr=403757f4 size=0df70h ( 57200) load[0m
[0;32mI (141) esp_image: segment 5: paddr=0004880c vaddr=50000000 size=00020h (    32) load[0m
[0;32mI (147) boot: Loaded app from partition at offset 0x10000[0m
[0;32mI (147) boot: Disabling RNG early entropy source...[0m
[0;32mI (158) cpu_start: Multicore app[0m
[0;32mI (167) cpu_start: GPIO 44 and 43 are used as console UART I/O pins[0m
[0;32mI (168) cpu_start: Pro cpu start user code[0m
[0;32mI (168) cpu_start: cpu freq: 160000000 Hz[0m
[0;32mI (169) app_init: Application information:[0m
[0;32mI (173) app_init: Project name:     proyecto_micro_algas[0m
[0;32mI (178) app_init: App version:      b08c579-dirty[0m
[0;32mI (182) app_init: Compile time:     Mar 24 2026 17:39:58[0m
[0;32mI (187) app_init: ELF file SHA256:  33e057ffb...[0m
[0;32mI (192) app_init: ESP-IDF:          v5.5.3-dirty[0m
[0;32mI (196) efuse_init: Min chip rev:     v0.0[0m
[0;32mI (200) efuse_init: Max chip rev:     v0.99 [0m
[0;32mI (204) efuse_init: Chip rev:         v0.2[0m
[0;32mI (208) heap_init: Initializing. RAM available for dynamic allocation:[0m
[0;32mI (214) heap_init: At 3FC97470 len 000522A0 (328 KiB): RAM[0m
[0;32mI (219) heap_init: At 3FCE9710 len 00005724 (21 KiB): RAM[0m
[0;32mI (224) heap_init: At 3FCF0000 len 00008000 (32 KiB): DRAM[0m
[0;32mI (229) heap_init: At 600FE000 len 00001FE8 (7 KiB): RTCRAM[0m
[0;32mI (236) spi_flash: detected chip: gd[0m
[0;32mI (238) spi_flash: flash io: dio[0m
[0;33mW (241) spi_flash: Detected size(16384k) larger than the size in the binary image header(2048k). Using the size in the binary image header.[0m
[0;33mW (253) i2c: This driver is an old driver, please migrate your application code to adapt `driver/i2c_master.h`[0m
[0;32mI (263) sleep_gpio: Configure to isolate all GPIO pins in sleep state[0m
[0;32mI (269) sleep_gpio: Enable automatic switching of GPIO sleep configuration[0m
[0;32mI (276) main_task: Started on CPU0[0m
[0;32mI (286) main_task: Calling app_main()[0m
[0;32mI (286) u8g2_hal: sda_io_num 11[0m
[0;32mI (286) u8g2_hal: scl_io_num 12[0m
[0;32mI (286) u8g2_hal: clk_speed 50000[0m
[0;32mI (286) u8g2_hal: i2c_param_config 1[0m
[0;32mI (296) u8g2_hal: i2c_driver_install 1[0m
[1;31mE (596) err: esp_err_t = -1[0m

assert failed: u8g2_esp32_i2c_byte_cb u8g2_esp32_hal.c:179 (0 && "i2c_master_cmd_begin(I2C_MASTER_NUM, handle_i2c, pdMS_TO_TICKS(I2C_TIMEOUT_MS))")


Backtrace: 0x4037a515:0x3fceb5d0 0x4037a4dd:0x3fceb5f0 0x40381199:0x3fceb610 0x420099b6:0x3fceb730 0x420184dd:0x3fceb770 0x4200a3ff:0x3fceb790 0x4200a375:0x3fceb7b0 0x4200a6c5:0x3fceb7e0 0x420183a9:0x3fceb800 0x42009632:0x3fceb820 0x4037b125:0x3fceb8f0




ELF file SHA256: 33e057ffb

Rebooting...
ESP-ROM:esp32s3-20210327
Build:Mar 27 2021
rst:0xc (RTC_SW_CPU_RST),boot:0x2b (SPI_FAST_FLASH_BOOT)
Saved PC:0x4037a664
SPIWP:0xee
mode:DIO, clock div:1
load:0x3fce2820,len:0x14f0
load:0x403c8700,len:0xd24
load:0x403cb700,len:0x2ef0
entry 0x403c8924
[0;32mI (24) boot: ESP-IDF v5.5.3-dirty 2nd stage bootloader[0m
[0;32mI (24) boot: compile time Mar 23 2026 20:56:51[0m
[0;32mI (24) boot: Multicore bootloader[0m
[0;32mI (25) boot: chip revision: v0.2[0m
[0;32mI (28) boot: efuse block revision: v1.3[0m
[0;32mI (31) boot.esp32s3: Boot SPI Speed : 80MHz[0m
[0;32mI (35) boot.esp32s3: SPI Mode       : DIO[0m
[0;32mI (39) boot.esp32s3: SPI Flash Size : 2MB[0m
[0;32mI (43) boot: Enabling RNG early entropy source...[0m
[0;32mI (47) boot: Partition Table:[0m
[0;32mI (50) boot: ## Label            Usage          Type ST Offset   Length[0m
[0;32mI (56) boot:  0 nvs              WiFi data        01 02 00009000 00006000[0m
[0;32mI (62) boot:  1 phy_init         RF data          01 01 0000f000 00001000[0m
[0;32mI (69) boot:  2 factory          factory app      00 00 00010000 00100000[0m
[0;32mI (76) boot: End of partition table[0m
[0;32mI (79) esp_image: segment 0: paddr=00010020 vaddr=3c020020 size=0b8c4h ( 47300) map[0m
[0;32mI (95) esp_image: segment 1: paddr=0001b8ec vaddr=3fc93800 size=02f30h ( 12080) load[0m
[0;32mI (97) esp_image: segment 2: paddr=0001e824 vaddr=40374000 size=017f4h (  6132) load[0m
[0;32mI (102) esp_image: segment 3: paddr=00020020 vaddr=42000020 size=1a86ch (108652) map[0m
[0;32mI (128) esp_image: segment 4: paddr=0003a894 vaddr=403757f4 size=0df70h ( 57200) load[0m
[0;32mI (141) esp_image: segment 5: paddr=0004880c vaddr=50000000 size=00020h (    32) load[0m
[0;32mI (147) boot: Loaded app from partition at offset 0x10000[0m
[0;32mI (147) boot: Disabling RNG early entropy source...[0m
[0;32mI (158) cpu_start: Multicore app[0m
[0;32mI (167) cpu_start: GPIO 44 and 43 are used as console UART I/O pins[0m
[0;32mI (168) cpu_start: Pro cpu start user code[0m
[0;32mI (168) cpu_start: cpu freq: 160000000 Hz[0m
[0;32mI (169) app_init: Application information:[0m
[0;32mI (173) app_init: Project name:     proyecto_micro_algas[0m
[0;32mI (178) app_init: App version:      b08c579-dirty[0m
[0;32mI (182) app_init: Compile time:     Mar 24 2026 17:39:58[0m
[0;32mI (187) app_init: ELF file SHA256:  33e057ffb...[0m
[0;32mI (192) app_init: ESP-IDF:          v5.5.3-dirty[0m
[0;32mI (196) efuse_init: Min chip rev:     v0.0[0m
[0;32mI (200) efuse_init: Max chip rev:     v0.99 [0m
[0;32mI (204) efuse_init: Chip rev:         v0.2[0m
[0;32mI (208) heap_init: Initializing. RAM available for dynamic allocation:[0m
[0;32mI (214) heap_init: At 3FC97470 len 000522A0 (328 KiB): RAM[0m
[0;32mI (219) heap_init: At 3FCE9710 len 00005724 (21 KiB): RAM[0m
[0;32mI (224) heap_init: At 3FCF0000 len 00008000 (32 KiB): DRAM[0m
[0;32mI (229) heap_init: At 600FE000 len 00001FE8 (7 KiB): RTCRAM[0m
[0;32mI (236) spi_flash: detected chip: gd[0m
[0;32mI (238) spi_flash: flash io: dio[0m
[0;33mW (241) spi_flash: Detected size(16384k) larger than the size in the binary image header(2048k). Using the size in the binary image header.[0m
[0;33mW (253) i2c: This driver is an old driver, please migrate your application code to adapt `driver/i2c_master.h`[0m
[0;32mI (263) sleep_gpio: Configure to isolate all GPIO pins in sleep state[0m
[0;32mI (269) sleep_gpio: Enable automatic switching of GPIO sleep configuration[0m
[0;32mI (276) main_task: Started on CPU0[0m
[0;32mI (286) main_task: Calling app_main()[0m
[0;32mI (286) u8g2_hal: sda_io_num 11[0m
[0;32mI (286) u8g2_hal: scl_io_num 12[0m
[0;32mI (286) u8g2_hal: clk_speed 50000[0m
[0;32mI (286) u8g2_hal: i2c_param_config 1[0m
[0;32mI (296) u8g2_hal: i2c_driver_install 1[0m
[1;31mE (596) err: esp_err_t = -1[0m

assert failed: u8g2_esp32_i2c_byte_cb u8g2_esp32_hal.c:179 (0 && "i2c_master_cmd_begin(I2C_MASTER_NUM, handle_i2c, pdMS_TO_TICKS(I2C_TIMEOUT_MS))")


Backtrace: 0x4037a515:0x3fceb5d0 0x4037a4dd:0x3fceb5f0 0x40381199:0x3fceb610 0x420099b6:0x3fceb730 0x420184dd:0x3fceb770 0x4200a3ff:0x3fceb790 0x4200a375:0x3fceb7b0 0x4200a6c5:0x3fceb7e0 0x420183a9:0x3fceb800 0x42009632:0x3fceb820 0x4037b125:0x3fceb8f0




ELF file SHA256: 33e057ffb

Rebooting...
ESP-ROM:esp32s3-20210327
Build:Mar 27 2021
rst:0xc (RTC_SW_CPU_RST),boot:0x2b (SPI_FAST_FLASH_BOOT)
Saved PC:0x4037a664
SPIWP:0xee
mode:DIO, clock div:1
load:0x3fce2820,len:0x14f0
load:0x403c8700,len:0xd24
load:0x403cb700,len:0x2ef0
entry 0x403c8924
[0;32mI (24) boot: ESP-IDF v5.5.3-dirty 2nd stage bootloader[0m
[0;32mI (24) boot: compile time Mar 23 2026 20:56:51[0m
[0;32mI (24) boot: Multicore bootloader[0m
[0;32mI (25) boot: chip revision: v0.2[0m
[0;32mI (28) boot: efuse block revision: v1.3[0m
[0;32mI (31) boot.esp32s3: Boot SPI Speed : 80MHz[0m
[0;32mI (35) boot.esp32s3: SPI Mode       : DIO[0m
[0;32mI (39) boot.esp32s3: SPI Flash Size : 2MB[0m
[0;32mI (43) boot: Enabling RNG early entropy source...[0m
[0;32mI (47) boot: Partition Table:[0m
[0;32mI (50) boot: ## Label            Usage          Type ST Offset   Length[0m
[0;32mI (56) boot:  0 nvs              WiFi data        01 02 00009000 00006000[0m
[0;32mI (62) boot:  1 phy_init         RF data          01 01 0000f000 00001000[0m
[0;32mI (69) boot:  2 factory          factory app      00 00 00010000 00100000[0m
[0;32mI (76) boot: End of partition table[0m
[0;32mI (79) esp_image: segment 0: paddr=00010020 vaddr=3c020020 size=0b8c4h ( 47300) map[0m
[0;32mI (95) esp_image: segment 1: paddr=0001b8ec vaddr=3fc93800 size=02f30h ( 12080) load[0m
[0;32mI (97) esp_image: segment 2: paddr=0001e824 vaddr=40374000 size=017f4h (  6132) load[0m
[0;32mI (102) esp_image: segment 3: paddr=00020020 vaddr=42000020 size=1a86ch (108652) map[0m
[0;32mI (128) esp_image: segment 4: paddr=0003a894 vaddr=403757f4 size=0df70h ( 57200) load[0m
[0;32mI (141) esp_image: segment 5: paddr=0004880c vaddr=50000000 size=00020h (    32) load[0m
[0;32mI (147) boot: Loaded app from partition at offset 0x10000[0m
[0;32mI (147) boot: Disabling RNG early entropy source...[0m
[0;32mI (158) cpu_start: Multicore app[0m
[0;32mI (167) cpu_start: GPIO 44 and 43 are used as console UART I/O pins[0m
[0;32mI (168) cpu_start: Pro cpu start user code[0m
[0;32mI (168) cpu_start: cpu freq: 160000000 Hz[0m
[0;32mI (169) app_init: Application information:[0m
[0;32mI (173) app_init: Project name:     proyecto_micro_algas[0m
[0;32mI (178) app_init: App version:      b08c579-dirty[0m
[0;32mI (182) app_init: Compile time:     Mar 24 2026 17:39:58[0m
[0;32mI (187) app_init: ELF file SHA256:  33e057ffb...[0m
[0;32mI (192) app_init: ESP-IDF:          v5.5.3-dirty[0m
[0;32mI (196) efuse_init: Min chip rev:     v0.0[0m
[0;32mI (200) efuse_init: Max chip rev:     v0.99 [0m
[0;32mI (204) efuse_init: Chip rev:         v0.2[0m
[0;32mI (208) heap_init: Initializing. RAM available for dynamic allocation:[0m
[0;32mI (214) heap_init: At 3FC97470 len 000522A0 (328 KiB): RAM[0m
[0;32mI (219) heap_init: At 3FCE9710 len 00005724 (21 KiB): RAM[0m
[0;32mI (224) heap_init: At 3FCF0000 len 00008000 (32 KiB): DRAM[0m
[0;32mI (229) heap_init: At 600FE000 len 00001FE8 (7 KiB): RTCRAM[0m
[0;32mI (236) spi_flash: detected chip: gd[0m
[0;32mI (238) spi_flash: flash io: dio[0m
[0;33mW (241) spi_flash: Detected size(16384k) larger than the size in the binary image header(2048k). Using the size in the binary image header.[0m
[0;33mW (253) i2c: This driver is an old driver, please migrate your application code to adapt `driver/i2c_master.h`[0m
[0;32mI (263) sleep_gpio: Configure to isolate all GPIO pins in sleep state[0m
[0;32mI (269) sleep_gpio: Enable automatic switching of GPIO sleep configuration[0m
[0;32mI (276) main_task: Started on CPU0[0m
[0;32mI (286) main_task: Calling app_main()[0m
[0;32mI (286) u8g2_hal: sda_io_num 11[0m
[0;32mI (286) u8g2_hal: scl_io_num 12[0m
[0;32mI (286) u8g2_hal: clk_speed 50000[0m
[0;32mI (286) u8g2_hal: i2c_param_config 1[0m
[0;32mI (296) u8g2_hal: i2c_driver_install 1[0m
[1;31mE (596) err: esp_err_t = -1[0m

assert failed: u8g2_esp32_i2c_byte_cb u8g2_esp32_hal.c:179 (0 && "i2c_master_cmd_begin(I2C_MASTER_NUM, handle_i2c, pdMS_TO_TICKS(I2C_TIMEOUT_MS))")


Backtrace: 0x4037a515:0x3fceb5d0 0x4037a4dd:0x3fceb5f0 0x40381199:0x3fceb610 0x420099b6:0x3fceb730 0x420184dd:0x3fceb770 0x4200a3ff:0x3fceb790 0x4200a375:0x3fceb7b0 0x4200a6c5:0x3fceb7e0 0x420183a9:0x3fceb800 0x42009632:0x3fceb820 0x4037b125:0x3fceb8f0




ELF file SHA256: 33e057ffb

Rebooting...
ESP-ROM:esp32s3-20210327
Build:Mar 27 2021
rst:0xc (RTC_SW_CPU_RST),boot:0x2b (SPI_FAST_FLASH_BOOT)
Saved PC:0x4037a664
SPIWP:0xee
mode:DIO, clock div:1
load:0x3fce2820,len:0x14f0
load:0x403c8700,len:0xd24
load:0x403cb700,len:0x2ef0
entry 0x403c8924
[0;32mI (24) boot: ESP-IDF v5.5.3-dirty 2nd stage bootloader[0m
[0;32mI (24) boot: compile time Mar 23 2026 20:56:51[0m
[0;32mI (24) boot: Multicore bootloader[0m
[0;32mI (25) boot: chip revision: v0.2[0m
[0;32mI (28) boot: efuse block revision: v1.3[0m
[0;32mI (31) boot.esp32s3: Boot SPI Speed : 80MHz[0m
[0;32mI (35) boot.esp32s3: SPI Mode       : DIO[0m
[0;32mI (39) boot.esp32s3: SPI Flash Size : 2MB[0m
[0;32mI (43) boot: Enabling RNG early entropy source...[0m
[0;32mI (47) boot: Partition Table:[0m
[0;32mI (50) boot: ## Label            Usage          Type ST Offset   Length[0m
[0;32mI (56) boot:  0 nvs              WiFi data        01 02 00009000 00006000[0m
[0;32mI (62) boot:  1 phy_init         RF data          01 01 0000f000 00001000[0m
[0;32mI (69) boot:  2 factory          factory app      00 00 00010000 00100000[0m
[0;32mI (76) boot: End of partition table[0m
[0;32mI (79) esp_image: segment 0: paddr=00010020 vaddr=3c020020 size=0b8c4h ( 47300) map[0m
[0;32mI (95) esp_image: segment 1: paddr=0001b8ec vaddr=3fc93800 size=02f30h ( 12080) load[0m
[0;32mI (97) esp_image: segment 2: paddr=0001e824 vaddr=40374000 size=017f4h (  6132) load[0m
[0;32mI (102) esp_image: segment 3: paddr=00020020 vaddr=42000020 size=1a86ch (108652) map[0m
[0;32mI (128) esp_image: segment 4: paddr=0003a894 vaddr=403757f4 size=0df70h ( 57200) load[0m
[0;32mI (141) esp_image: segment 5: paddr=0004880c vaddr=50000000 size=00020h (    32) load[0m
[0;32mI (147) boot: Loaded app from partition at offset 0x10000[0m
[0;32mI (147) boot: Disabling RNG early entropy source...[0m
[0;32mI (158) cpu_start: Multicore app[0m
[0;32mI (167) cpu_start: GPIO 44 and 43 are used as console UART I/O pins[0m
[0;32mI (168) cpu_start: Pro cpu start user code[0m
[0;32mI (168) cpu_start: cpu freq: 160000000 Hz[0m
[0;32mI (169) app_init: Application information:[0m
[0;32mI (173) app_init: Project name:     proyecto_micro_algas[0m
[0;32mI (178) app_init: App version:      b08c579-dirty[0m
[0;32mI (182) app_init: Compile time:     Mar 24 2026 17:39:58[0m
[0;32mI (187) app_init: ELF file SHA256:  33e057ffb...[0m
[0;32mI (192) app_init: ESP-IDF:          v5.5.3-dirty[0m
[0;32mI (196) efuse_init: Min chip rev:     v0.0[0m
[0;32mI (200) efuse_init: Max chip rev:     v0.99 [0m
[0;32mI (204) efuse_init: Chip rev:         v0.2[0m
[0;32mI (208) heap_init: Initializing. RAM available for dynamic allocation:[0m
[0;32mI (214) heap_init: At 3FC97470 len 000522A0 (328 KiB): RAM[0m
[0;32mI (219) heap_init: At 3FCE9710 len 00005724 (21 KiB): RAM[0m
[0;32mI (224) heap_init: At 3FCF0000 len 00008000 (32 KiB): DRAM[0m
[0;32mI (229) heap_init: At 600FE000 len 00001FE8 (7 KiB): RTCRAM[0m
[0;32mI (236) spi_flash: detected chip: gd[0m
[0;32mI (238) spi_flash: flash io: dio[0m
[0;33mW (241) spi_flash: Detected size(16384k) larger than the size in the binary image header(2048k). Using the size in the binary image header.[0m
[0;33mW (253) i2c: This driver is an old driver, please migrate your application code to adapt `driver/i2c_master.h`[0m
[0;32mI (263) sleep_gpio: Configure to isolate all GPIO pins in sleep state[0m
[0;32mI (269) sleep_gpio: Enable automatic switching of GPIO sleep configuration[0m
[0;32mI (276) main_task: Started on CPU0[0m
[0;32mI (286) main_task: Calling app_main()[0m
[0;32mI (286) u8g2_hal: sda_io_num 11[0m
[0;32mI (286) u8g2_hal: scl_io_num 12[0m
[0;32mI (286) u8g2_hal: clk_speed 50000[0m
[0;32mI (286) u8g2_hal: i2c_param_config 1[0m
[0;32mI (296) u8g2_hal: i2c_driver_install 1[0m
[1;31mE (596) err: esp_err_t = -1[0m

assert failed: u8g2_esp32_i2c_byte_cb u8g2_esp32_hal.c:179 (0 && "i2c_master_cmd_begin(I2C_MASTER_NUM, handle_i2c, pdMS_TO_TICKS(I2C_TIMEOUT_MS))")


Backtrace: 0x4037a515:0x3fceb5d0 0x4037a4dd:0x3fceb5f0 0x40381199:0x3fceb610 0x420099b6:0x3fceb730 0x420184dd:0x3fceb770 0x4200a3ff:0x3fceb790 0x4200a375:0x3fceb7b0 0x4200a6c5:0x3fceb7e0 0x420183a9:0x3fceb800 0x42009632:0x3fceb820 0x4037b125:0x3fceb8f0




ELF file SHA256: 33e057ffb

Rebooting...
ESP-ROM:esp32s3-20210327
Build:Mar 27 2021
rst:0xc (RTC_SW_CPU_RST),boot:0x2b (SPI_FAST_FLASH_BOOT)
Saved PC:0x4037a664
SPIWP:0xee
mode:DIO, clock div:1
load:0x3fce2820,len:0x14f0
load:0x403c8700,len:0xd24
load:0x403cb700,len:0x2ef0
entry 0x403c8924
[0;32mI (24) boot: ESP-IDF v5.5.3-dirty 2nd stage bootloader[0m
[0;32mI (24) boot: compile time Mar 23 2026 20:56:51[0m
[0;32mI (24) boot: Multicore bootloader[0m
[0;32mI (25) boot: chip revision: v0.2[0m
[0;32mI (28) boot: efuse block revision: v1.3[0m
[0;32mI (31) boot.esp32s3: Boot SPI Speed : 80MHz[0m
[0;32mI (35) boot.esp32s3: SPI Mode       : DIO[0m
[0;32mI (39) boot.esp32s3: SPI Flash Size : 2MB[0m
[0;32mI (43) boot: Enabling RNG early entropy source...[0m
[0;32mI (47) boot: Partition Table:[0m
[0;32mI (50) boot: ## Label            Usage          Type ST Offset   Length[0m
[0;32mI (56) boot:  0 nvs              WiFi data        01 02 00009000 00006000[0m
[0;32mI (62) boot:  1 phy_init         RF data          01 01 0000f000 00001000[0m
[0;32mI (69) boot:  2 factory          factory app      00 00 00010000 00100000[0m
[0;32mI (76) boot: End of partition table[0m
[0;32mI (79) esp_image: segment 0: paddr=00010020 vaddr=3c020020 size=0b8c4h ( 47300) map[0m
[0;32mI (95) esp_image: segment 1: paddr=0001b8ec vaddr=3fc93800 size=02f30h ( 12080) load[0m
[0;32mI (97) esp_image: segment 2: paddr=0001e824 vaddr=40374000 size=017f4h (  6132) load[0m
[0;32mI (102) esp_image: segment 3: paddr=00020020 vaddr=42000020 size=1a86ch (108652) map[0m
[0;32mI (128) esp_image: segment 4: paddr=0003a894 vaddr=403757f4 size=0df70h ( 57200) load[0m
[0;32mI (141) esp_image: segment 5: paddr=0004880c vaddr=50000000 size=00020h (    32) load[0m
[0;32mI (147) boot: Loaded app from partition at offset 0x10000[0m
[0;32mI (147) boot: Disabling RNG early entropy source...[0m
[0;32mI (158) cpu_start: Multicore app[0m
[0;32mI (167) cpu_start: GPIO 44 and 43 are used as console UART I/O pins[0m
[0;32mI (168) cpu_start: Pro cpu start user code[0m
[0;32mI (168) cpu_start: cpu freq: 160000000 Hz[0m
[0;32mI (169) app_init: Application information:[0m
[0;32mI (173) app_init: Project name:     proyecto_micro_algas[0m
[0;32mI (178) app_init: App version:      b08c579-dirty[0m
[0;32mI (182) app_init: Compile time:     Mar 24 2026 17:39:58[0m
[0;32mI (187) app_init: ELF file SHA256:  33e057ffb...[0m
[0;32mI (192) app_init: ESP-IDF:          v5.5.3-dirty[0m
[0;32mI (196) efuse_init: Min chip rev:     v0.0[0m
[0;32mI (200) efuse_init: Max chip rev:     v0.99 [0m
[0;32mI (204) efuse_init: Chip rev:         v0.2[0m
[0;32mI (208) heap_init: Initializing. RAM available for dynamic allocation:[0m
[0;32mI (214) heap_init: At 3FC97470 len 000522A0 (328 KiB): RAM[0m
[0;32mI (219) heap_init: At 3FCE9710 len 00005724 (21 KiB): RAM[0m
[0;32mI (224) heap_init: At 3FCF0000 len 00008000 (32 KiB): DRAM[0m
[0;32mI (229) heap_init: At 600FE000 len 00001FE8 (7 KiB): RTCRAM[0m
[0;32mI (236) spi_flash: detected chip: gd[0m
[0;32mI (238) spi_flash: flash io: dio[0m
[0;33mW (241) spi_flash: Detected size(16384k) larger than the size in the binary image header(2048k). Using the size in the binary image header.[0m
[0;33mW (253) i2c: This driver is an old driver, please migrate your application code to adapt `driver/i2c_master.h`[0m
[0;32mI (263) sleep_gpio: Configure to isolate all GPIO pins in sleep state[0m
[0;32mI (269) sleep_gpio: Enable automatic switching of GPIO sleep configuration[0m
[0;32mI (276) main_task: Started on CPU0[0m
[0;32mI (286) main_task: Calling app_main()[0m
[0;32mI (286) u8g2_hal: sda_io_num 11[0m
[0;32mI (286) u8g2_hal: scl_io_num 12[0m
[0;32mI (286) u8g2_hal: clk_speed 50000[0m
[0;32mI (286) u8g2_hal: i2c_param_config 1[0m
[0;32mI (296) u8g2_hal: i2c_driver_install 1[0m
[1;31mE (596) err: esp_err_t = -1[0m

assert failed: u8g2_esp32_i2c_byte_cb u8g2_esp32_hal.c:179 (0 && "i2c_master_cmd_begin(I2C_MASTER_NUM, handle_i2c, pdMS_TO_TICKS(I2C_TIMEOUT_MS))")


Backtrace: 0x4037a515:0x3fceb5d0 0x4037a4dd:0x3fceb5f0 0x40381199:0x3fceb610 0x420099b6:0x3fceb730 0x420184dd:0x3fceb770 0x4200a3ff:0x3fceb790 0x4200a375:0x3fceb7b0 0x4200a6c5:0x3fceb7e0 0x420183a9:0x3fceb800 0x42009632:0x3fceb820 0x4037b125:0x3fceb8f0




ELF file SHA256: 33e057ffb

Rebooting...
ESP-ROM:esp32s3-20210327
Build:Mar 27 2021
rst:0xc (RTC_SW_CPU_RST),boot:0x2b (SPI_FAST_FLASH_BOOT)
Saved PC:0x4037a664
SPIWP:0xee
mode:DIO, clock div:1
load:0x3fce2820,len:0x14f0
load:0x403c8700,len:0xd24
load:0x403cb700,len:0x2ef0
entry 0x403c8924
[0;32mI (24) boot: ESP-IDF v5.5.3-dirty 2nd stage bootloader[0m
[0;32mI (24) boot: compile time Mar 23 2026 20:56:51[0m
[0;32mI (24) boot: Multicore bootloader[0m
[0;32mI (25) boot: chip revision: v0.2[0m
[0;32mI (28) boot: efuse block revision: v1.3[0m
[0;32mI (31) boot.esp32s3: Boot SPI Speed : 80MHz[0m
[0;32mI (35) boot.esp32s3: SPI Mode       : DIO[0m
[0;32mI (39) boot.esp32s3: SPI Flash Size : 2MB[0m
[0;32mI (43) boot: Enabling RNG early entropy source...[0m
[0;32mI (47) boot: Partition Table:[0m
[0;32mI (50) boot: ## Label            Usage          Type ST Offset   Length[0m
