Command: C:\Users\luisd\.espressif\python_env\idf5.5_py3.13_env\Scripts\python.exe C:\espressif\esp-idf-v5.5.3\tools/idf_monitor.py -p COM4 -b 115200 --toolchain-prefix xtensa-esp32s3-elf- --target esp32s3 --revision 0 C:\Personal\Codes\Code\C\esp-idf\EmbeddedSystemsRobotin\proyecto_micro_algas\build\proyecto_micro_algas.elf C:\Personal\Codes\Code\C\esp-idf\EmbeddedSystemsRobotin\proyecto_micro_algas\build\bootloader\bootloader.elf --force-color -m 'C:\Users\luisd\.espressif\python_env\idf5.5_py3.13_env\Scripts\python.exe' 'C:\espressif\esp-idf-v5.5.3\tools\idf.py'
ESP-ROM:esp32s3-20210327
Build:Mar 27 2021
rst:0x15 (USB_UART_CHIP_RESET),boot:0x8 (SPI_FAST_FLASH_BOOT)
Saved PC:0x40377f72
SPIWP:0xee
mode:DIO, clock div:1
load:0x3fce2820,len:0x14f0
load:0x403c8700,len:0xd24
load:0x403cb700,len:0x2ef0
entry 0x403c8924
[0;32mI (24) boot: ESP-IDF v5.5.3-dirty 2nd stage bootloader[0m
[0;32mI (24) boot: compile time Mar 23 2026 20:56:51[0m
[0;32mI (25) boot: Multicore bootloader[0m
[0;32mI (25) boot: chip revision: v0.2[0m
[0;32mI (28) boot: efuse block revision: v1.3[0m
[0;32mI (32) boot.esp32s3: Boot SPI Speed : 80MHz[0m
[0;32mI (35) boot.esp32s3: SPI Mode       : DIO[0m
[0;32mI (39) boot.esp32s3: SPI Flash Size : 2MB[0m
[0;32mI (43) boot: Enabling RNG early entropy source...[0m
[0;32mI (47) boot: Partition Table:[0m
[0;32mI (50) boot: ## Label            Usage          Type ST Offset   Length[0m
[0;32mI (56) boot:  0 nvs              WiFi data        01 02 00009000 00006000[0m
[0;32mI (63) boot:  1 phy_init         RF data          01 01 0000f000 00001000[0m
[0;32mI (69) boot:  2 factory          factory app      00 00 00010000 00100000[0m
[0;32mI (76) boot: End of partition table[0m
[0;32mI (79) esp_image: segment 0: paddr=00010020 vaddr=3c020020 size=0c164h ( 49508) map[0m
[0;32mI (95) esp_image: segment 1: paddr=0001c18c vaddr=3fc93800 size=02fc0h ( 12224) load[0m
[0;32mI (98) esp_image: segment 2: paddr=0001f154 vaddr=40374000 size=00ec4h (  3780) load[0m
[0;32mI (102) esp_image: segment 3: paddr=00020020 vaddr=42000020 size=1c2c0h (115392) map[0m
[0;32mI (129) esp_image: segment 4: paddr=0003c2e8 vaddr=40374ec4 size=0e8fch ( 59644) load[0m
[0;32mI (143) esp_image: segment 5: paddr=0004abec vaddr=50000000 size=00020h (    32) load[0m
[0;32mI (149) boot: Loaded app from partition at offset 0x10000[0m
[0;32mI (149) boot: Disabling RNG early entropy source...[0m
[0;32mI (160) cpu_start: Multicore app[0m
[0;32mI (169) cpu_start: GPIO 44 and 43 are used as console UART I/O pins[0m
[0;32mI (170) cpu_start: Pro cpu start user code[0m
[0;32mI (170) cpu_start: cpu freq: 160000000 Hz[0m
[0;32mI (171) app_init: Application information:[0m
[0;32mI (175) app_init: Project name:     proyecto_micro_algas[0m
[0;32mI (180) app_init: App version:      b08c579-dirty[0m
[0;32mI (184) app_init: Compile time:     Mar 24 2026 17:39:58[0m
[0;32mI (190) app_init: ELF file SHA256:  4346ea988...[0m
[0;32mI (194) app_init: ESP-IDF:          v5.5.3-dirty[0m
[0;32mI (198) efuse_init: Min chip rev:     v0.0[0m
[0;32mI (202) efuse_init: Max chip rev:     v0.99 [0m
[0;32mI (206) efuse_init: Chip rev:         v0.2[0m
[0;32mI (210) heap_init: Initializing. RAM available for dynamic allocation:[0m
[0;32mI (216) heap_init: At 3FC97530 len 000521E0 (328 KiB): RAM[0m
[0;32mI (221) heap_init: At 3FCE9710 len 00005724 (21 KiB): RAM[0m
[0;32mI (226) heap_init: At 3FCF0000 len 00008000 (32 KiB): DRAM[0m
[0;32mI (232) heap_init: At 600FE000 len 00001FE8 (7 KiB): RTCRAM[0m
[0;32mI (238) spi_flash: detected chip: gd[0m
[0;32mI (240) spi_flash: flash io: dio[0m
[0;33mW (243) spi_flash: Detected size(16384k) larger than the size in the binary image header(2048k). Using the size in the binary image header.[0m
[0;33mW (255) i2c: This driver is an old driver, please migrate your application code to adapt `driver/i2c_master.h`[0m
[0;33mW (265) ADC: legacy driver is deprecated, please migrate to `esp_adc/adc_oneshot.h`[0m
[0;32mI (273) sleep_gpio: Configure to isolate all GPIO pins in sleep state[0m
[0;32mI (279) sleep_gpio: Enable automatic switching of GPIO sleep configuration[0m
[0;32mI (286) main_task: Started on CPU0[0m
[0;32mI (296) main_task: Calling app_main()[0m
[0;32mI (296) u8g2_hal: sda_io_num 11[0m
[0;32mI (296) u8g2_hal: scl_io_num 12[0m
[0;32mI (296) u8g2_hal: clk_speed 50000[0m
[0;32mI (296) u8g2_hal: i2c_param_config 1[0m
Voltaje: 0.009668
[0;32mI (306) u8g2_hal: i2c_driver_install 1[0m
Voltaje: 0.000000
Voltaje: 0.000000
Voltaje: 0.000000
Voltaje: 0.000000
Voltaje: 0.000000
Voltaje: 0.000000
Voltaje: 0.000000
Voltaje: 0.000000
Voltaje: 0.000000
Voltaje: 0.000000
Voltaje: 0.013696
Voltaje: 0.000000
Voltaje: 0.004834
Voltaje: 0.000000
Voltaje: 0.001611
Voltaje: 0.000000
Voltaje: 0.000000
Voltaje: 0.000000
Voltaje: 0.000000
Voltaje: 0.000000
Voltaje: 0.000000
Voltaje: 0.000000
Voltaje: 0.000000
Voltaje: 0.000000
Voltaje: 0.000000
Voltaje: 0.000000
Voltaje: 0.000000
Voltaje: 0.000000
Voltaje: 0.000000
Voltaje: 0.000000
Voltaje: 0.000000
Voltaje: 0.000000
Voltaje: 0.006445
Voltaje: 0.000000
Voltaje: 0.000000
Voltaje: 0.003223
Voltaje: 0.000000
Voltaje: 0.000000
Voltaje: 0.000000
Voltaje: 0.000000
Voltaje: 0.000000
Voltaje: 0.000000
Voltaje: 0.000000
Voltaje: 0.000000
Voltaje: 0.024170
Voltaje: 0.018530
Voltaje: 0.000000
Voltaje: 0.007251
Voltaje: 0.000806
Voltaje: 0.017725
Voltaje: 0.000806
Voltaje: 0.000000
Voltaje: 0.000000
Voltaje: 0.482593
Voltaje: 0.047534
Voltaje: 0.034644
Voltaje: 0.029004
Voltaje: 0.014502
Voltaje: 0.057202
Voltaje: 0.024170
Voltaje: 0.063647
Voltaje: 0.062842
Voltaje: 0.084595
Voltaje: 0.013696
Voltaje: 0.044312
Voltaje: 0.047534
Voltaje: 0.010474
Voltaje: 0.023364
Voltaje: 0.049146
Voltaje: 0.047534
Voltaje: 0.041895
Voltaje: 0.058813
Voltaje: 0.027393
Voltaje: 0.037866
Voltaje: 0.029004
Voltaje: 0.041089
Voltaje: 0.070898
Voltaje: 0.066870
Voltaje: 0.021753
Voltaje: 0.055591
Voltaje: 0.000000
Voltaje: 0.041895
Voltaje: 0.017725
Voltaje: 0.000806
Voltaje: 0.016113
Voltaje: 0.000000
Voltaje: 0.005640
Voltaje: 0.000000
Voltaje: 0.045117
Voltaje: 0.000000
Voltaje: 0.021753
Voltaje: 0.000000
Voltaje: 0.010474
Voltaje: 0.024170
Voltaje: 0.042700
Voltaje: 0.021753
Voltaje: 0.017725
Voltaje: 0.024170
Voltaje: 0.028198
Voltaje: 0.015308
Voltaje: 0.041089
Voltaje: 0.008057
Voltaje: 0.000000
Voltaje: 0.000000
Voltaje: 0.466479
Voltaje: 0.013696
Voltaje: 0.020142
Voltaje: 0.015308
Voltaje: 0.032227
Voltaje: 0.042700
Voltaje: 0.003223
Voltaje: 0.042700
Voltaje: 0.041895
Voltaje: 0.059619
Voltaje: 0.010474
Voltaje: 0.057202
Voltaje: 0.488232
Voltaje: 0.029810
Voltaje: 0.036255
Voltaje: 0.024976
Voltaje: 0.051562
Voltaje: 0.057202
Voltaje: 0.062842
Voltaje: 0.000000
Voltaje: 0.066870
Voltaje: 0.002417
Voltaje: 0.046729
Voltaje: 0.054785
Voltaje: 0.064453
Voltaje: 0.043506
Voltaje: 0.058813
Voltaje: 0.013696
Voltaje: 0.033032
Voltaje: 0.029004
Voltaje: 0.042700
Voltaje: 0.029810
Voltaje: 0.000000
Voltaje: 0.028198
Voltaje: 0.044312
Voltaje: 0.035449
Voltaje: 0.010474
Voltaje: 0.049146
Voltaje: 0.033032
Voltaje: 0.071704
Voltaje: 0.057202
Voltaje: 0.041089
Voltaje: 0.016919
Voltaje: 0.054785
Voltaje: 0.028198
Voltaje: 0.021753
Voltaje: 0.492261
Voltaje: 0.008057
Voltaje: 0.007251
Voltaje: 0.000000
Voltaje: 0.041895
Voltaje: 0.005640
Voltaje: 0.045117
Voltaje: 0.002417
Voltaje: 0.031421
Voltaje: 0.001611
Voltaje: 0.003223
Voltaje: 0.008057
Voltaje: 0.017725
Voltaje: 0.000000
Voltaje: 0.000000
Voltaje: 0.000000
Voltaje: 0.000000
Voltaje: 0.021753
Voltaje: 0.020142
Voltaje: 0.000000
Voltaje: 0.000000
Voltaje: 0.000000
Voltaje: 0.000000
Voltaje: 0.000000
Voltaje: 0.000000
Voltaje: 0.000000
Voltaje: 0.000000
Voltaje: 0.000000
Voltaje: 0.000000
Voltaje: 0.000000
Voltaje: 0.000000
Voltaje: 0.000000
Voltaje: 0.002417
Voltaje: 0.000000
Voltaje: 0.000000
Voltaje: 0.000000
Voltaje: 0.000000
Voltaje: 0.000000
Voltaje: 0.000806
Voltaje: 0.000000
Voltaje: 0.000000
Voltaje: 0.000000
Voltaje: 0.000000
Voltaje: 0.000000
Voltaje: 0.000000
Voltaje: 0.000806
Voltaje: 0.000000
Voltaje: 0.007251
Voltaje: 0.000000
Voltaje: 0.000000
Voltaje: 0.007251
